mysql> show databases;
+--------------------+
| Database           |
+--------------------+
| information_schema |
| bakery_app         |
| books_db           |
| cats_app           |
| dogs_app           |
| ig_clone           |
| join_us            |
| mysql              |
| performance_schema |
| shirts_db          |
| students_db        |
| sys                |
| trigger_demo       |
| tv_reviews_app     |
+--------------------+
14 rows in set (0.02 sec)

mysql> use ig_clone;
Reading table information for completion of table and column names
You can turn off this feature to get a quicker startup with -A

Database changed
mysql> select * from follows WHERE follower_id = followee_id;
+-------------+-------------+---------------------+
| follower_id | followee_id | created_at          |
+-------------+-------------+---------------------+
|           5 |           5 | 2022-02-21 07:18:01 |
+-------------+-------------+---------------------+
1 row in set (0.00 sec)

mysql> select DELETE from follows WHERE follower_id = followee_id;
ERROR 1064 (42000): You have an error in your SQL syntax; check the manual that corresponds to your MySQL server version for the right syntax to use near 'DELETE from follows WHERE follower_id = followee_id' at line 1
mysql> DELETE from follows WHERE follower_id = followee_id;
Query OK, 1 row affected (0.02 sec)

mysql> select * from follows WHERE follower_id = followee_id;
Empty set (0.01 sec)

mysql> source ig_trigger.sql
ERROR 1146 (42S02): Table 'ig_clone.folows' doesn't exist
mysql> source ig_trigger.sql
Query OK, 0 rows affected (0.01 sec)

mysql> INSERT INTO follows (follower_id,followee_id) VALUES(5,5);
ERROR 1644 (45000): You can"t follow yourself!
mysql> slect 'Again, a trigger nicely working!' as note;
ERROR 1064 (42000): You have an error in your SQL syntax; check the manual that corresponds to your MySQL server version for the right syntax to use near 'slect 'Again, a trigger nicely working!' as note' at line 1
mysql> select 'Again, a trigger nicely working!' as note;
+----------------------------------+
| note                             |
+----------------------------------+
| Again, a trigger nicely working! |
+----------------------------------+
1 row in set (0.00 sec)

mysql> INSERT INTO follows (follower_id,followee_id) VALUES(15,15);
ERROR 1644 (45000): You can"t follow yourself!
mysql> show triggers;
+---------------------+--------+---------+-------------------------------------------------------------------------------------------------------------------------------------------------------------------------------------------------+--------+------------------------+----------------------------------------------------------------------------------------------------+----------------+----------------------+----------------------+--------------------+
| Trigger             | Event  | Table   | Statement                                                                                                                                                                                       | Timing | Created                | sql_mode                                                                                           | Definer        | character_set_client | collation_connection | Database Collation |
+---------------------+--------+---------+-------------------------------------------------------------------------------------------------------------------------------------------------------------------------------------------------+--------+------------------------+----------------------------------------------------------------------------------------------------+----------------+----------------------+----------------------+--------------------+
| prevent_self_follow | INSERT | follows | BEGIN
        IF NEW.follower_id = NEW.followee_id
        THEN
            SIGNAL SQLSTATE '45000'
                   SET MESSAGE_TEXT = 'You can"t follow yourself!';
        END IF;
    END | BEFORE | 2022-02-21 07:30:29.11 | NO_ZERO_IN_DATE,NO_ZERO_DATE,ERROR_FOR_DIVISION_BY_ZERO,NO_AUTO_CREATE_USER,NO_ENGINE_SUBSTITUTION | root@localhost | utf8                 | utf8_general_ci      | latin1_swedish_ci  |
+---------------------+--------+---------+-------------------------------------------------------------------------------------------------------------------------------------------------------------------------------------------------+--------+------------------------+----------------------------------------------------------------------------------------------------+----------------+----------------------+----------------------+--------------------+
1 row in set (0.00 sec)

mysql> select ' when want to delete a trigger use DROP sysntax as usual' as note;
+----------------------------------------------------------+
| note                                                     |
+----------------------------------------------------------+
|  when want to delete a trigger use DROP sysntax as usual |
+----------------------------------------------------------+
1 row in set (0.00 sec)

mysql> select 'WARNING: Triggers can make debugging hard!!' as note;
+---------------------------------------------+
| note                                        |
+---------------------------------------------+
| WARNING: Triggers can make debugging hard!! |
+---------------------------------------------+
1 row in set (0.00 sec)

mysql> select 'Done quick course review! Won"t do the trigger for updating ig  unfollow stuff. May never do things like that in real life. Plus, these things could be done better on the client side.' as note;
+-----------------------------------------------------------------------------------------------------------------------------------------------------------------------------------------+
| note                                                                                                                                                                                    |
+-----------------------------------------------------------------------------------------------------------------------------------------------------------------------------------------+
| Done quick course review! Won"t do the trigger for updating ig  unfollow stuff. May never do things like that in real life. Plus, these things could be done better on the client side. |
+-----------------------------------------------------------------------------------------------------------------------------------------------------------------------------------------+
1 row in set (0.00 sec)

mysql> show databases;
+--------------------+
| Database           |
+--------------------+
| information_schema |
| bakery_app         |
| books_db           |
| cats_app           |
| dogs_app           |
| ig_clone           |
| join_us            |
| mysql              |
| performance_schema |
| shirts_db          |
| students_db        |
| sys                |
| trigger_demo       |
| tv_reviews_app     |
+--------------------+
14 rows in set (0.00 sec)

mysql> use performance_schema;
Reading table information for completion of table and column names
You can turn off this feature to get a quicker startup with -A

Database changed
mysql> show tables;
+------------------------------------------------------+
| Tables_in_performance_schema                         |
+------------------------------------------------------+
| accounts                                             |
| cond_instances                                       |
| events_stages_current                                |
| events_stages_history                                |
| events_stages_history_long                           |
| events_stages_summary_by_account_by_event_name       |
| events_stages_summary_by_host_by_event_name          |
| events_stages_summary_by_thread_by_event_name        |
| events_stages_summary_by_user_by_event_name          |
| events_stages_summary_global_by_event_name           |
| events_statements_current                            |
| events_statements_history                            |
| events_statements_history_long                       |
| events_statements_summary_by_account_by_event_name   |
| events_statements_summary_by_digest                  |
| events_statements_summary_by_host_by_event_name      |
| events_statements_summary_by_program                 |
| events_statements_summary_by_thread_by_event_name    |
| events_statements_summary_by_user_by_event_name      |
| events_statements_summary_global_by_event_name       |
| events_transactions_current                          |
| events_transactions_history                          |
| events_transactions_history_long                     |
| events_transactions_summary_by_account_by_event_name |
| events_transactions_summary_by_host_by_event_name    |
| events_transactions_summary_by_thread_by_event_name  |
| events_transactions_summary_by_user_by_event_name    |
| events_transactions_summary_global_by_event_name     |
| events_waits_current                                 |
| events_waits_history                                 |
| events_waits_history_long                            |
| events_waits_summary_by_account_by_event_name        |
| events_waits_summary_by_host_by_event_name           |
| events_waits_summary_by_instance                     |
| events_waits_summary_by_thread_by_event_name         |
| events_waits_summary_by_user_by_event_name           |
| events_waits_summary_global_by_event_name            |
| file_instances                                       |
| file_summary_by_event_name                           |
| file_summary_by_instance                             |
| global_status                                        |
| global_variables                                     |
| host_cache                                           |
| hosts                                                |
| memory_summary_by_account_by_event_name              |
| memory_summary_by_host_by_event_name                 |
| memory_summary_by_thread_by_event_name               |
| memory_summary_by_user_by_event_name                 |
| memory_summary_global_by_event_name                  |
| metadata_locks                                       |
| mutex_instances                                      |
| objects_summary_global_by_type                       |
| performance_timers                                   |
| prepared_statements_instances                        |
| replication_applier_configuration                    |
| replication_applier_status                           |
| replication_applier_status_by_coordinator            |
| replication_applier_status_by_worker                 |
| replication_connection_configuration                 |
| replication_connection_status                        |
| replication_group_member_stats                       |
| replication_group_members                            |
| rwlock_instances                                     |
| session_account_connect_attrs                        |
| session_connect_attrs                                |
| session_status                                       |
| session_variables                                    |
| setup_actors                                         |
| setup_consumers                                      |
| setup_instruments                                    |
| setup_objects                                        |
| setup_timers                                         |
| socket_instances                                     |
| socket_summary_by_event_name                         |
| socket_summary_by_instance                           |
| status_by_account                                    |
| status_by_host                                       |
| status_by_thread                                     |
| status_by_user                                       |
| table_handles                                        |
| table_io_waits_summary_by_index_usage                |
| table_io_waits_summary_by_table                      |
| table_lock_waits_summary_by_table                    |
| threads                                              |
| user_variables_by_thread                             |
| users                                                |
| variables_by_thread                                  |
+------------------------------------------------------+
87 rows in set (0.00 sec)

mysql> show databases;
+--------------------+
| Database           |
+--------------------+
| information_schema |
| bakery_app         |
| books_db           |
| cats_app           |
| dogs_app           |
| ig_clone           |
| join_us            |
| mysql              |
| performance_schema |
| shirts_db          |
| students_db        |
| sys                |
| trigger_demo       |
| tv_reviews_app     |
+--------------------+
14 rows in set (0.00 sec)

