mysql> show databases;
+--------------------+
| Database           |
+--------------------+
| information_schema |
| bakery_app         |
| cats_app           |
| mysql              |
| performance_schema |
| sys                |
+--------------------+
6 rows in set (0.10 sec)

mysql> use cats_app
Reading table information for completion of table and column names
You can turn off this feature to get a quicker startup with -A

Database changed
mysql> show tables;
+--------------------+
| Tables_in_cats_app |
+--------------------+
| cats               |
| people             |
+--------------------+
2 rows in set (0.00 sec)

mysql> slect * from people;
ERROR 1064 (42000): You have an error in your SQL syntax; check the manual that corresponds to your MySQL server version for the right syntax to use near 'slect * from people' at line 1
mysql> select * from people;
+------------+-----------+------+
| first_name | last_name | age  |
+------------+-----------+------+
| bob        | belcher   |   42 |
| linda      | blecher   |   45 |
| phillip    | frond     |   38 |
| linda      | blecher   |   45 |
| phillip    | frond     |   38 |
| calvin     | fish      |   70 |
+------------+-----------+------+
6 rows in set (0.00 sec)

mysql> notee my_session_log.txt
    -> ;
ERROR 1064 (42000): You have an error in your SQL syntax; check the manual that corresponds to your MySQL server version for the right syntax to use near 'notee my_session_log.txt' at line 1
mysql> exit
mysql> show databses;
ERROR 1064 (42000): You have an error in your SQL syntax; check the manual that corresponds to your MySQL server version for the right syntax to use near 'databses' at line 1
mysql> show databases;
+--------------------+
| Database           |
+--------------------+
| information_schema |
| bakery_app         |
| cats_app           |
| mysql              |
| performance_schema |
| sys                |
+--------------------+
6 rows in set (0.08 sec)

mysql> drop table people;
ERROR 1046 (3D000): No database selected
mysql> show databases;
+--------------------+
| Database           |
+--------------------+
| information_schema |
| bakery_app         |
| cats_app           |
| mysql              |
| performance_schema |
| sys                |
+--------------------+
6 rows in set (0.05 sec)

mysql> use cats_app
Reading table information for completion of table and column names
You can turn off this feature to get a quicker startup with -A

Database changed
mysql> drop table people;
Query OK, 0 rows affected (0.05 sec)

mysql> show tables;
+--------------------+
| Tables_in_cats_app |
+--------------------+
| cats               |
+--------------------+
1 row in set (0.00 sec)

mysql> desc cats
    -> ;
+-------+-------------+------+-----+---------+-------+
| Field | Type        | Null | Key | Default | Extra |
+-------+-------------+------+-----+---------+-------+
| name  | varchar(50) | YES  |     | NULL    |       |
| age   | int(11)     | YES  |     | NULL    |       |
+-------+-------------+------+-----+---------+-------+
2 rows in set (0.01 sec)

mysql> show warnings;
Empty set (0.00 sec)

mysql> insert into cats(name, aga) values('meow', 'wrong dtype')
    -> ;
ERROR 1054 (42S22): Unknown column 'aga' in 'field list'
mysql> insert into cats(name, age) values('meow', 'wrong dtype')
    -> ;
Query OK, 1 row affected, 1 warning (0.01 sec)

mysql> show warnings;
+---------+------+------------------------------------------------------------------+
| Level   | Code | Message                                                          |
+---------+------+------------------------------------------------------------------+
| Warning | 1366 | Incorrect integer value: 'wrong dtype' for column 'age' at row 1 |
+---------+------+------------------------------------------------------------------+
1 row in set (0.00 sec)

mysql> select * from cats;
+--------+------+
| name   | age  |
+--------+------+
| Blue   |    1 |
| xx     |   11 |
| peanut |    2 |
| jelly  |    3 |
| miki   |   99 |
| meow   |    0 |
+--------+------+
6 rows in set (0.00 sec)

mysql> desc cats;
+-------+-------------+------+-----+---------+-------+
| Field | Type        | Null | Key | Default | Extra |
+-------+-------------+------+-----+---------+-------+
| name  | varchar(50) | YES  |     | NULL    |       |
| age   | int(11)     | YES  |     | NULL    |       |
+-------+-------------+------+-----+---------+-------+
2 rows in set (0.00 sec)

mysql> insert into cats(name) values('fish');
Query OK, 1 row affected (0.00 sec)

mysql> desc cats;
+-------+-------------+------+-----+---------+-------+
| Field | Type        | Null | Key | Default | Extra |
+-------+-------------+------+-----+---------+-------+
| name  | varchar(50) | YES  |     | NULL    |       |
| age   | int(11)     | YES  |     | NULL    |       |
+-------+-------------+------+-----+---------+-------+
2 rows in set (0.00 sec)

mysql> select * from cats;
+--------+------+
| name   | age  |
+--------+------+
| Blue   |    1 |
| xx     |   11 |
| peanut |    2 |
| jelly  |    3 |
| miki   |   99 |
| meow   |    0 |
| fish   | NULL |
+--------+------+
7 rows in set (0.00 sec)

mysql> insert into cats(name) values();
ERROR 1136 (21S01): Column count doesn't match value count at row 1
mysql> insert into cats() values();
Query OK, 1 row affected (0.05 sec)

mysql> select * from cats;
+--------+------+
| name   | age  |
+--------+------+
| Blue   |    1 |
| xx     |   11 |
| peanut |    2 |
| jelly  |    3 |
| miki   |   99 |
| meow   |    0 |
| fish   | NULL |
| NULL   | NULL |
+--------+------+
8 rows in set (0.00 sec)

mysql> create table cats2( name varchar(100) not null, age int not null);
Query OK, 0 rows affected (0.07 sec)

mysql> show tables;
+--------------------+
| Tables_in_cats_app |
+--------------------+
| cats               |
| cats2              |
+--------------------+
2 rows in set (0.00 sec)

mysql> insert into cats2() values();
Query OK, 1 row affected, 2 warnings (0.01 sec)

mysql> show warnings;
+---------+------+-------------------------------------------+
| Level   | Code | Message                                   |
+---------+------+-------------------------------------------+
| Warning | 1364 | Field 'name' doesn't have a default value |
| Warning | 1364 | Field 'age' doesn't have a default value  |
+---------+------+-------------------------------------------+
2 rows in set (0.00 sec)

mysql> select * from cats2;
+------+-----+
| name | age |
+------+-----+
|      |   0 |
+------+-----+
1 row in set (0.00 sec)

mysql> desc cats2;
+-------+--------------+------+-----+---------+-------+
| Field | Type         | Null | Key | Default | Extra |
+-------+--------------+------+-----+---------+-------+
| name  | varchar(100) | NO   |     | NULL    |       |
| age   | int(11)      | NO   |     | NULL    |       |
+-------+--------------+------+-----+---------+-------+
2 rows in set (0.00 sec)

mysql> 
mysql> 
mysql> 
mysql> 
mysql> 
mysql> 
mysql> create table cats3( name varchar(100) default 'unnamed', age int default 99);
Query OK, 0 rows affected (0.10 sec)

mysql> desc cats3;
+-------+--------------+------+-----+---------+-------+
| Field | Type         | Null | Key | Default | Extra |
+-------+--------------+------+-----+---------+-------+
| name  | varchar(100) | YES  |     | unnamed |       |
| age   | int(11)      | YES  |     | 99      |       |
+-------+--------------+------+-----+---------+-------+
2 rows in set (0.00 sec)

mysql> insert into cats3(age) values(13);
Query OK, 1 row affected (0.01 sec)

mysql> selct * from cats3;
ERROR 1064 (42000): You have an error in your SQL syntax; check the manual that corresponds to your MySQL server version for the right syntax to use near 'selct * from cats3' at line 1
mysql> select * from cats3;
+---------+------+
| name    | age  |
+---------+------+
| unnamed |   13 |
+---------+------+
1 row in set (0.00 sec)

mysql> create table cats4( name varchar(100) not null default 'unnamed', age nut null default 99);
ERROR 1064 (42000): You have an error in your SQL syntax; check the manual that corresponds to your MySQL server version for the right syntax to use near 'nut null default 99)' at line 1
mysql> create table cats4( name varchar(100) not null default 'unnamed', age int not null default 99);
Query OK, 0 rows affected (0.06 sec)

mysql> desc cats4;
+-------+--------------+------+-----+---------+-------+
| Field | Type         | Null | Key | Default | Extra |
+-------+--------------+------+-----+---------+-------+
| name  | varchar(100) | NO   |     | unnamed |       |
| age   | int(11)      | NO   |     | 99      |       |
+-------+--------------+------+-----+---------+-------+
2 rows in set (0.00 sec)

mysql> desc cats3;
+-------+--------------+------+-----+---------+-------+
| Field | Type         | Null | Key | Default | Extra |
+-------+--------------+------+-----+---------+-------+
| name  | varchar(100) | YES  |     | unnamed |       |
| age   | int(11)      | YES  |     | 99      |       |
+-------+--------------+------+-----+---------+-------+
2 rows in set (0.00 sec)

mysql> insert into cats3(name,age) values('ageless cat', NULL);
Query OK, 1 row affected (0.01 sec)

mysql> SELECT * FROM cats3;
+-------------+------+
| name        | age  |
+-------------+------+
| unnamed     |   13 |
| ageless cat | NULL |
+-------------+------+
2 rows in set (0.00 sec)

mysql> insert into cats4(name,age) values('ageless cat', NULL);
ERROR 1048 (23000): Column 'age' cannot be null
mysql> desc cats4;
+-------+--------------+------+-----+---------+-------+
| Field | Type         | Null | Key | Default | Extra |
+-------+--------------+------+-----+---------+-------+
| name  | varchar(100) | NO   |     | unnamed |       |
| age   | int(11)      | NO   |     | 99      |       |
+-------+--------------+------+-----+---------+-------+
2 rows in set (0.00 sec)

mysql> insert into cats4(name,age) values('can't have null age', 88);
    '> ;
    '> ^C
mysql> insert into cats4(name,age) values('cannot have null age', 88);
Query OK, 1 row affected (0.00 sec)

mysql> desc cats4;
+-------+--------------+------+-----+---------+-------+
| Field | Type         | Null | Key | Default | Extra |
+-------+--------------+------+-----+---------+-------+
| name  | varchar(100) | NO   |     | unnamed |       |
| age   | int(11)      | NO   |     | 99      |       |
+-------+--------------+------+-----+---------+-------+
2 rows in set (0.00 sec)

mysql> SELECT * FROM cats4;
+----------------------+-----+
| name                 | age |
+----------------------+-----+
| cannot have null age |  88 |
+----------------------+-----+
1 row in set (0.00 sec)

mysql> select * from cats;
+--------+------+
| name   | age  |
+--------+------+
| Blue   |    1 |
| xx     |   11 |
| peanut |    2 |
| jelly  |    3 |
| miki   |   99 |
| meow   |    0 |
| fish   | NULL |
| NULL   | NULL |
+--------+------+
8 rows in set (0.00 sec)

mysql> insert into cats(name,age) values('fish, 77); 
    '> ^C
mysql> insert into cats(name,age) values('fish', 77);
Query OK, 1 row affected (0.03 sec)

mysql> select * from cats;
+--------+------+
| name   | age  |
+--------+------+
| Blue   |    1 |
| xx     |   11 |
| peanut |    2 |
| jelly  |    3 |
| miki   |   99 |
| meow   |    0 |
| fish   | NULL |
| NULL   | NULL |
| fish   |   77 |
+--------+------+
9 rows in set (0.00 sec)

mysql> insert into cats(name,age) values('fish', 77);
Query OK, 1 row affected (0.01 sec)

mysql> select * from cats;
+--------+------+
| name   | age  |
+--------+------+
| Blue   |    1 |
| xx     |   11 |
| peanut |    2 |
| jelly  |    3 |
| miki   |   99 |
| meow   |    0 |
| fish   | NULL |
| NULL   | NULL |
| fish   |   77 |
| fish   |   77 |
+--------+------+
10 rows in set (0.00 sec)

mysql> select name where name is not null;
ERROR 1064 (42000): You have an error in your SQL syntax; check the manual that corresponds to your MySQL server version for the right syntax to use near 'where name is not null' at line 1
mysql> select name where name  not null;
ERROR 1064 (42000): You have an error in your SQL syntax; check the manual that corresponds to your MySQL server version for the right syntax to use near 'where name  not null' at line 1
mysql> select name from cats where name  not null;
ERROR 1064 (42000): You have an error in your SQL syntax; check the manual that corresponds to your MySQL server version for the right syntax to use near 'null' at line 1
mysql> select name from cats where age not nulll;
ERROR 1064 (42000): You have an error in your SQL syntax; check the manual that corresponds to your MySQL server version for the right syntax to use near 'nulll' at line 1
mysql> select name from cats where age not null;
ERROR 1064 (42000): You have an error in your SQL syntax; check the manual that corresponds to your MySQL server version for the right syntax to use near 'null' at line 1
mysql> select name from cats where age not NULL;
ERROR 1064 (42000): You have an error in your SQL syntax; check the manual that corresponds to your MySQL server version for the right syntax to use near 'NULL' at line 1
mysql> select name from cats where age=77;
+------+
| name |
+------+
| fish |
| fish |
+------+
2 rows in set (0.01 sec)

mysql> select name from cats where age=NULL;
Empty set (0.00 sec)

mysql> select name from cats where age NULL;
ERROR 1064 (42000): You have an error in your SQL syntax; check the manual that corresponds to your MySQL server version for the right syntax to use near 'NULL' at line 1
mysql> select name from cats where age NOT NULL;
ERROR 1064 (42000): You have an error in your SQL syntax; check the manual that corresponds to your MySQL server version for the right syntax to use near 'NULL' at line 1
mysql> select name from cats where age IS NOT NULL;
+--------+
| name   |
+--------+
| Blue   |
| xx     |
| peanut |
| jelly  |
| miki   |
| meow   |
| fish   |
| fish   |
+--------+
8 rows in set (0.00 sec)

mysql> select DISTINCT name from cats where age IS NOT NULL;
+--------+
| name   |
+--------+
| Blue   |
| xx     |
| peanut |
| jelly  |
| miki   |
| meow   |
| fish   |
+--------+
7 rows in set (0.00 sec)

mysql> 
mysql> 
mysql> 
mysql> 
mysql> 
mysql> 
mysql> CREATE TABLE unique_cats(cat_id INT NOT NULL, name VARCHAR(100), age INT, PRIMARY KEY (cat_id);
ERROR 1064 (42000): You have an error in your SQL syntax; check the manual that corresponds to your MySQL server version for the right syntax to use near '' at line 1
mysql> CREATE TABLE unique_cats(cat_id INT NOT NULL, name VARCHAR(100), age INT, PRIMARY KEY (cat_id));
Query OK, 0 rows affected (0.06 sec)

mysql> desc unique_cats;
+--------+--------------+------+-----+---------+-------+
| Field  | Type         | Null | Key | Default | Extra |
+--------+--------------+------+-----+---------+-------+
| cat_id | int(11)      | NO   | PRI | NULL    |       |
| name   | varchar(100) | YES  |     | NULL    |       |
| age    | int(11)      | YES  |     | NULL    |       |
+--------+--------------+------+-----+---------+-------+
3 rows in set (0.00 sec)

mysql> INSERT INTO unique_cats(cat_id,name,age) values(1,'mdmd',22);
Query OK, 1 row affected (0.02 sec)

mysql> INSERT INTO unique_cats(cat_id,name,age) values(1,'mdmd',22);
ERROR 1062 (23000): Duplicate entry '1' for key 'PRIMARY'
mysql> INSERT INTO unique_cats(cat_id,name,age) values(2,'mdmd',22);
Query OK, 1 row affected (0.02 sec)

mysql> select *  from unique_cats;
+--------+------+------+
| cat_id | name | age  |
+--------+------+------+
|      1 | mdmd |   22 |
|      2 | mdmd |   22 |
+--------+------+------+
2 rows in set (0.00 sec)

mysql> INSERT INTO unique_cats(cat_id,name,age) values(999,'impossible to track ids',0);
Query OK, 1 row affected (0.01 sec)

mysql> select *  from unique_cats;
+--------+-------------------------+------+
| cat_id | name                    | age  |
+--------+-------------------------+------+
|      1 | mdmd                    |   22 |
|      2 | mdmd                    |   22 |
|    999 | impossible to track ids |    0 |
+--------+-------------------------+------+
3 rows in set (0.00 sec)

mysql> INSERT INTO unique_cats(cat_id,name,age) values(9999,'impossible to track ids manually',0);
Query OK, 1 row affected (0.01 sec)

mysql> select *  from unique_cats;
+--------+----------------------------------+------+
| cat_id | name                             | age  |
+--------+----------------------------------+------+
|      1 | mdmd                             |   22 |
|      2 | mdmd                             |   22 |
|    999 | impossible to track ids          |    0 |
|   9999 | impossible to track ids manually |    0 |
+--------+----------------------------------+------+
4 rows in set (0.00 sec)

mysql> INSERT INTO AUTO_INCREAMENT unique_cats(name,age) values(9999,'auto cat',33);
ERROR 1064 (42000): You have an error in your SQL syntax; check the manual that corresponds to your MySQL server version for the right syntax to use near 'unique_cats(name,age) values(9999,'auto cat',33)' at line 1
mysql> INSERT INTO AUTO_INCREAMENT unique_cats(name,age) values('auto cat',33);
ERROR 1064 (42000): You have an error in your SQL syntax; check the manual that corresponds to your MySQL server version for the right syntax to use near 'unique_cats(name,age) values('auto cat',33)' at line 1
mysql> INSERT INTO AUTO_INCREMENT unique_cats(name,age) values('auto cat',33);
ERROR 1064 (42000): You have an error in your SQL syntax; check the manual that corresponds to your MySQL server version for the right syntax to use near 'unique_cats(name,age) values('auto cat',33)' at line 1
mysql> CREATE TABLE unique_cats2(cat_id INT AUTO_INCREMENT NOT NULL AUTO_NCREMET, name varchar(100), age INT, PRIMARY KEY (cat_id));
ERROR 1064 (42000): You have an error in your SQL syntax; check the manual that corresponds to your MySQL server version for the right syntax to use near 'AUTO_NCREMET, name varchar(100), age INT, PRIMARY KEY (cat_id))' at line 1
mysql> CREATE TABLE unique_cats2(cat_id INT  NOT NULL AUTO_NCREMET, name varchar(100), age INT, PRIMARY KEY (cat_id));
ERROR 1064 (42000): You have an error in your SQL syntax; check the manual that corresponds to your MySQL server version for the right syntax to use near 'AUTO_NCREMET, name varchar(100), age INT, PRIMARY KEY (cat_id))' at line 1
mysql> CREATE TABLE unique_cats2(cat_id INT  NOT NULL AUTO_INCREMET, name varchar(100), age INT, PRIMARY KEY (cat_id));
ERROR 1064 (42000): You have an error in your SQL syntax; check the manual that corresponds to your MySQL server version for the right syntax to use near 'AUTO_INCREMET, name varchar(100), age INT, PRIMARY KEY (cat_id))' at line 1
mysql> CREATE TABLE unique_cats2(cat_id INT  NOT NULL AUTO_INCEREMET, name varchar(100), age INT, PRIMARY KEY (cat_id));
ERROR 1064 (42000): You have an error in your SQL syntax; check the manual that corresponds to your MySQL server version for the right syntax to use near 'AUTO_INCEREMET, name varchar(100), age INT, PRIMARY KEY (cat_id))' at line 1
mysql> CREATE TABLE unique_cats2(cat_id INT  NOT NULL AUTO_INCREMENT, name varchar(100), age INT, PRIMARY KEY (cat_id));
Query OK, 0 rows affected (0.12 sec)

mysql> DESC unique_cats2;
+--------+--------------+------+-----+---------+----------------+
| Field  | Type         | Null | Key | Default | Extra          |
+--------+--------------+------+-----+---------+----------------+
| cat_id | int(11)      | NO   | PRI | NULL    | auto_increment |
| name   | varchar(100) | YES  |     | NULL    |                |
| age    | int(11)      | YES  |     | NULL    |                |
+--------+--------------+------+-----+---------+----------------+
3 rows in set (0.00 sec)

mysql> INSERT INTO  unique_cats(name,age) values('auto cat',33);
Query OK, 1 row affected, 1 warning (0.00 sec)

mysql> select  from  unique_cats2;
ERROR 1064 (42000): You have an error in your SQL syntax; check the manual that corresponds to your MySQL server version for the right syntax to use near 'from  unique_cats2' at line 1
mysql> select * from  unique_cats2;
Empty set (0.00 sec)

mysql> INSERT INTO  unique_cats2(name,age) values('auto cat',33);
Query OK, 1 row affected (0.01 sec)

mysql> select * from  unique_cats2;
+--------+----------+------+
| cat_id | name     | age  |
+--------+----------+------+
|      1 | auto cat |   33 |
+--------+----------+------+
1 row in set (0.00 sec)

mysql> INSERT INTO  unique_cats2(name,age) values('auto cat',33);
Query OK, 1 row affected (0.05 sec)

mysql> select * from  unique_cats2;
+--------+----------+------+
| cat_id | name     | age  |
+--------+----------+------+
|      1 | auto cat |   33 |
|      2 | auto cat |   33 |
+--------+----------+------+
2 rows in set (0.01 sec)

mysql> INSERT INTO  unique_cats2(name,age) values('auto cat',33);
Query OK, 1 row affected (0.01 sec)

mysql> select * from  unique_cats2;
+--------+----------+------+
| cat_id | name     | age  |
+--------+----------+------+
|      1 | auto cat |   33 |
|      2 | auto cat |   33 |
|      3 | auto cat |   33 |
+--------+----------+------+
3 rows in set (0.00 sec)

mysql> CREATE TABLE employees(id INT NOT NULL AUTO_INCREMENT, last_name VARCHAR(100) NUT NULL, first_name VARCHAR(100) NOT NULLL, middle_name VARCHAR(100), age INT NO NULL, current_status VARCHAR(100) DEFAULT 'employed', PRIMARY KEY (id));
ERROR 1064 (42000): You have an error in your SQL syntax; check the manual that corresponds to your MySQL server version for the right syntax to use near 'NUT NULL, first_name VARCHAR(100) NOT NULLL, middle_name VARCHAR(100), age INT N' at line 1
mysql> CREATE TABLE employees(id INT NOT NULL AUTO_INCREMENT, last_name VARCHAR(100) NUT NULL, first_name VARCHAR(100) NOT NULLL, middle_name VARCHAR(100), age INT NOT NULL, current_status VARCHAR(100) DEFAULT 'employed', PRIMARY KEY (id));
ERROR 1064 (42000): You have an error in your SQL syntax; check the manual that corresponds to your MySQL server version for the right syntax to use near 'NUT NULL, first_name VARCHAR(100) NOT NULLL, middle_name VARCHAR(100), age INT N' at line 1
mysql> CREATE TABLE employees(id INT NOT NULL AUTO_INCREMENT, last_name VARCHAR(100) NUT NULL, first_name VARCHAR(100) NOT NULLL, middle_name VARCHAR(100), age INT NOT NULL, current_status VARCHAR(100) DEFAULT 'employed', PRIMARY KEY (id));
ERROR 1064 (42000): You have an error in your SQL syntax; check the manual that corresponds to your MySQL server version for the right syntax to use near 'NUT NULL, first_name VARCHAR(100) NOT NULLL, middle_name VARCHAR(100), age INT N' at line 1
mysql> CREATE TABLE employees(id INT NOT NULL AUTO_INCREMENT, last_name VARCHAR(100) NOT NULL, first_name VARCHAR(100) NOT NULLL, middle_name VARCHAR(100), age INT NOT NULL, current_status VARCHAR(100) DEFAULT 'employed', PRIMARY KEY (id));
ERROR 1064 (42000): You have an error in your SQL syntax; check the manual that corresponds to your MySQL server version for the right syntax to use near 'NULLL, middle_name VARCHAR(100), age INT NOT NULL, current_status VARCHAR(100) D' at line 1
mysql> CREATE TABLE employees(id INT NOT NULL AUTO_INCREMENT, last_name VARCHAR(100) NOT NULL, first_name VARCHAR(100) NOT NULL, middle_name VARCHAR(100), age INT NOT NULL, current_status VARCHAR(100) DEFAULT 'employed', PRIMARY KEY (id));
Query OK, 0 rows affected (0.13 sec)

mysql> DESC employees;
+----------------+--------------+------+-----+----------+----------------+
| Field          | Type         | Null | Key | Default  | Extra          |
+----------------+--------------+------+-----+----------+----------------+
| id             | int(11)      | NO   | PRI | NULL     | auto_increment |
| last_name      | varchar(100) | NO   |     | NULL     |                |
| first_name     | varchar(100) | NO   |     | NULL     |                |
| middle_name    | varchar(100) | YES  |     | NULL     |                |
| age            | int(11)      | NO   |     | NULL     |                |
| current_status | varchar(100) | YES  |     | employed |                |
+----------------+--------------+------+-----+----------+----------------+
6 rows in set (0.00 sec)

mysql> DROP employees
    -> ;
ERROR 1064 (42000): You have an error in your SQL syntax; check the manual that corresponds to your MySQL server version for the right syntax to use near 'employees' at line 1
mysql> DROP TABLE employees
    -> ;
Query OK, 0 rows affected (0.07 sec)

mysql> DESC employees;
ERROR 1146 (42S02): Table 'cats_app.employees' doesn't exist
mysql> CREATE TABLE employees(id INT NOT NULL AUTO_INCREMENT, last_name VARCHAR(255) NOT NULL, first_name VARCHAR(255) NOT NULL, middle_name VARCHAR(255), age INT NOT NULL, current_status VARCHAR(255) DEFAULT 'employed', PRIMARY KEY (id));
Query OK, 0 rows affected (0.13 sec)

mysql> DESC employees;
+----------------+--------------+------+-----+----------+----------------+
| Field          | Type         | Null | Key | Default  | Extra          |
+----------------+--------------+------+-----+----------+----------------+
| id             | int(11)      | NO   | PRI | NULL     | auto_increment |
| last_name      | varchar(255) | NO   |     | NULL     |                |
| first_name     | varchar(255) | NO   |     | NULL     |                |
| middle_name    | varchar(255) | YES  |     | NULL     |                |
| age            | int(11)      | NO   |     | NULL     |                |
| current_status | varchar(255) | YES  |     | employed |                |
+----------------+--------------+------+-----+----------+----------------+
6 rows in set (0.00 sec)

mysql> INSERT INTO employees( last_name,first_name,middle_name,age) VALUES('GIT','HUB','GOORM',55)
    -> ;
Query OK, 1 row affected (0.01 sec)

mysql> SELECT * FROM  employees;
+----+-----------+------------+-------------+-----+----------------+
| id | last_name | first_name | middle_name | age | current_status |
+----+-----------+------------+-------------+-----+----------------+
|  1 | GIT       | HUB        | GOORM       |  55 | employed       |
+----+-----------+------------+-------------+-----+----------------+
1 row in set (0.00 sec)

mysql> INSERT INTO employees( last_name,first_name,middle_name,age) VALUES('GIT','HUB','GOORM',55)
    -> ;
Query OK, 1 row affected (0.10 sec)

mysql> SELECT * FROM  employees;
+----+-----------+------------+-------------+-----+----------------+
| id | last_name | first_name | middle_name | age | current_status |
+----+-----------+------------+-------------+-----+----------------+
|  1 | GIT       | HUB        | GOORM       |  55 | employed       |
|  2 | GIT       | HUB        | GOORM       |  55 | employed       |
+----+-----------+------------+-------------+-----+----------------+
2 rows in set (0.00 sec)

mysql> INSERT INTO employees( last_name,first_name,middle_name,current_status, age) VALUES('GIT','HUB','J.','Retired'80)
    -> ;
ERROR 1064 (42000): You have an error in your SQL syntax; check the manual that corresponds to your MySQL server version for the right syntax to use near '80)' at line 1
mysql> INSERT INTO employees( last_name,first_name,middle_name,current_status, age) VALUES('GIT','HUB','J.','Retired',80)
    -> ;
Query OK, 1 row affected (0.01 sec)

mysql> SELECT * FROM  employees;
+----+-----------+------------+-------------+-----+----------------+
| id | last_name | first_name | middle_name | age | current_status |
+----+-----------+------------+-------------+-----+----------------+
|  1 | GIT       | HUB        | GOORM       |  55 | employed       |
|  2 | GIT       | HUB        | GOORM       |  55 | employed       |
|  3 | GIT       | HUB        | J.          |  80 | Retired        |
+----+-----------+------------+-------------+-----+----------------+
3 rows in set (0.00 sec)

mysql> show tables;
+--------------------+
| Tables_in_cats_app |
+--------------------+
| cats               |
| cats2              |
| cats3              |
| cats4              |
| employees          |
| unique_cats        |
| unique_cats2       |
+--------------------+
7 rows in set (0.10 sec)

mysql> INSERT INTO cats(age,name) values('taco',12);
Query OK, 1 row affected, 1 warning (0.12 sec)

mysql> DROP TABLE cats;
Query OK, 0 rows affected (0.14 sec)

mysql> CREATRE TABLE cats (cat_id INT NOT NULL AUTO_INCREMENT, name varchar(100), breed varchar(100), age int, primary key (cat_id));
ERROR 1064 (42000): You have an error in your SQL syntax; check the manual that corresponds to your MySQL server version for the right syntax to use near 'CREATRE TABLE cats (cat_id INT NOT NULL AUTO_INCREMENT, name varchar(100), breed' at line 1
mysql> CREATRE TABLE cats(cat_id INT NOT NULL AUTO_INCREMENT, name varchar(100), breed varchar(100), age int, primary key (cat_id));
ERROR 1064 (42000): You have an error in your SQL syntax; check the manual that corresponds to your MySQL server version for the right syntax to use near 'CREATRE TABLE cats(cat_id INT NOT NULL AUTO_INCREMENT, name varchar(100), breed ' at line 1
mysql> CREATRE TABLE cats(cat_id INT NOT NULL AUTO_INCREMENT, name VARCHAR(100), breed VARCHAR(100), age INT, PRIMARY KEY  (cat_id));
ERROR 1064 (42000): You have an error in your SQL syntax; check the manual that corresponds to your MySQL server version for the right syntax to use near 'CREATRE TABLE cats(cat_id INT NOT NULL AUTO_INCREMENT, name VARCHAR(100), breed ' at line 1
mysql> CREATE TABLE cats(cat_id INT NOT NULL AUTO_INCREMENT, name varchar(100), breed varchar(100), age int, primary key (cat_id));
Query OK, 0 rows affected (0.07 sec)

mysql> DESC cats
    -> ;
+--------+--------------+------+-----+---------+----------------+
| Field  | Type         | Null | Key | Default | Extra          |
+--------+--------------+------+-----+---------+----------------+
| cat_id | int(11)      | NO   | PRI | NULL    | auto_increment |
| name   | varchar(100) | YES  |     | NULL    |                |
| breed  | varchar(100) | YES  |     | NULL    |                |
| age    | int(11)      | YES  |     | NULL    |                |
+--------+--------------+------+-----+---------+----------------+
4 rows in set (0.06 sec)

mysql> INSERT INTO cats(name, breed, age) 
    -> VALUES ('Ringo', 'Tabby', 4),
    ->        ('Cindy', 'Maine Coon', 10),
    ->        ('Dumbledore', 'Maine Coon', 11),
    ->        ('Egg', 'Persian', 4),
    ->        ('Misty', 'Tabby', 13),
    ->        ('George Michael', 'Ragdoll', 9),
    ->        ('Jackson', 'Sphynx', 7);
Query OK, 7 rows affected (0.05 sec)
Records: 7  Duplicates: 0  Warnings: 0

mysql> show warnings;
Empty set (0.00 sec)

mysql> select * from cats;
+--------+----------------+------------+------+
| cat_id | name           | breed      | age  |
+--------+----------------+------------+------+
|      1 | Ringo          | Tabby      |    4 |
|      2 | Cindy          | Maine Coon |   10 |
|      3 | Dumbledore     | Maine Coon |   11 |
|      4 | Egg            | Persian    |    4 |
|      5 | Misty          | Tabby      |   13 |
|      6 | George Michael | Ragdoll    |    9 |
|      7 | Jackson        | Sphynx     |    7 |
+--------+----------------+------------+------+
7 rows in set (0.00 sec)

mysql> select name from cats;
+----------------+
| name           |
+----------------+
| Ringo          |
| Cindy          |
| Dumbledore     |
| Egg            |
| Misty          |
| George Michael |
| Jackson        |
+----------------+
7 rows in set (0.00 sec)

mysql> select name,breed from cats where age<10;
+----------------+---------+
| name           | breed   |
+----------------+---------+
| Ringo          | Tabby   |
| Egg            | Persian |
| George Michael | Ragdoll |
| Jackson        | Sphynx  |
+----------------+---------+
4 rows in set (0.01 sec)

mysql> select * from cats where age<10;
+--------+----------------+---------+------+
| cat_id | name           | breed   | age  |
+--------+----------------+---------+------+
|      1 | Ringo          | Tabby   |    4 |
|      4 | Egg            | Persian |    4 |
|      6 | George Michael | Ragdoll |    9 |
|      7 | Jackson        | Sphynx  |    7 |
+--------+----------------+---------+------+
4 rows in set (0.00 sec)

mysql> is it true mysql is case insensitive?
    -> ;
ERROR 1064 (42000): You have an error in your SQL syntax; check the manual that corresponds to your MySQL server version for the right syntax to use near 'is it true mysql is case insensitive?' at line 1
mysql> select * from cats where breed='Tabby' limit 1;
+--------+-------+-------+------+
| cat_id | name  | breed | age  |
+--------+-------+-------+------+
|      1 | Ringo | Tabby |    4 |
+--------+-------+-------+------+
1 row in set (0.01 sec)

mysql> select * from cats where breed='tabby' limit 1;
+--------+-------+-------+------+
| cat_id | name  | breed | age  |
+--------+-------+-------+------+
|      1 | Ringo | Tabby |    4 |
+--------+-------+-------+------+
1 row in set (0.00 sec)

mysql> select name,age, cat_id from cats where cat_id=age;
+---------+------+--------+
| name    | age  | cat_id |
+---------+------+--------+
| Egg     |    4 |      4 |
| Jackson |    7 |      7 |
+---------+------+--------+
2 rows in set (0.00 sec)

mysql> select cat_id as id, name from cats;
+----+----------------+
| id | name           |
+----+----------------+
|  1 | Ringo          |
|  2 | Cindy          |
|  3 | Dumbledore     |
|  4 | Egg            |
|  5 | Misty          |
|  6 | George Michael |
|  7 | Jackson        |
+----+----------------+
7 rows in set (0.00 sec)

mysql> update cats set breed='shorthair' where breed='tabby';
Query OK, 2 rows affected (0.02 sec)
Rows matched: 2  Changed: 2  Warnings: 0

mysql> select name,breed from cats;
+----------------+------------+
| name           | breed      |
+----------------+------------+
| Ringo          | shorthair  |
| Cindy          | Maine Coon |
| Dumbledore     | Maine Coon |
| Egg            | Persian    |
| Misty          | shorthair  |
| George Michael | Ragdoll    |
| Jackson        | Sphynx     |
+----------------+------------+
7 rows in set (0.00 sec)

mysql> update cats set age=14 where name='misty';
Query OK, 1 row affected (0.03 sec)
Rows matched: 1  Changed: 1  Warnings: 0

mysql> select * from cats where name='misty';
+--------+-------+-----------+------+
| cat_id | name  | breed     | age  |
+--------+-------+-----------+------+
|      5 | Misty | shorthair |   14 |
+--------+-------+-----------+------+
1 row in set (0.00 sec)

mysql> select * from cats where name='jaskson';
Empty set (0.00 sec)

mysql> select * from cats where name='jackson';
+--------+---------+--------+------+
| cat_id | name    | breed  | age  |
+--------+---------+--------+------+
|      7 | Jackson | Sphynx |    7 |
+--------+---------+--------+------+
1 row in set (0.00 sec)

mysql> update cats set name='jack'  where name='jackson';
Query OK, 1 row affected (0.02 sec)
Rows matched: 1  Changed: 1  Warnings: 0

mysql> select * from cats where name='jackson';
Empty set (0.00 sec)

mysql> select * from cats where name='jack';
+--------+------+--------+------+
| cat_id | name | breed  | age  |
+--------+------+--------+------+
|      7 | jack | Sphynx |    7 |
+--------+------+--------+------+
1 row in set (0.00 sec)

mysql> select * from cats where breed='Main coon';
Empty set (0.00 sec)

mysql> select * from cats where breed='Maine coon';
+--------+------------+------------+------+
| cat_id | name       | breed      | age  |
+--------+------------+------------+------+
|      2 | Cindy      | Maine Coon |   10 |
|      3 | Dumbledore | Maine Coon |   11 |
+--------+------------+------------+------+
2 rows in set (0.00 sec)

mysql> update cats set age=12 where breed='Maine Coon';
Query OK, 2 rows affected (0.01 sec)
Rows matched: 2  Changed: 2  Warnings: 0

mysql> select * from cats where breed='Maine coon';
+--------+------------+------------+------+
| cat_id | name       | breed      | age  |
+--------+------------+------------+------+
|      2 | Cindy      | Maine Coon |   12 |
|      3 | Dumbledore | Maine Coon |   12 |
+--------+------------+------------+------+
2 rows in set (0.00 sec)

mysql> select * from cats;
+--------+----------------+------------+------+
| cat_id | name           | breed      | age  |
+--------+----------------+------------+------+
|      1 | Ringo          | shorthair  |    4 |
|      2 | Cindy          | Maine Coon |   12 |
|      3 | Dumbledore     | Maine Coon |   12 |
|      4 | Egg            | Persian    |    4 |
|      5 | Misty          | shorthair  |   14 |
|      6 | George Michael | Ragdoll    |    9 |
|      7 | jack           | Sphynx     |    7 |
+--------+----------------+------------+------+
7 rows in set (0.00 sec)

mysql> delete from cats where name='egg';
Query OK, 1 row affected (0.01 sec)

mysql> select * from cats;
+--------+----------------+------------+------+
| cat_id | name           | breed      | age  |
+--------+----------------+------------+------+
|      1 | Ringo          | shorthair  |    4 |
|      2 | Cindy          | Maine Coon |   12 |
|      3 | Dumbledore     | Maine Coon |   12 |
|      5 | Misty          | shorthair  |   14 |
|      6 | George Michael | Ragdoll    |    9 |
|      7 | jack           | Sphynx     |    7 |
+--------+----------------+------------+------+
6 rows in set (0.00 sec)

mysql> delete from cats where age=4;
Query OK, 1 row affected (0.01 sec)

mysql> delete from cats where age=cat_id;
Query OK, 1 row affected (0.01 sec)

mysql> select * from cats;
+--------+----------------+------------+------+
| cat_id | name           | breed      | age  |
+--------+----------------+------------+------+
|      2 | Cindy          | Maine Coon |   12 |
|      3 | Dumbledore     | Maine Coon |   12 |
|      5 | Misty          | shorthair  |   14 |
|      6 | George Michael | Ragdoll    |    9 |
+--------+----------------+------------+------+
4 rows in set (0.00 sec)

mysql> delete from cats;
Query OK, 4 rows affected (0.04 sec)

mysql> select * from cats;
Empty set (0.00 sec)

mysql> show databases;
+--------------------+
| Database           |
+--------------------+
| information_schema |
| bakery_app         |
| cats_app           |
| mysql              |
| performance_schema |
| shirts_db          |
| sys                |
+--------------------+
7 rows in set (0.00 sec)

mysql> CREATE TABLE shirts(shirt_id INT NOT NULL AUTO_INCREMENT, article VARCHAR(255), color VARCHAR(255), shirt_size CHAR(5),last_worn INT, PRIMARY KEY (shirt_id));
Query OK, 0 rows affected (0.06 sec)

mysql> desc shirts;
+------------+--------------+------+-----+---------+----------------+
| Field      | Type         | Null | Key | Default | Extra          |
+------------+--------------+------+-----+---------+----------------+
| shirt_id   | int(11)      | NO   | PRI | NULL    | auto_increment |
| article    | varchar(255) | YES  |     | NULL    |                |
| color      | varchar(255) | YES  |     | NULL    |                |
| shirt_size | char(5)      | YES  |     | NULL    |                |
| last_worn  | int(11)      | YES  |     | NULL    |                |
+------------+--------------+------+-----+---------+----------------+
5 rows in set (0.04 sec)

mysql> INSERT INTO shirts(article,color,shirt_size,last_worn) VALUES ('t-shirt', 'white', 'S', 10), ('t-shirt', 'green', 'S', 200), ('polo shirt', 'black', 'M', 10), ('tank top', 'blue', 'S', 50), ('t-shirt', 'pink', 'S', 0), ('polo shirt', 'red', 'M', 5), ('tank top', 'white', 'S', 200), ('tank top', 'blue', 'M', 15);
Query OK, 8 rows affected (0.01 sec)
Records: 8  Duplicates: 0  Warnings: 0

mysql> SELECT * from shirts;
+----------+------------+-------+------------+-----------+
| shirt_id | article    | color | shirt_size | last_worn |
+----------+------------+-------+------------+-----------+
|        1 | t-shirt    | white | S          |        10 |
|        2 | t-shirt    | green | S          |       200 |
|        3 | polo shirt | black | M          |        10 |
|        4 | tank top   | blue  | S          |        50 |
|        5 | t-shirt    | pink  | S          |         0 |
|        6 | polo shirt | red   | M          |         5 |
|        7 | tank top   | white | S          |       200 |
|        8 | tank top   | blue  | M          |        15 |
+----------+------------+-------+------------+-----------+
8 rows in set (0.00 sec)

mysql> INSERT INTO shirts(article,color,shirt_size,last_worn) VALUES ('polo shirt', 'purple', 'M', 50);
Query OK, 1 row affected (0.01 sec)

mysql> SELECT * FROM  shirts WHERE article='polo shirt'
    -> ;
+----------+------------+--------+------------+-----------+
| shirt_id | article    | color  | shirt_size | last_worn |
+----------+------------+--------+------------+-----------+
|        3 | polo shirt | black  | M          |        10 |
|        6 | polo shirt | red    | M          |         5 |
|        9 | polo shirt | purple | M          |        50 |
+----------+------------+--------+------------+-----------+
3 rows in set (0.01 sec)

mysql> UPDATE shirts SET shirt_size='L' WHERE article='polo shirt';
Query OK, 3 rows affected (0.01 sec)
Rows matched: 3  Changed: 3  Warnings: 0

mysql> SELECT * FROM  shirts WHERE article='polo shirt'
    -> ;
+----------+------------+--------+------------+-----------+
| shirt_id | article    | color  | shirt_size | last_worn |
+----------+------------+--------+------------+-----------+
|        3 | polo shirt | black  | L          |        10 |
|        6 | polo shirt | red    | L          |         5 |
|        9 | polo shirt | purple | L          |        50 |
+----------+------------+--------+------------+-----------+
3 rows in set (0.00 sec)

mysql> UPDATE shirts SET last_worn=0 WHERE last_worn=15;
Query OK, 1 row affected (0.01 sec)
Rows matched: 1  Changed: 1  Warnings: 0

mysql> UPDATE shirts SET shirt_size='xs', color='off white' WHERE color='white';
Query OK, 2 rows affected (0.01 sec)
Rows matched: 2  Changed: 2  Warnings: 0

mysql> select * from shirts;
+----------+------------+-----------+------------+-----------+
| shirt_id | article    | color     | shirt_size | last_worn |
+----------+------------+-----------+------------+-----------+
|        1 | t-shirt    | off white | xs         |        10 |
|        2 | t-shirt    | green     | S          |       200 |
|        3 | polo shirt | black     | L          |        10 |
|        4 | tank top   | blue      | S          |        50 |
|        5 | t-shirt    | pink      | S          |         0 |
|        6 | polo shirt | red       | L          |         5 |
|        7 | tank top   | off white | xs         |       200 |
|        8 | tank top   | blue      | M          |         0 |
|        9 | polo shirt | purple    | L          |        50 |
+----------+------------+-----------+------------+-----------+
9 rows in set (0.00 sec)

mysql> DELETE from shirts WHERE last_worn=200
    -> ;
Query OK, 2 rows affected (0.01 sec)

mysql> select * from shirts;
+----------+------------+-----------+------------+-----------+
| shirt_id | article    | color     | shirt_size | last_worn |
+----------+------------+-----------+------------+-----------+
|        1 | t-shirt    | off white | xs         |        10 |
|        3 | polo shirt | black     | L          |        10 |
|        4 | tank top   | blue      | S          |        50 |
|        5 | t-shirt    | pink      | S          |         0 |
|        6 | polo shirt | red       | L          |         5 |
|        8 | tank top   | blue      | M          |         0 |
|        9 | polo shirt | purple    | L          |        50 |
+----------+------------+-----------+------------+-----------+
7 rows in set (0.00 sec)

mysql> DELETE from shirts WHERE article='tank top'
    -> ;
Query OK, 2 rows affected (0.09 sec)

mysql> select * from shirts;
+----------+------------+-----------+------------+-----------+
| shirt_id | article    | color     | shirt_size | last_worn |
+----------+------------+-----------+------------+-----------+
|        1 | t-shirt    | off white | xs         |        10 |
|        3 | polo shirt | black     | L          |        10 |
|        5 | t-shirt    | pink      | S          |         0 |
|        6 | polo shirt | red       | L          |         5 |
|        9 | polo shirt | purple    | L          |        50 |
+----------+------------+-----------+------------+-----------+
5 rows in set (0.00 sec)

mysql> DELETE from shirts;
Query OK, 5 rows affected (0.04 sec)

mysql> DROP TABLE shirts;
Query OK, 0 rows affected (0.09 sec)


mysql> source q.sql;
ERROR 1046 (3D000): No database selected
ERROR 1046 (3D000): No database selected
mysql> CREATE database books_db;
Query OK, 1 row affected (0.00 sec)

mysql> use  books_db;
Database changed
mysql> source q.sql;
Query OK, 0 rows affected (0.08 sec)

Query OK, 16 rows affected (0.02 sec)
Records: 16  Duplicates: 0  Warnings: 0

mysql> desc books;
+----------------+--------------+------+-----+---------+----------------+
| Field          | Type         | Null | Key | Default | Extra          |
+----------------+--------------+------+-----+---------+----------------+
| book_id        | int(11)      | NO   | PRI | NULL    | auto_increment |
| title          | varchar(100) | YES  |     | NULL    |                |
| author_fname   | varchar(100) | YES  |     | NULL    |                |
| author_lname   | varchar(100) | YES  |     | NULL    |                |
| released_year  | int(11)      | YES  |     | NULL    |                |
| stock_qunatity | int(11)      | YES  |     | NULL    |                |
| pages          | int(11)      | YES  |     | NULL    |                |
+----------------+--------------+------+-----+---------+----------------+
7 rows in set (0.00 sec)

mysql> selsect *  from books;
ERROR 1064 (42000): You have an error in your SQL syntax; check the manual that corresponds to your MySQL server version for the right syntax to use near 'selsect *  from books' at line 1
mysql> select *  from books;
+---------+-----------------------------------------------------+--------------+----------------+---------------+----------------+-------+
| book_id | title                                               | author_fname | author_lname   | released_year | stock_qunatity | pages |
+---------+-----------------------------------------------------+--------------+----------------+---------------+----------------+-------+
|       1 | The Namesake                                        | Jhumpa       | Lahiri         |          2003 |             32 |   291 |
|       2 | Norse Mythology                                     | Neil         | Gaiman         |          2016 |             43 |   304 |
|       3 | American Gods                                       | Neil         | Gaiman         |          2001 |             12 |   465 |
|       4 | Interpreter of Maladies                             | Jhumpa       | Lahiri         |          1996 |             97 |   198 |
|       5 | A Hologram for the King: A Novel                    | Dave         | Eggers         |          2012 |            154 |   352 |
|       6 | The Circle                                          | Dave         | Eggers         |          2013 |             26 |   504 |
|       7 | The Amazing Adventures of Kavalier & Clay           | Michael      | Chabon         |          2000 |             68 |   634 |
|       8 | Just Kids                                           | Patti        | Smith          |          2010 |             55 |   304 |
|       9 | A Heartbreaking Work of Staggering Genius           | Dave         | Eggers         |          2001 |            104 |   437 |
|      10 | Coraline                                            | Neil         | Gaiman         |          2003 |            100 |   208 |
|      11 | What We Talk About When We Talk About Love: Stories | Raymond      | Carver         |          1981 |             23 |   176 |
|      12 | Where I'm Calling From: Selected Stories            | Raymond      | Carver         |          1989 |             12 |   526 |
|      13 | White Noise                                         | Don          | DeLillo        |          1985 |             49 |   320 |
|      14 | Cannery Row                                         | John         | Steinbeck      |          1945 |             95 |   181 |
|      15 | Oblivion: Stories                                   | David        | Foster Wallace |          2004 |            172 |   329 |
|      16 | Consider the Lobster                                | David        | Foster Wallace |          2005 |             92 |   343 |
+---------+-----------------------------------------------------+--------------+----------------+---------------+----------------+-------+
16 rows in set (0.00 sec)

mysql> SELECT CONCAT('my favourite book is ',title) as 'my fav books' from books;
+--------------------------------------------------------------------------+
| my fav books                                                             |
+--------------------------------------------------------------------------+
| my favourite book is The Namesake                                        |
| my favourite book is Norse Mythology                                     |
| my favourite book is American Gods                                       |
| my favourite book is Interpreter of Maladies                             |
| my favourite book is A Hologram for the King: A Novel                    |
| my favourite book is The Circle                                          |
| my favourite book is The Amazing Adventures of Kavalier & Clay           |
| my favourite book is Just Kids                                           |
| my favourite book is A Heartbreaking Work of Staggering Genius           |
| my favourite book is Coraline                                            |
| my favourite book is What We Talk About When We Talk About Love: Stories |
| my favourite book is Where I'm Calling From: Selected Stories            |
| my favourite book is White Noise                                         |
| my favourite book is Cannery Row                                         |
| my favourite book is Oblivion: Stories                                   |
| my favourite book is Consider the Lobster                                |
+--------------------------------------------------------------------------+
16 rows in set (0.00 sec)

mysql> SELECT REPLACE(CONCAT('my favourite book is ',title),'American','Canadian') as 'my fav books' from books;
+--------------------------------------------------------------------------+
| my fav books                                                             |
+--------------------------------------------------------------------------+
| my favourite book is The Namesake                                        |
| my favourite book is Norse Mythology                                     |
| my favourite book is Canadian Gods                                       |
| my favourite book is Interpreter of Maladies                             |
| my favourite book is A Hologram for the King: A Novel                    |
| my favourite book is The Circle                                          |
| my favourite book is The Amazing Adventures of Kavalier & Clay           |
| my favourite book is Just Kids                                           |
| my favourite book is A Heartbreaking Work of Staggering Genius           |
| my favourite book is Coraline                                            |
| my favourite book is What We Talk About When We Talk About Love: Stories |
| my favourite book is Where I'm Calling From: Selected Stories            |
| my favourite book is White Noise                                         |
| my favourite book is Cannery Row                                         |
| my favourite book is Oblivion: Stories                                   |
| my favourite book is Consider the Lobster                                |
+--------------------------------------------------------------------------+
16 rows in set (0.00 sec)

mysql> SELECT SUBSTRING(title,10) as 'SHORT TITLES' from books;
+--------------------------------------------+
| SHORT TITLES                               |
+--------------------------------------------+
| ake                                        |
| hology                                     |
| Gods                                       |
| er of Maladies                             |
| m for the King: A Novel                    |
| e                                          |
| ng Adventures of Kavalier & Clay           |
|                                            |
| eaking Work of Staggering Genius           |
|                                            |
| alk About When We Talk About Love: Stories |
|  Calling From: Selected Stories            |
| se                                         |
| ow                                         |
|  Stories                                   |
| the Lobster                                |
+--------------------------------------------+
16 rows in set (0.00 sec)

mysql> SELECT SUBSTRING(title,1,11) as 'SHORT TITLES' from books;
+--------------+
| SHORT TITLES |
+--------------+
| The Namesak  |
| Norse Mytho  |
| American Go  |
| Interpreter  |
| A Hologram   |
| The Circle   |
| The Amazing  |
| Just Kids    |
| A Heartbrea  |
| Coraline     |
| What We Tal  |
| Where I'm C  |
| White Noise  |
| Cannery Row  |
| Oblivion: S  |
| Consider th  |
+--------------+
16 rows in set (0.00 sec)

mysql> SELECT REVERSE(SUBSTRING(title,1,11)) as 'REVERSED SHORT TITLES' from books;
+-----------------------+
| REVERSED SHORT TITLES |
+-----------------------+
| kasemaN ehT           |
| ohtyM esroN           |
| oG naciremA           |
| reterpretnI           |
|  margoloH A           |
| elcriC ehT            |
| gnizamA ehT           |
| sdiK tsuJ             |
| aerbtraeH A           |
| enilaroC              |
| laT eW tahW           |
| C m'I erehW           |
| esioN etihW           |
| woR yrennaC           |
| S :noivilbO           |
| ht redisnoC           |
+-----------------------+
16 rows in set (0.00 sec)

mysql> SELECT CHAR_LENGTH(REVERSE(SUBSTRING(title,1,11))) as 'CHAR LENGTHS OF REVERSED SHORT TITLES' from books;
+---------------------------------------+
| CHAR LENGTHS OF REVERSED SHORT TITLES |
+---------------------------------------+
|                                    11 |
|                                    11 |
|                                    11 |
|                                    11 |
|                                    11 |
|                                    10 |
|                                    11 |
|                                     9 |
|                                    11 |
|                                     8 |
|                                    11 |
|                                    11 |
|                                    11 |
|                                    11 |
|                                    11 |
|                                    11 |
+---------------------------------------+
16 rows in set (0.00 sec)

mysql> SELECT UPPER(SUBSTRING(title,1,11)) as 'UPPER CASE  SHORT TITLES' from books;
+--------------------------+
| UPPER CASE  SHORT TITLES |
+--------------------------+
| THE NAMESAK              |
| NORSE MYTHO              |
| AMERICAN GO              |
| INTERPRETER              |
| A HOLOGRAM               |
| THE CIRCLE               |
| THE AMAZING              |
| JUST KIDS                |
| A HEARTBREA              |
| CORALINE                 |
| WHAT WE TAL              |
| WHERE I'M C              |
| WHITE NOISE              |
| CANNERY ROW              |
| OBLIVION: S              |
| CONSIDER TH              |
+--------------------------+
16 rows in set (0.00 sec)

mysql> SELECT CONCAT_WS(', ',UPPER(author_lname),author_lname) from books;
+--------------------------------------------------+
| CONCAT_WS(', ',UPPER(author_lname),author_lname) |
+--------------------------------------------------+
| LAHIRI, Lahiri                                   |
| GAIMAN, Gaiman                                   |
| GAIMAN, Gaiman                                   |
| LAHIRI, Lahiri                                   |
| EGGERS, Eggers                                   |
| EGGERS, Eggers                                   |
| CHABON, Chabon                                   |
| SMITH, Smith                                     |
| EGGERS, Eggers                                   |
| GAIMAN, Gaiman                                   |
| CARVER, Carver                                   |
| CARVER, Carver                                   |
| DELILLO, DeLillo                                 |
| STEINBECK, Steinbeck                             |
| FOSTER WALLACE, Foster Wallace                   |
| FOSTER WALLACE, Foster Wallace                   |
+--------------------------------------------------+
16 rows in set (0.00 sec)

mysql> SELECT CONCAT_WS(', ',UPPER(author_lname),author_fname) from books;
+--------------------------------------------------+
| CONCAT_WS(', ',UPPER(author_lname),author_fname) |
+--------------------------------------------------+
| LAHIRI, Jhumpa                                   |
| GAIMAN, Neil                                     |
| GAIMAN, Neil                                     |
| LAHIRI, Jhumpa                                   |
| EGGERS, Dave                                     |
| EGGERS, Dave                                     |
| CHABON, Michael                                  |
| SMITH, Patti                                     |
| EGGERS, Dave                                     |
| GAIMAN, Neil                                     |
| CARVER, Raymond                                  |
| CARVER, Raymond                                  |
| DELILLO, Don                                     |
| STEINBECK, John                                  |
| FOSTER WALLACE, David                            |
| FOSTER WALLACE, David                            |
+--------------------------------------------------+
16 rows in set (0.00 sec)

mysql> select * from books limit 1;
+---------+--------------+--------------+--------------+---------------+----------------+-------+
| book_id | title        | author_fname | author_lname | released_year | stock_qunatity | pages |
+---------+--------------+--------------+--------------+---------------+----------------+-------+
|       1 | The Namesake | Jhumpa       | Lahiri       |          2003 |             32 |   291 |
+---------+--------------+--------------+--------------+---------------+----------------+-------+
1 row in set (0.00 sec)

mysql> SELECT CONCAT_WS(' ','Author', author_lname, 'wrote the book titled' ,title,'.', 'It was released in', released_year,'. The book has', pages, 'and', stock_quanitity, 'copies are available in stock.') as 'short paragepah' from books; books;
ERROR 1054 (42S22): Unknown column 'stock_quanitity' in 'field list'
ERROR 1064 (42000): You have an error in your SQL syntax; check the manual that corresponds to your MySQL server version for the right syntax to use near 'books' at line 1
mysql> SELECT CONCAT_WS(' ','Author', author_lname, 'wrote the book titled' ,title,'.', 'It was released in', released_year,'. The book has', pages, 'and', stock_quanitity, 'copies are available in stock.') as 'short paragepah' from books;
ERROR 1054 (42S22): Unknown column 'stock_quanitity' in 'field list'
mysql> SELECT CONCAT_WS(' ','Author', author_lname, 'wrote the book titled' ,title,'.', 'It was released in', released_year,'. The book has', pages, 'and', stock_qunatity, 'copies are available in stock.') as 'short paragepah' from books;
+----------------------------------------------------------------------------------------------------------------------------------------------------------------------------+
| short paragepah                                                                                                                                                            |
+----------------------------------------------------------------------------------------------------------------------------------------------------------------------------+
| Author Lahiri wrote the book titled The Namesake . It was released in 2003 . The book has 291 and 32 copies are available in stock.                                        |
| Author Gaiman wrote the book titled Norse Mythology . It was released in 2016 . The book has 304 and 43 copies are available in stock.                                     |
| Author Gaiman wrote the book titled American Gods . It was released in 2001 . The book has 465 and 12 copies are available in stock.                                       |
| Author Lahiri wrote the book titled Interpreter of Maladies . It was released in 1996 . The book has 198 and 97 copies are available in stock.                             |
| Author Eggers wrote the book titled A Hologram for the King: A Novel . It was released in 2012 . The book has 352 and 154 copies are available in stock.                   |
| Author Eggers wrote the book titled The Circle . It was released in 2013 . The book has 504 and 26 copies are available in stock.                                          |
| Author Chabon wrote the book titled The Amazing Adventures of Kavalier & Clay . It was released in 2000 . The book has 634 and 68 copies are available in stock.           |
| Author Smith wrote the book titled Just Kids . It was released in 2010 . The book has 304 and 55 copies are available in stock.                                            |
| Author Eggers wrote the book titled A Heartbreaking Work of Staggering Genius . It was released in 2001 . The book has 437 and 104 copies are available in stock.          |
| Author Gaiman wrote the book titled Coraline . It was released in 2003 . The book has 208 and 100 copies are available in stock.                                           |
| Author Carver wrote the book titled What We Talk About When We Talk About Love: Stories . It was released in 1981 . The book has 176 and 23 copies are available in stock. |
| Author Carver wrote the book titled Where I'm Calling From: Selected Stories . It was released in 1989 . The book has 526 and 12 copies are available in stock.            |
| Author DeLillo wrote the book titled White Noise . It was released in 1985 . The book has 320 and 49 copies are available in stock.                                        |
| Author Steinbeck wrote the book titled Cannery Row . It was released in 1945 . The book has 181 and 95 copies are available in stock.                                      |
| Author Foster Wallace wrote the book titled Oblivion: Stories . It was released in 2004 . The book has 329 and 172 copies are available in stock.                          |
| Author Foster Wallace wrote the book titled Consider the Lobster . It was released in 2005 . The book has 343 and 92 copies are available in stock.                        |
+----------------------------------------------------------------------------------------------------------------------------------------------------------------------------+
16 rows in set (0.00 sec)

mysql> SELECT ' I can write a senstence all in mysql, which is fun.'
    -> ;
+------------------------------------------------------+
| I can write a senstence all in mysql, which is fun.  |
+------------------------------------------------------+
|  I can write a senstence all in mysql, which is fun. |
+------------------------------------------------------+
1 row in set (0.00 sec)

mysql> SELECT 'UPPER AND LOWER str funs take only one input' as 'note'
    -> ;
+----------------------------------------------+
| note                                         |
+----------------------------------------------+
| UPPER AND LOWER str funs take only one input |
+----------------------------------------------+
1 row in set (0.00 sec)

mysql> INSERT INTO books
    ->     (title, author_fname, author_lname, released_year, stock_quantity, pages)
    ->     VALUES ('10% Happier', 'Dan', 'Harris', 2014, 29, 256), 
    ->            ('fake_book', 'Freida', 'Harris', 2001, 287, 428),
    ->            ('Lincoln In The Bardo', 'George', 'Saunders', 2017, 1000, 367);
ERROR 1054 (42S22): Unknown column 'stock_quantity' in 'field list'
mysql> SLECT 'OK... time to fix the type on one of the column names of my books table' as '';
ERROR 1064 (42000): You have an error in your SQL syntax; check the manual that corresponds to your MySQL server version for the right syntax to use near 'SLECT 'OK... time to fix the type on one of the column names of my books table' ' at line 1
mysql> SLECT 'OK... time to fix the type on one of the column names of my books table' as ' ';
ERROR 1064 (42000): You have an error in your SQL syntax; check the manual that corresponds to your MySQL server version for the right syntax to use near 'SLECT 'OK... time to fix the type on one of the column names of my books table' ' at line 1
mysql> SLECT 'OK... time to fix the type on one of the column names of my books table' as 'Note';
ERROR 1064 (42000): You have an error in your SQL syntax; check the manual that corresponds to your MySQL server version for the right syntax to use near 'SLECT 'OK... time to fix the type on one of the column names of my books table' ' at line 1
mysql> SELECT 'OK... time to fix the type on one of the column names of my books table' as 'Note';
+-------------------------------------------------------------------------+
| Note                                                                    |
+-------------------------------------------------------------------------+
| OK... time to fix the type on one of the column names of my books table |
+-------------------------------------------------------------------------+
1 row in set (0.00 sec)

mysql> ALTER TABBLE books RENAME 'stock_qunatity' TO 'stock_quantity';
ERROR 1064 (42000): You have an error in your SQL syntax; check the manual that corresponds to your MySQL server version for the right syntax to use near 'TABBLE books RENAME 'stock_qunatity' TO 'stock_quantity'' at line 1
mysql> ALTER TABBLE books RENAME stock_qunatity TO stock_quantity;
ERROR 1064 (42000): You have an error in your SQL syntax; check the manual that corresponds to your MySQL server version for the right syntax to use near 'TABBLE books RENAME stock_qunatity TO stock_quantity' at line 1
mysql> SELECT * from books limit 1;
+---------+--------------+--------------+--------------+---------------+----------------+-------+
| book_id | title        | author_fname | author_lname | released_year | stock_qunatity | pages |
+---------+--------------+--------------+--------------+---------------+----------------+-------+
|       1 | The Namesake | Jhumpa       | Lahiri       |          2003 |             32 |   291 |
+---------+--------------+--------------+--------------+---------------+----------------+-------+
1 row in set (0.00 sec)

mysql> ALTER TABLE books RENAME stock_qunatity TO stock_quantity;
ERROR 1064 (42000): You have an error in your SQL syntax; check the manual that corresponds to your MySQL server version for the right syntax to use near 'TO stock_quantity' at line 1
mysql> ALTER TABLE books RENAME COLUMN stock_qunatity TO stock_quantity;
ERROR 1064 (42000): You have an error in your SQL syntax; check the manual that corresponds to your MySQL server version for the right syntax to use near 'COLUMN stock_qunatity TO stock_quantity' at line 1
mysql> ALTER TABLE books RENAME COLUMN stock_qunatity TO stock_quantity;
ERROR 1064 (42000): You have an error in your SQL syntax; check the manual that corresponds to your MySQL server version for the right syntax to use near 'COLUMN stock_qunatity TO stock_quantity' at line 1
mysql> ALTER TABLE books CHANGE stock_qunatity stock_quantity VARCHAR(100);
Query OK, 16 rows affected (0.21 sec)
Records: 16  Duplicates: 0  Warnings: 0

mysql> SELECT * from books limit 1;
+---------+--------------+--------------+--------------+---------------+----------------+-------+
| book_id | title        | author_fname | author_lname | released_year | stock_quantity | pages |
+---------+--------------+--------------+--------------+---------------+----------------+-------+
|       1 | The Namesake | Jhumpa       | Lahiri       |          2003 | 32             |   291 |
+---------+--------------+--------------+--------------+---------------+----------------+-------+
1 row in set (0.00 sec)

mysql> SELECT 'Pay attention to what is going here..."ALTER TABLE books CHANGE stock_qunatity stock_quantity VARCHAR(100)"' as ' ';
+-------------------------------------------------------------------------------------------------------------+
|                                                                                                             |
+-------------------------------------------------------------------------------------------------------------+
| Pay attention to what is going here..."ALTER TABLE books CHANGE stock_qunatity stock_quantity VARCHAR(100)" |
+-------------------------------------------------------------------------------------------------------------+
1 row in set, 1 warning (0.00 sec)

mysql> SELECT 'RENAME syntax seemsspecific to Oracle databases' as ' ';
+-------------------------------------------------+
|                                                 |
+-------------------------------------------------+
| RENAME syntax seemsspecific to Oracle databases |
+-------------------------------------------------+
1 row in set, 1 warning (0.00 sec)

mysql> INSERT INTO books     (title, author_fname, author_lname, released_year, stock_quantity, pages)     VALUES ('10% Happier', 'Dan', 'Harris', 2014, 29, 256),             ('fake_book', 'Freida', 'Harris', 2001, 287, 428),            ('Lincoln In The Bardo', 'George', 'Saunders', 2017, 1000, 367);
Query OK, 3 rows affected (0.00 sec)
Records: 3  Duplicates: 0  Warnings: 0

mysql> SELECT title from books ;
+-----------------------------------------------------+
| title                                               |
+-----------------------------------------------------+
| The Namesake                                        |
| Norse Mythology                                     |
| American Gods                                       |
| Interpreter of Maladies                             |
| A Hologram for the King: A Novel                    |
| The Circle                                          |
| The Amazing Adventures of Kavalier & Clay           |
| Just Kids                                           |
| A Heartbreaking Work of Staggering Genius           |
| Coraline                                            |
| What We Talk About When We Talk About Love: Stories |
| Where I'm Calling From: Selected Stories            |
| White Noise                                         |
| Cannery Row                                         |
| Oblivion: Stories                                   |
| Consider the Lobster                                |
| 10% Happier                                         |
| fake_book                                           |
| Lincoln In The Bardo                                |
+-----------------------------------------------------+
19 rows in set (0.00 sec)

mysql> SELECT DISTINCT author_lname FROM books;
+----------------+
| author_lname   |
+----------------+
| Lahiri         |
| Gaiman         |
| Eggers         |
| Chabon         |
| Smith          |
| Carver         |
| DeLillo        |
| Steinbeck      |
| Foster Wallace |
| Harris         |
| Saunders       |
+----------------+
11 rows in set (0.00 sec)

mysql> SELECT author_fname, author_lname FROM books;
+--------------+----------------+
| author_fname | author_lname   |
+--------------+----------------+
| Jhumpa       | Lahiri         |
| Neil         | Gaiman         |
| Neil         | Gaiman         |
| Jhumpa       | Lahiri         |
| Dave         | Eggers         |
| Dave         | Eggers         |
| Michael      | Chabon         |
| Patti        | Smith          |
| Dave         | Eggers         |
| Neil         | Gaiman         |
| Raymond      | Carver         |
| Raymond      | Carver         |
| Don          | DeLillo        |
| John         | Steinbeck      |
| David        | Foster Wallace |
| David        | Foster Wallace |
| Dan          | Harris         |
| Freida       | Harris         |
| George       | Saunders       |
+--------------+----------------+
19 rows in set (0.00 sec)

mysql> SELECT DISTINCT CONCAT_WS(' ', author_fname,author_lname) FROM books;
+-------------------------------------------+
| CONCAT_WS(' ', author_fname,author_lname) |
+-------------------------------------------+
| Jhumpa Lahiri                             |
| Neil Gaiman                               |
| Dave Eggers                               |
| Michael Chabon                            |
| Patti Smith                               |
| Raymond Carver                            |
| Don DeLillo                               |
| John Steinbeck                            |
| David Foster Wallace                      |
| Dan Harris                                |
| Freida Harris                             |
| George Saunders                           |
+-------------------------------------------+
12 rows in set (0.00 sec)

mysql> SELECT DISTINCT author_fname,author_lname FROM books;
+--------------+----------------+
| author_fname | author_lname   |
+--------------+----------------+
| Jhumpa       | Lahiri         |
| Neil         | Gaiman         |
| Dave         | Eggers         |
| Michael      | Chabon         |
| Patti        | Smith          |
| Raymond      | Carver         |
| Don          | DeLillo        |
| John         | Steinbeck      |
| David        | Foster Wallace |
| Dan          | Harris         |
| Freida       | Harris         |
| George       | Saunders       |
+--------------+----------------+
12 rows in set (0.00 sec)

mysql> SELECT author_lname FROM books ORDER BY author_lname;
+----------------+
| author_lname   |
+----------------+
| Carver         |
| Carver         |
| Chabon         |
| DeLillo        |
| Eggers         |
| Eggers         |
| Eggers         |
| Foster Wallace |
| Foster Wallace |
| Gaiman         |
| Gaiman         |
| Gaiman         |
| Harris         |
| Harris         |
| Lahiri         |
| Lahiri         |
| Saunders       |
| Smith          |
| Steinbeck      |
+----------------+
19 rows in set (0.00 sec)

mysql> select title from books ORDER BY title;
+-----------------------------------------------------+
| title                                               |
+-----------------------------------------------------+
| 10% Happier                                         |
| A Heartbreaking Work of Staggering Genius           |
| A Hologram for the King: A Novel                    |
| American Gods                                       |
| Cannery Row                                         |
| Consider the Lobster                                |
| Coraline                                            |
| fake_book                                           |
| Interpreter of Maladies                             |
| Just Kids                                           |
| Lincoln In The Bardo                                |
| Norse Mythology                                     |
| Oblivion: Stories                                   |
| The Amazing Adventures of Kavalier & Clay           |
| The Circle                                          |
| The Namesake                                        |
| What We Talk About When We Talk About Love: Stories |
| Where I'm Calling From: Selected Stories            |
| White Noise                                         |
+-----------------------------------------------------+
19 rows in set (0.00 sec)

mysql> select title from books ORDER BY title DESC;
+-----------------------------------------------------+
| title                                               |
+-----------------------------------------------------+
| White Noise                                         |
| Where I'm Calling From: Selected Stories            |
| What We Talk About When We Talk About Love: Stories |
| The Namesake                                        |
| The Circle                                          |
| The Amazing Adventures of Kavalier & Clay           |
| Oblivion: Stories                                   |
| Norse Mythology                                     |
| Lincoln In The Bardo                                |
| Just Kids                                           |
| Interpreter of Maladies                             |
| fake_book                                           |
| Coraline                                            |
| Consider the Lobster                                |
| Cannery Row                                         |
| American Gods                                       |
| A Hologram for the King: A Novel                    |
| A Heartbreaking Work of Staggering Genius           |
| 10% Happier                                         |
+-----------------------------------------------------+
19 rows in set (0.00 sec)

mysql> select title from books ORDER BY title ASC;
+-----------------------------------------------------+
| title                                               |
+-----------------------------------------------------+
| 10% Happier                                         |
| A Heartbreaking Work of Staggering Genius           |
| A Hologram for the King: A Novel                    |
| American Gods                                       |
| Cannery Row                                         |
| Consider the Lobster                                |
| Coraline                                            |
| fake_book                                           |
| Interpreter of Maladies                             |
| Just Kids                                           |
| Lincoln In The Bardo                                |
| Norse Mythology                                     |
| Oblivion: Stories                                   |
| The Amazing Adventures of Kavalier & Clay           |
| The Circle                                          |
| The Namesake                                        |
| What We Talk About When We Talk About Love: Stories |
| Where I'm Calling From: Selected Stories            |
| White Noise                                         |
+-----------------------------------------------------+
19 rows in set (0.00 sec)

mysql> select 'as expected ascnding order is the default like in pandas etc' as 'note';
+--------------------------------------------------------------+
| note                                                         |
+--------------------------------------------------------------+
| as expected ascnding order is the default like in pandas etc |
+--------------------------------------------------------------+
1 row in set (0.00 sec)

mysql> select year,title from books ORDER BY year DESC;
ERROR 1054 (42S22): Unknown column 'year' in 'field list'
mysql> select released_year,title from books ORDER BY released_year DESC;
+---------------+-----------------------------------------------------+
| released_year | title                                               |
+---------------+-----------------------------------------------------+
|          2017 | Lincoln In The Bardo                                |
|          2016 | Norse Mythology                                     |
|          2014 | 10% Happier                                         |
|          2013 | The Circle                                          |
|          2012 | A Hologram for the King: A Novel                    |
|          2010 | Just Kids                                           |
|          2005 | Consider the Lobster                                |
|          2004 | Oblivion: Stories                                   |
|          2003 | Coraline                                            |
|          2003 | The Namesake                                        |
|          2001 | American Gods                                       |
|          2001 | A Heartbreaking Work of Staggering Genius           |
|          2001 | fake_book                                           |
|          2000 | The Amazing Adventures of Kavalier & Clay           |
|          1996 | Interpreter of Maladies                             |
|          1989 | Where I'm Calling From: Selected Stories            |
|          1985 | White Noise                                         |
|          1981 | What We Talk About When We Talk About Love: Stories |
|          1945 | Cannery Row                                         |
+---------------+-----------------------------------------------------+
19 rows in set (0.01 sec)

mysql> select CONCAT_WS('','The oldest book on this table is',title, 'by', author_fname, author_lname, ',and it was published in', released_year,'.') from books ORDER BY released_year limit 1;
+-----------------------------------------------------------------------------------------------------------------------------------------+
| CONCAT_WS('','The oldest book on this table is',title, 'by', author_fname, author_lname, ',and it was published in', released_year,'.') |
+-----------------------------------------------------------------------------------------------------------------------------------------+
| The oldest book on this table isCannery RowbyJohnSteinbeck,and it was published in1945.                                                 |
+-----------------------------------------------------------------------------------------------------------------------------------------+
1 row in set (0.01 sec)

mysql> select CONCAT_WS(' ','The oldest book on this table is',title, 'by', author_fname, author_lname, ',and it was published in', released_year,'.') from books ORDER BY released_year limit 1;
+------------------------------------------------------------------------------------------------------------------------------------------+
| CONCAT_WS(' ','The oldest book on this table is',title, 'by', author_fname, author_lname, ',and it was published in', released_year,'.') |
+------------------------------------------------------------------------------------------------------------------------------------------+
| The oldest book on this table is Cannery Row by John Steinbeck ,and it was published in 1945 .                                           |
+------------------------------------------------------------------------------------------------------------------------------------------+
1 row in set (0.00 sec)

mysql> select CONCAT_WS(' ','The oldest book on this table is',"{title}", 'by', author_fname, author_lname, ',and it was published in', released_year,'.') from books ORDER BY released_year limit 1;
+----------------------------------------------------------------------------------------------------------------------------------------------+
| CONCAT_WS(' ','The oldest book on this table is',"{title}", 'by', author_fname, author_lname, ',and it was published in', released_year,'.') |
+----------------------------------------------------------------------------------------------------------------------------------------------+
| The oldest book on this table is {title} by John Steinbeck ,and it was published in 1945 .                                                   |
+----------------------------------------------------------------------------------------------------------------------------------------------+
1 row in set (0.00 sec)

mysql> select CONCAT_WS(' ','The oldest book on this table is','"',title,'"', 'by', author_fname, author_lname, ',and it was published in', released_year,'.') from books ORDER BY released_year limit 1;
+--------------------------------------------------------------------------------------------------------------------------------------------------+
| CONCAT_WS(' ','The oldest book on this table is','"',title,'"', 'by', author_fname, author_lname, ',and it was published in', released_year,'.') |
+--------------------------------------------------------------------------------------------------------------------------------------------------+
| The oldest book on this table is " Cannery Row " by John Steinbeck ,and it was published in 1945 .                                               |
+--------------------------------------------------------------------------------------------------------------------------------------------------+
1 row in set (0.00 sec)

mysql> select CONCAT_WS(' ','The oldest book on this table is','"',title,'"', 'by', author_fname, author_lname, ',and it was published in', released_year,'.') from books ORDER BY 4 limit 1;
ERROR 1054 (42S22): Unknown column '4' in 'order clause'
mysql> select CONCAT_WS(' ','The oldest book on this table is','"',title,'"', 'by', author_fname, author_lname, ',and it was published in', released_year,'.') from books ORDER BY 9 limit 1;
ERROR 1054 (42S22): Unknown column '9' in 'order clause'
mysql> select CONCAT_WS(' ','The oldest book on this table is','"',title,'"', 'by', author_fname, author_lname, ',and it was published in', released_year,'.') from books ORDER BY 5 limit 1;
ERROR 1054 (42S22): Unknown column '5' in 'order clause'
mysql> SELECT 'I am messing with the col name index here. Apparently too complex case. Lets go easy. Shall we?' as 'note';
+-------------------------------------------------------------------------------------------------+
| note                                                                                            |
+-------------------------------------------------------------------------------------------------+
| I am messing with the col name index here. Apparently too complex case. Lets go easy. Shall we? |
+-------------------------------------------------------------------------------------------------+
1 row in set (0.00 sec)

mysql> select year,title from books ORDER BY 1 DESC;
ERROR 1054 (42S22): Unknown column 'year' in 'field list'
mysql> select released_year,title from books ORDER BY 1 DESC;
+---------------+-----------------------------------------------------+
| released_year | title                                               |
+---------------+-----------------------------------------------------+
|          2017 | Lincoln In The Bardo                                |
|          2016 | Norse Mythology                                     |
|          2014 | 10% Happier                                         |
|          2013 | The Circle                                          |
|          2012 | A Hologram for the King: A Novel                    |
|          2010 | Just Kids                                           |
|          2005 | Consider the Lobster                                |
|          2004 | Oblivion: Stories                                   |
|          2003 | Coraline                                            |
|          2003 | The Namesake                                        |
|          2001 | American Gods                                       |
|          2001 | A Heartbreaking Work of Staggering Genius           |
|          2001 | fake_book                                           |
|          2000 | The Amazing Adventures of Kavalier & Clay           |
|          1996 | Interpreter of Maladies                             |
|          1989 | Where I'm Calling From: Selected Stories            |
|          1985 | White Noise                                         |
|          1981 | What We Talk About When We Talk About Love: Stories |
|          1945 | Cannery Row                                         |
+---------------+-----------------------------------------------------+
19 rows in set (0.00 sec)

mysql> select released_year,title from books ORDER BY 2 DESC;
+---------------+-----------------------------------------------------+
| released_year | title                                               |
+---------------+-----------------------------------------------------+
|          1985 | White Noise                                         |
|          1989 | Where I'm Calling From: Selected Stories            |
|          1981 | What We Talk About When We Talk About Love: Stories |
|          2003 | The Namesake                                        |
|          2013 | The Circle                                          |
|          2000 | The Amazing Adventures of Kavalier & Clay           |
|          2004 | Oblivion: Stories                                   |
|          2016 | Norse Mythology                                     |
|          2017 | Lincoln In The Bardo                                |
|          2010 | Just Kids                                           |
|          1996 | Interpreter of Maladies                             |
|          2001 | fake_book                                           |
|          2003 | Coraline                                            |
|          2005 | Consider the Lobster                                |
|          1945 | Cannery Row                                         |
|          2001 | American Gods                                       |
|          2012 | A Hologram for the King: A Novel                    |
|          2001 | A Heartbreaking Work of Staggering Genius           |
|          2014 | 10% Happier                                         |
+---------------+-----------------------------------------------------+
19 rows in set (0.00 sec)

mysql> select 'OREDER BY index is much cooler, and perhaps more useful in complex cases.' as 'note';
+---------------------------------------------------------------------------+
| note                                                                      |
+---------------------------------------------------------------------------+
| OREDER BY index is much cooler, and perhaps more useful in complex cases. |
+---------------------------------------------------------------------------+
1 row in set (0.00 sec)

mysql> select released_year,title from books ORDER BY 1,2 DESC;
+---------------+-----------------------------------------------------+
| released_year | title                                               |
+---------------+-----------------------------------------------------+
|          1945 | Cannery Row                                         |
|          1981 | What We Talk About When We Talk About Love: Stories |
|          1985 | White Noise                                         |
|          1989 | Where I'm Calling From: Selected Stories            |
|          1996 | Interpreter of Maladies                             |
|          2000 | The Amazing Adventures of Kavalier & Clay           |
|          2001 | fake_book                                           |
|          2001 | American Gods                                       |
|          2001 | A Heartbreaking Work of Staggering Genius           |
|          2003 | The Namesake                                        |
|          2003 | Coraline                                            |
|          2004 | Oblivion: Stories                                   |
|          2005 | Consider the Lobster                                |
|          2010 | Just Kids                                           |
|          2012 | A Hologram for the King: A Novel                    |
|          2013 | The Circle                                          |
|          2014 | 10% Happier                                         |
|          2016 | Norse Mythology                                     |
|          2017 | Lincoln In The Bardo                                |
+---------------+-----------------------------------------------------+
19 rows in set (0.00 sec)

mysql> select released_year,title from books ORDER BY 1,2;
+---------------+-----------------------------------------------------+
| released_year | title                                               |
+---------------+-----------------------------------------------------+
|          1945 | Cannery Row                                         |
|          1981 | What We Talk About When We Talk About Love: Stories |
|          1985 | White Noise                                         |
|          1989 | Where I'm Calling From: Selected Stories            |
|          1996 | Interpreter of Maladies                             |
|          2000 | The Amazing Adventures of Kavalier & Clay           |
|          2001 | A Heartbreaking Work of Staggering Genius           |
|          2001 | American Gods                                       |
|          2001 | fake_book                                           |
|          2003 | Coraline                                            |
|          2003 | The Namesake                                        |
|          2004 | Oblivion: Stories                                   |
|          2005 | Consider the Lobster                                |
|          2010 | Just Kids                                           |
|          2012 | A Hologram for the King: A Novel                    |
|          2013 | The Circle                                          |
|          2014 | 10% Happier                                         |
|          2016 | Norse Mythology                                     |
|          2017 | Lincoln In The Bardo                                |
+---------------+-----------------------------------------------------+
19 rows in set (0.00 sec)

mysql> select released_year,title from books ORDER BY 2,1;
+---------------+-----------------------------------------------------+
| released_year | title                                               |
+---------------+-----------------------------------------------------+
|          2014 | 10% Happier                                         |
|          2001 | A Heartbreaking Work of Staggering Genius           |
|          2012 | A Hologram for the King: A Novel                    |
|          2001 | American Gods                                       |
|          1945 | Cannery Row                                         |
|          2005 | Consider the Lobster                                |
|          2003 | Coraline                                            |
|          2001 | fake_book                                           |
|          1996 | Interpreter of Maladies                             |
|          2010 | Just Kids                                           |
|          2017 | Lincoln In The Bardo                                |
|          2016 | Norse Mythology                                     |
|          2004 | Oblivion: Stories                                   |
|          2000 | The Amazing Adventures of Kavalier & Clay           |
|          2013 | The Circle                                          |
|          2003 | The Namesake                                        |
|          1981 | What We Talk About When We Talk About Love: Stories |
|          1989 | Where I'm Calling From: Selected Stories            |
|          1985 | White Noise                                         |
+---------------+-----------------------------------------------------+
19 rows in set (0.00 sec)

mysql> select author_fname,author_lname from books ORDER BY 2,1;
+--------------+----------------+
| author_fname | author_lname   |
+--------------+----------------+
| Raymond      | Carver         |
| Raymond      | Carver         |
| Michael      | Chabon         |
| Don          | DeLillo        |
| Dave         | Eggers         |
| Dave         | Eggers         |
| Dave         | Eggers         |
| David        | Foster Wallace |
| David        | Foster Wallace |
| Neil         | Gaiman         |
| Neil         | Gaiman         |
| Neil         | Gaiman         |
| Dan          | Harris         |
| Freida       | Harris         |
| Jhumpa       | Lahiri         |
| Jhumpa       | Lahiri         |
| George       | Saunders       |
| Patti        | Smith          |
| John         | Steinbeck      |
+--------------+----------------+
19 rows in set (0.00 sec)

mysql> select author_fname,author_lname from books ORDER BY 1,2;
+--------------+----------------+
| author_fname | author_lname   |
+--------------+----------------+
| Dan          | Harris         |
| Dave         | Eggers         |
| Dave         | Eggers         |
| Dave         | Eggers         |
| David        | Foster Wallace |
| David        | Foster Wallace |
| Don          | DeLillo        |
| Freida       | Harris         |
| George       | Saunders       |
| Jhumpa       | Lahiri         |
| Jhumpa       | Lahiri         |
| John         | Steinbeck      |
| Michael      | Chabon         |
| Neil         | Gaiman         |
| Neil         | Gaiman         |
| Neil         | Gaiman         |
| Patti        | Smith          |
| Raymond      | Carver         |
| Raymond      | Carver         |
+--------------+----------------+
19 rows in set (0.00 sec)

mysql> select author_fname,author_lname from books ORDER BY 1,2 DESC,DESC;
ERROR 1064 (42000): You have an error in your SQL syntax; check the manual that corresponds to your MySQL server version for the right syntax to use near 'DESC' at line 1
mysql> select author_fname,author_lname from books ORDER BY 1,2 (DESC,DESC);
ERROR 1064 (42000): You have an error in your SQL syntax; check the manual that corresponds to your MySQL server version for the right syntax to use near '(DESC,DESC)' at line 1
mysql> SELECT " Pandas allows multi  keys for ORDER BY. Something like (DESC,DESC). Is there such as thing in mysql?" as 'question';
+-------------------------------------------------------------------------------------------------------+
| question                                                                                              |
+-------------------------------------------------------------------------------------------------------+
|  Pandas allows multi  keys for ORDER BY. Something like (DESC,DESC). Is there such as thing in mysql? |
+-------------------------------------------------------------------------------------------------------+
1 row in set (0.00 sec)

mysql> select title,released_year from books ORDER BY 2, DESC 10,1;
ERROR 1064 (42000): You have an error in your SQL syntax; check the manual that corresponds to your MySQL server version for the right syntax to use near 'DESC 10,1' at line 1
mysql> select title,released_year from books ORDER BY 2 DESC 10,1;
ERROR 1064 (42000): You have an error in your SQL syntax; check the manual that corresponds to your MySQL server version for the right syntax to use near '10,1' at line 1
mysql> select title,released_year from books ORDER BY 2 DESC LIMIT 10,1;
+---------------+---------------+
| title         | released_year |
+---------------+---------------+
| American Gods |          2001 |
+---------------+---------------+
1 row in set (0.00 sec)

mysql> select book_id,title,released_year from books ORDER BY 3 DESC LIMIT 10,1;
+---------+---------------+---------------+
| book_id | title         | released_year |
+---------+---------------+---------------+
|       3 | American Gods |          2001 |
+---------+---------------+---------------+
1 row in set (0.01 sec)

mysql> select book_id,title,released_year from books ORDER BY 3 DESC LIMIT 10;
+---------+----------------------------------+---------------+
| book_id | title                            | released_year |
+---------+----------------------------------+---------------+
|      19 | Lincoln In The Bardo             |          2017 |
|       2 | Norse Mythology                  |          2016 |
|      17 | 10% Happier                      |          2014 |
|       6 | The Circle                       |          2013 |
|       5 | A Hologram for the King: A Novel |          2012 |
|       8 | Just Kids                        |          2010 |
|      16 | Consider the Lobster             |          2005 |
|      15 | Oblivion: Stories                |          2004 |
|       1 | The Namesake                     |          2003 |
|      10 | Coraline                         |          2003 |
+---------+----------------------------------+---------------+
10 rows in set (0.00 sec)

mysql> select book_id,title,released_year from books ORDER BY 3 DESC LIMIT 5;
+---------+----------------------------------+---------------+
| book_id | title                            | released_year |
+---------+----------------------------------+---------------+
|      19 | Lincoln In The Bardo             |          2017 |
|       2 | Norse Mythology                  |          2016 |
|      17 | 10% Happier                      |          2014 |
|       6 | The Circle                       |          2013 |
|       5 | A Hologram for the King: A Novel |          2012 |
+---------+----------------------------------+---------------+
5 rows in set (0.00 sec)

mysql> select book_id,title,released_year from books ORDER BY 3 DESC LIMIT 0,5;
+---------+----------------------------------+---------------+
| book_id | title                            | released_year |
+---------+----------------------------------+---------------+
|      19 | Lincoln In The Bardo             |          2017 |
|       2 | Norse Mythology                  |          2016 |
|      17 | 10% Happier                      |          2014 |
|       6 | The Circle                       |          2013 |
|       5 | A Hologram for the King: A Novel |          2012 |
+---------+----------------------------------+---------------+
5 rows in set (0.00 sec)

mysql> select book_id,title,released_year from books ORDER BY 3 DESC LIMIT 5,1;
+---------+-----------+---------------+
| book_id | title     | released_year |
+---------+-----------+---------------+
|       8 | Just Kids |          2010 |
+---------+-----------+---------------+
1 row in set (0.00 sec)

mysql> select book_id,title,released_year from books ORDER BY 3 DESC LIMIT 6;
+---------+----------------------------------+---------------+
| book_id | title                            | released_year |
+---------+----------------------------------+---------------+
|      19 | Lincoln In The Bardo             |          2017 |
|       2 | Norse Mythology                  |          2016 |
|      17 | 10% Happier                      |          2014 |
|       6 | The Circle                       |          2013 |
|       5 | A Hologram for the King: A Novel |          2012 |
|       8 | Just Kids                        |          2010 |
+---------+----------------------------------+---------------+
6 rows in set (0.00 sec)

mysql> select book_id,title,released_year from books ORDER BY 3 DESC LIMIT 5;
+---------+----------------------------------+---------------+
| book_id | title                            | released_year |
+---------+----------------------------------+---------------+
|      19 | Lincoln In The Bardo             |          2017 |
|       2 | Norse Mythology                  |          2016 |
|      17 | 10% Happier                      |          2014 |
|       6 | The Circle                       |          2013 |
|       5 | A Hologram for the King: A Novel |          2012 |
+---------+----------------------------------+---------------+
5 rows in set (0.00 sec)

mysql> select book_id,title,released_year from books ORDER BY 3 DESC LIMIT 5,1;
+---------+-----------+---------------+
| book_id | title     | released_year |
+---------+-----------+---------------+
|       8 | Just Kids |          2010 |
+---------+-----------+---------------+
1 row in set (0.00 sec)

mysql> select book_id,title,released_year from books ORDER BY 3 DESC LIMIT 6;
+---------+----------------------------------+---------------+
| book_id | title                            | released_year |
+---------+----------------------------------+---------------+
|      19 | Lincoln In The Bardo             |          2017 |
|       2 | Norse Mythology                  |          2016 |
|      17 | 10% Happier                      |          2014 |
|       6 | The Circle                       |          2013 |
|       5 | A Hologram for the King: A Novel |          2012 |
|       8 | Just Kids                        |          2010 |
+---------+----------------------------------+---------------+
6 rows in set (0.00 sec)

mysql> select book_id,title,released_year from books  LIMIT 6;
+---------+----------------------------------+---------------+
| book_id | title                            | released_year |
+---------+----------------------------------+---------------+
|       1 | The Namesake                     |          2003 |
|       2 | Norse Mythology                  |          2016 |
|       3 | American Gods                    |          2001 |
|       4 | Interpreter of Maladies          |          1996 |
|       5 | A Hologram for the King: A Novel |          2012 |
|       6 | The Circle                       |          2013 |
+---------+----------------------------------+---------------+
6 rows in set (0.00 sec)

mysql> select book_id,title,released_year from books  LIMIT 5,1;
+---------+------------+---------------+
| book_id | title      | released_year |
+---------+------------+---------------+
|       6 | The Circle |          2013 |
+---------+------------+---------------+
1 row in set (0.00 sec)

mysql> select book_id,title,released_year from books  LIMIT 5,10000000000000000000000000000000;
ERROR 1064 (42000): You have an error in your SQL syntax; check the manual that corresponds to your MySQL server version for the right syntax to use near '10000000000000000000000000000000' at line 1
mysql> select book_id,title,released_year from books  LIMIT 5,10000000000000000000000000000001;
ERROR 1064 (42000): You have an error in your SQL syntax; check the manual that corresponds to your MySQL server version for the right syntax to use near '10000000000000000000000000000001' at line 1
mysql> select book_id,title,released_year from books  LIMIT 5,100000000000001;
+---------+-----------------------------------------------------+---------------+
| book_id | title                                               | released_year |
+---------+-----------------------------------------------------+---------------+
|       6 | The Circle                                          |          2013 |
|       7 | The Amazing Adventures of Kavalier & Clay           |          2000 |
|       8 | Just Kids                                           |          2010 |
|       9 | A Heartbreaking Work of Staggering Genius           |          2001 |
|      10 | Coraline                                            |          2003 |
|      11 | What We Talk About When We Talk About Love: Stories |          1981 |
|      12 | Where I'm Calling From: Selected Stories            |          1989 |
|      13 | White Noise                                         |          1985 |
|      14 | Cannery Row                                         |          1945 |
|      15 | Oblivion: Stories                                   |          2004 |
|      16 | Consider the Lobster                                |          2005 |
|      17 | 10% Happier                                         |          2014 |
|      18 | fake_book                                           |          2001 |
|      19 | Lincoln In The Bardo                                |          2017 |
+---------+-----------------------------------------------------+---------------+
14 rows in set (0.00 sec)

mysql> select 'It is very weird there seems to be no way of knowing the number of rows of a table before hand! See above select stmt and the reason behind using the gigantic number.' as 'note';
+------------------------------------------------------------------------------------------------------------------------------------------------------------------------+
| note                                                                                                                                                                   |
+------------------------------------------------------------------------------------------------------------------------------------------------------------------------+
| It is very weird there seems to be no way of knowing the number of rows of a table before hand! See above select stmt and the reason behind using the gigantic number. |
+------------------------------------------------------------------------------------------------------------------------------------------------------------------------+
1 row in set (0.00 sec)

mysql> mysql> use books_db;
Reading table information for completion of table and column names
You can turn off this feature to get a quicker startup with -A

Database changed
mysql> select author_lname from books limit 5;
+--------------+
| author_lname |
+--------------+
| Lahiri       |
| Gaiman       |
| Gaiman       |
| Lahiri       |
| Eggers       |
+--------------+
5 rows in set (0.00 sec)

mysql> select author_lname from books where author_name like '%G%'limit 5;
ERROR 1054 (42S22): Unknown column 'author_name' in 'where clause'
mysql> select author_lname from books where author_name like '%G%' limit 5;
ERROR 1054 (42S22): Unknown column 'author_name' in 'where clause'
mysql> select author_lname from books where author_Lname like '%G%' limit 5;
+--------------+
| author_lname |
+--------------+
| Gaiman       |
| Gaiman       |
| Eggers       |
| Eggers       |
| Eggers       |
+--------------+
5 rows in set (0.00 sec)

mysql> select author_lname from books where author_Lname like 'G%' limit 5;
+--------------+
| author_lname |
+--------------+
| Gaiman       |
| Gaiman       |
| Gaiman       |
+--------------+
3 rows in set (0.00 sec)

mysql> select author_lname from books where author_Lname like '%G' limit 5;
Empty set (0.00 sec)

mysql> select author_lname from books where author_Lname like '%G%A' limit 5;
Empty set (0.00 sec)

mysql> select author_lname from books where author_Lname like '%G%' limit 5;
+--------------+
| author_lname |
+--------------+
| Gaiman       |
| Gaiman       |
| Eggers       |
| Eggers       |
| Eggers       |
+--------------+
5 rows in set (0.00 sec)

mysql> select author_lname from books where author_Lname like '%G%' and author_lname like '%E'limit 5;
Empty set (0.00 sec)

mysql> select author_lname from books where author_Lname like '%G%' and author_lname like '%E%'limit 5;
+--------------+
| author_lname |
+--------------+
| Eggers       |
| Eggers       |
| Eggers       |
+--------------+
3 rows in set (0.00 sec)

mysql> select author_lname from books limit where stock_quantity like '____'5;
ERROR 1064 (42000): You have an error in your SQL syntax; check the manual that corresponds to your MySQL server version for the right syntax to use near 'where stock_quantity like '____'5' at line 1
mysql> select author_lname from books limit where stock_quantity like '____';
ERROR 1064 (42000): You have an error in your SQL syntax; check the manual that corresponds to your MySQL server version for the right syntax to use near 'where stock_quantity like '____'' at line 1
mysql> select author_lname from books where stock_quantity like '____';
+--------------+
| author_lname |
+--------------+
| Saunders     |
+--------------+
1 row in set (0.00 sec)

mysql> select author_lname from books where stock_quantity like '%%%%';
+----------------+
| author_lname   |
+----------------+
| Lahiri         |
| Gaiman         |
| Gaiman         |
| Lahiri         |
| Eggers         |
| Eggers         |
| Chabon         |
| Smith          |
| Eggers         |
| Gaiman         |
| Carver         |
| Carver         |
| DeLillo        |
| Steinbeck      |
| Foster Wallace |
| Foster Wallace |
| Harris         |
| Harris         |
| Saunders       |
+----------------+
19 rows in set (0.00 sec)

mysql> select stock_quantity,author_lname from books where stock_quantity like '%%%%';
+----------------+----------------+
| stock_quantity | author_lname   |
+----------------+----------------+
| 32             | Lahiri         |
| 43             | Gaiman         |
| 12             | Gaiman         |
| 97             | Lahiri         |
| 154            | Eggers         |
| 26             | Eggers         |
| 68             | Chabon         |
| 55             | Smith          |
| 104            | Eggers         |
| 100            | Gaiman         |
| 23             | Carver         |
| 12             | Carver         |
| 49             | DeLillo        |
| 95             | Steinbeck      |
| 172            | Foster Wallace |
| 92             | Foster Wallace |
| 29             | Harris         |
| 287            | Harris         |
| 1000           | Saunders       |
+----------------+----------------+
19 rows in set (0.00 sec)

mysql> select stock_quantity,author_lname from books where stock_quantity like '____';
+----------------+--------------+
| stock_quantity | author_lname |
+----------------+--------------+
| 1000           | Saunders     |
+----------------+--------------+
1 row in set (0.00 sec)

mysql> select stock_quantity,author_lname from books where stock_quantity like '_';
Empty set (0.00 sec)

mysql> select stock_quantity,author_lname from books where stock_quantity like '__';
+----------------+----------------+
| stock_quantity | author_lname   |
+----------------+----------------+
| 32             | Lahiri         |
| 43             | Gaiman         |
| 12             | Gaiman         |
| 97             | Lahiri         |
| 26             | Eggers         |
| 68             | Chabon         |
| 55             | Smith          |
| 23             | Carver         |
| 12             | Carver         |
| 49             | DeLillo        |
| 95             | Steinbeck      |
| 92             | Foster Wallace |
| 29             | Harris         |
+----------------+----------------+
13 rows in set (0.00 sec)

mysql> select '(235)234-0988' as 'phone number' where 'phone number' like '(___)___-___'; 
ERROR 1064 (42000): You have an error in your SQL syntax; check the manual that corresponds to your MySQL server version for the right syntax to use near 'where 'phone number' like '(___)___-___'' at line 1
mysql> select (235)234-0988 as 'phone number' where 'phone number' like '(___)___-___';
ERROR 1064 (42000): You have an error in your SQL syntax; check the manual that corresponds to your MySQL server version for the right syntax to use near '234-0988 as 'phone number' where 'phone number' like '(___)___-___'' at line 1
mysql> select stock_quantity,author_lname from books where title like '%\%%';
+----------------+--------------+
| stock_quantity | author_lname |
+----------------+--------------+
| 29             | Harris       |
+----------------+--------------+
1 row in set (0.00 sec)

mysql> select * from books where title like '%\%%';
+---------+-------------+--------------+--------------+---------------+----------------+-------+
| book_id | title       | author_fname | author_lname | released_year | stock_quantity | pages |
+---------+-------------+--------------+--------------+---------------+----------------+-------+
|      17 | 10% Happier | Dan          | Harris       |          2014 | 29             |   256 |
+---------+-------------+--------------+--------------+---------------+----------------+-------+
1 row in set (0.00 sec)

mysql> select * from books where title like '%\_%';
+---------+-----------+--------------+--------------+---------------+----------------+-------+
| book_id | title     | author_fname | author_lname | released_year | stock_quantity | pages |
+---------+-----------+--------------+--------------+---------------+----------------+-------+
|      18 | fake_book | Freida       | Harris       |          2001 | 287            |   428 |
+---------+-----------+--------------+--------------+---------------+----------------+-------+
1 row in set (0.00 sec)

mysql> select 'DISTINCT, LIMIT, ORDER BY, LIKE' AS 'NOTE';
+---------------------------------+
| NOTE                            |
+---------------------------------+
| DISTINCT, LIMIT, ORDER BY, LIKE |
+---------------------------------+
1 row in set (0.00 sec)

mysql> mysql> show databases;
+--------------------+
| Database           |
+--------------------+
| information_schema |
| bakery_app         |
| books_db           |
| cats_app           |
| mysql              |
| performance_schema |
| shirts_db          |
| sys                |
+--------------------+
8 rows in set (0.05 sec)

mysql> use books_db;
Reading table information for completion of table and column names
You can turn off this feature to get a quicker startup with -A

Database changed
mysql> selelct concat_ws(title,released_year) as summary from books; 
ERROR 1064 (42000): You have an error in your SQL syntax; check the manual that corresponds to your MySQL server version for the right syntax to use near 'selelct concat_ws(title,released_year) as summary from books' at line 1
mysql> selelct concat_ws(' - ',title,released_year) as summary from books;
ERROR 1064 (42000): You have an error in your SQL syntax; check the manual that corresponds to your MySQL server version for the right syntax to use near 'selelct concat_ws(' - ',title,released_year) as summary from books' at line 1
mysql> selelct concat_ws('-',title,released_year) as summary from books;
ERROR 1064 (42000): You have an error in your SQL syntax; check the manual that corresponds to your MySQL server version for the right syntax to use near 'selelct concat_ws('-',title,released_year) as summary from books' at line 1
mysql> selelct concat(title,' - ',released_year) as summary from books;
ERROR 1064 (42000): You have an error in your SQL syntax; check the manual that corresponds to your MySQL server version for the right syntax to use near 'selelct concat(title,' - ',released_year) as summary from books' at line 1
mysql> select concat_ws('-',title,released_year) as summary from books;
+----------------------------------------------------------+
| summary                                                  |
+----------------------------------------------------------+
| The Namesake-2003                                        |
| Norse Mythology-2016                                     |
| American Gods-2001                                       |
| Interpreter of Maladies-1996                             |
| A Hologram for the King: A Novel-2012                    |
| The Circle-2013                                          |
| The Amazing Adventures of Kavalier & Clay-2000           |
| Just Kids-2010                                           |
| A Heartbreaking Work of Staggering Genius-2001           |
| Coraline-2003                                            |
| What We Talk About When We Talk About Love: Stories-1981 |
| Where I'm Calling From: Selected Stories-1989            |
| White Noise-1985                                         |
| Cannery Row-1945                                         |
| Oblivion: Stories-2004                                   |
| Consider the Lobster-2005                                |
| 10% Happier-2014                                         |
| fake_book-2001                                           |
| Lincoln In The Bardo-2017                                |
+----------------------------------------------------------+
19 rows in set (0.00 sec)

mysql> select concat_ws(' - ',title,released_year) as summary from books;
+------------------------------------------------------------+
| summary                                                    |
+------------------------------------------------------------+
| The Namesake - 2003                                        |
| Norse Mythology - 2016                                     |
| American Gods - 2001                                       |
| Interpreter of Maladies - 1996                             |
| A Hologram for the King: A Novel - 2012                    |
| The Circle - 2013                                          |
| The Amazing Adventures of Kavalier & Clay - 2000           |
| Just Kids - 2010                                           |
| A Heartbreaking Work of Staggering Genius - 2001           |
| Coraline - 2003                                            |
| What We Talk About When We Talk About Love: Stories - 1981 |
| Where I'm Calling From: Selected Stories - 1989            |
| White Noise - 1985                                         |
| Cannery Row - 1945                                         |
| Oblivion: Stories - 2004                                   |
| Consider the Lobster - 2005                                |
| 10% Happier - 2014                                         |
| fake_book - 2001                                           |
| Lincoln In The Bardo - 2017                                |
+------------------------------------------------------------+
19 rows in set (0.00 sec)

mysql> select concat_ws(' - ',title,released_year) as summary from books order by 3 desc limit 5;
ERROR 1054 (42S22): Unknown column '3' in 'order clause'
mysql> select concat_ws(' - ',title,released_year) as summary from books order by 2 desc limit 5;
ERROR 1054 (42S22): Unknown column '2' in 'order clause'
mysql> select concat_ws(' - ',title,released_year) as summary from books order by released_year  desc limit 5;
+-----------------------------------------+
| summary                                 |
+-----------------------------------------+
| Lincoln In The Bardo - 2017             |
| Norse Mythology - 2016                  |
| 10% Happier - 2014                      |
| The Circle - 2013                       |
| A Hologram for the King: A Novel - 2012 |
+-----------------------------------------+
5 rows in set (0.00 sec)

mysql> seelct 'so  order by some column number, instead of the actual column name, works only if the corresponding column is in the selection outside of a function such as concat.
    '> Compare "select concat_ws(' - ',title,released_year) as summary from books order by 2;" and " select title, released_year as summary from books order by 2;". Only the latter works!'
    -> '
    '> '
    -> ''
    -> "
    "> ""
    "> ''
    "> \c
    "> 
    "> ^C
mysql> select concat_ws(' ', 'MY FAVOURITE AUTHOR IS',UPPER(author_fname),UPPER(author_lname)); as yell from books;
ERROR 1054 (42S22): Unknown column 'author_fname' in 'field list'
ERROR 1064 (42000): You have an error in your SQL syntax; check the manual that corresponds to your MySQL server version for the right syntax to use near 'as yell from books' at line 1
mysql> select concat_ws(' ', 'MY FAVOURITE AUTHOR IS',UPPER(author_fname),UPPER(author_lname)) as yell from books;
+---------------------------------------------+
| yell                                        |
+---------------------------------------------+
| MY FAVOURITE AUTHOR IS JHUMPA LAHIRI        |
| MY FAVOURITE AUTHOR IS NEIL GAIMAN          |
| MY FAVOURITE AUTHOR IS NEIL GAIMAN          |
| MY FAVOURITE AUTHOR IS JHUMPA LAHIRI        |
| MY FAVOURITE AUTHOR IS DAVE EGGERS          |
| MY FAVOURITE AUTHOR IS DAVE EGGERS          |
| MY FAVOURITE AUTHOR IS MICHAEL CHABON       |
| MY FAVOURITE AUTHOR IS PATTI SMITH          |
| MY FAVOURITE AUTHOR IS DAVE EGGERS          |
| MY FAVOURITE AUTHOR IS NEIL GAIMAN          |
| MY FAVOURITE AUTHOR IS RAYMOND CARVER       |
| MY FAVOURITE AUTHOR IS RAYMOND CARVER       |
| MY FAVOURITE AUTHOR IS DON DELILLO          |
| MY FAVOURITE AUTHOR IS JOHN STEINBECK       |
| MY FAVOURITE AUTHOR IS DAVID FOSTER WALLACE |
| MY FAVOURITE AUTHOR IS DAVID FOSTER WALLACE |
| MY FAVOURITE AUTHOR IS DAN HARRIS           |
| MY FAVOURITE AUTHOR IS FREIDA HARRIS        |
| MY FAVOURITE AUTHOR IS GEORGE SAUNDERS      |
+---------------------------------------------+
19 rows in set (0.00 sec)

mysql> select concat_ws(' ', 'MY FAVOURITE AUTHOR IS',UPPER(author_fname),UPPER(author_lname)) as yell from books order by author_lname;
+---------------------------------------------+
| yell                                        |
+---------------------------------------------+
| MY FAVOURITE AUTHOR IS RAYMOND CARVER       |
| MY FAVOURITE AUTHOR IS RAYMOND CARVER       |
| MY FAVOURITE AUTHOR IS MICHAEL CHABON       |
| MY FAVOURITE AUTHOR IS DON DELILLO          |
| MY FAVOURITE AUTHOR IS DAVE EGGERS          |
| MY FAVOURITE AUTHOR IS DAVE EGGERS          |
| MY FAVOURITE AUTHOR IS DAVE EGGERS          |
| MY FAVOURITE AUTHOR IS DAVID FOSTER WALLACE |
| MY FAVOURITE AUTHOR IS DAVID FOSTER WALLACE |
| MY FAVOURITE AUTHOR IS NEIL GAIMAN          |
| MY FAVOURITE AUTHOR IS NEIL GAIMAN          |
| MY FAVOURITE AUTHOR IS NEIL GAIMAN          |
| MY FAVOURITE AUTHOR IS DAN HARRIS           |
| MY FAVOURITE AUTHOR IS FREIDA HARRIS        |
| MY FAVOURITE AUTHOR IS JHUMPA LAHIRI        |
| MY FAVOURITE AUTHOR IS JHUMPA LAHIRI        |
| MY FAVOURITE AUTHOR IS GEORGE SAUNDERS      |
| MY FAVOURITE AUTHOR IS PATTI SMITH          |
| MY FAVOURITE AUTHOR IS JOHN STEINBECK       |
+---------------------------------------------+
19 rows in set (0.00 sec)

mysql> select concat_ws(' ', 'MY FAVOURITE AUTHOR IS',UPPER(author_fname),UPPER(author_lname),'!!') as yell from books order by author_lname;
+------------------------------------------------+
| yell                                           |
+------------------------------------------------+
| MY FAVOURITE AUTHOR IS RAYMOND CARVER !!       |
| MY FAVOURITE AUTHOR IS RAYMOND CARVER !!       |
| MY FAVOURITE AUTHOR IS MICHAEL CHABON !!       |
| MY FAVOURITE AUTHOR IS DON DELILLO !!          |
| MY FAVOURITE AUTHOR IS DAVE EGGERS !!          |
| MY FAVOURITE AUTHOR IS DAVE EGGERS !!          |
| MY FAVOURITE AUTHOR IS DAVE EGGERS !!          |
| MY FAVOURITE AUTHOR IS DAVID FOSTER WALLACE !! |
| MY FAVOURITE AUTHOR IS DAVID FOSTER WALLACE !! |
| MY FAVOURITE AUTHOR IS NEIL GAIMAN !!          |
| MY FAVOURITE AUTHOR IS NEIL GAIMAN !!          |
| MY FAVOURITE AUTHOR IS NEIL GAIMAN !!          |
| MY FAVOURITE AUTHOR IS DAN HARRIS !!           |
| MY FAVOURITE AUTHOR IS FREIDA HARRIS !!        |
| MY FAVOURITE AUTHOR IS JHUMPA LAHIRI !!        |
| MY FAVOURITE AUTHOR IS JHUMPA LAHIRI !!        |
| MY FAVOURITE AUTHOR IS GEORGE SAUNDERS !!      |
| MY FAVOURITE AUTHOR IS PATTI SMITH !!          |
| MY FAVOURITE AUTHOR IS JOHN STEINBECK !!       |
+------------------------------------------------+
19 rows in set (0.00 sec)

mysql> select concat_ws(' ', 'The latest published book is',title) as yell from books order by released_year desc limit 1;
+---------------------------------------------------+
| yell                                              |
+---------------------------------------------------+
| The latest published book is Lincoln In The Bardo |
+---------------------------------------------------+
1 row in set (0.00 sec)

mysql> select concat_ws(' ', 'The latest published book is',title, ', it was published in', released_year,'.') as yell from books order by released_year desc limit 1;
+--------------------------------------------------------------------------------+
| yell                                                                           |
+--------------------------------------------------------------------------------+
| The latest published book is Lincoln In The Bardo , it was published in 2017 . |
+--------------------------------------------------------------------------------+
1 row in set (0.00 sec)

mysql> select concat_ws(' ', 'The earliest published book is',title, ', it was published in', released_year,'.') as yell from books order by released_year limit 1;
+-------------------------------------------------------------------------+
| yell                                                                    |
+-------------------------------------------------------------------------+
| The earliest published book is Cannery Row , it was published in 1945 . |
+-------------------------------------------------------------------------+
1 row in set (0.00 sec)

mysql> select ' next up is aggregate functions!'
    -> !
    -> ^C
mysql> select ' next up is aggregate functions\!'
    -> ^C
mysql> select ' next up is aggregate functions'
    -> as ''
    -> ^C
mysql> select concat('next up is aggregate functions!') as 'section'
    -> ;
+---------------------------------+
| section                         |
+---------------------------------+
| next up is aggregate functions! |
+---------------------------------+
1 row in set (0.01 sec)

mysql> select concat('don"t for get your ";" :)') as 'note'
    -> ;
+---------------------------+
| note                      |
+---------------------------+
| don"t for get your ";" :) |
+---------------------------+
1 row in set (0.00 sec)

mysql> select count(*) from books;
+----------+
| count(*) |
+----------+
|       19 |
+----------+
1 row in set (0.00 sec)

mysql> select count(author_fname) from books;
+---------------------+
| count(author_fname) |
+---------------------+
|                  19 |
+---------------------+
1 row in set (0.00 sec)

mysql> select DISTINCT count(author_fname) from books;
+---------------------+
| count(author_fname) |
+---------------------+
|                  19 |
+---------------------+
1 row in set (0.00 sec)

mysql> select  count(DISTINCT author_fname) from books;
+------------------------------+
| count(DISTINCT author_fname) |
+------------------------------+
|                           12 |
+------------------------------+
1 row in set (0.02 sec)

mysql> SELECT ' the function DISTINCT has to be right before the column it qualifies! See above two queries.';
+-----------------------------------------------------------------------------------------------+
| the function DISTINCT has to be right before the column it qualifies! See above two queries.  |
+-----------------------------------------------------------------------------------------------+
|  the function DISTINCT has to be right before the column it qualifies! See above two queries. |
+-----------------------------------------------------------------------------------------------+
1 row in set (0.00 sec)

mysql> SELECT ' the function DISTINCT has to be right before the column it qualifies! See above two queries.' as note;
+-----------------------------------------------------------------------------------------------+
| note                                                                                          |
+-----------------------------------------------------------------------------------------------+
|  the function DISTINCT has to be right before the column it qualifies! See above two queries. |
+-----------------------------------------------------------------------------------------------+
1 row in set (0.00 sec)

mysql> select count(substr(title,'the')) from books;
+----------------------------+
| count(substr(title,'the')) |
+----------------------------+
|                         19 |
+----------------------------+
1 row in set, 20 warnings (0.01 sec)

mysql> show warnings;
+---------+------+------------------------------------------+
| Level   | Code | Message                                  |
+---------+------+------------------------------------------+
| Warning | 1292 | Truncated incorrect INTEGER value: 'the' |
| Warning | 1292 | Truncated incorrect INTEGER value: 'the' |
| Warning | 1292 | Truncated incorrect INTEGER value: 'the' |
| Warning | 1292 | Truncated incorrect INTEGER value: 'the' |
| Warning | 1292 | Truncated incorrect INTEGER value: 'the' |
| Warning | 1292 | Truncated incorrect INTEGER value: 'the' |
| Warning | 1292 | Truncated incorrect INTEGER value: 'the' |
| Warning | 1292 | Truncated incorrect INTEGER value: 'the' |
| Warning | 1292 | Truncated incorrect INTEGER value: 'the' |
| Warning | 1292 | Truncated incorrect INTEGER value: 'the' |
| Warning | 1292 | Truncated incorrect INTEGER value: 'the' |
| Warning | 1292 | Truncated incorrect INTEGER value: 'the' |
| Warning | 1292 | Truncated incorrect INTEGER value: 'the' |
| Warning | 1292 | Truncated incorrect INTEGER value: 'the' |
| Warning | 1292 | Truncated incorrect INTEGER value: 'the' |
| Warning | 1292 | Truncated incorrect INTEGER value: 'the' |
| Warning | 1292 | Truncated incorrect INTEGER value: 'the' |
| Warning | 1292 | Truncated incorrect INTEGER value: 'the' |
| Warning | 1292 | Truncated incorrect INTEGER value: 'the' |
| Warning | 1292 | Truncated incorrect INTEGER value: 'the' |
+---------+------+------------------------------------------+
20 rows in set (0.09 sec)

mysql> select substr(title,'the') from books;
+---------------------+
| substr(title,'the') |
+---------------------+
|                     |
|                     |
|                     |
|                     |
|                     |
|                     |
|                     |
|                     |
|                     |
|                     |
|                     |
|                     |
|                     |
|                     |
|                     |
|                     |
|                     |
|                     |
|                     |
+---------------------+
19 rows in set, 20 warnings (0.00 sec)

mysql> select substr('you are the man!','the') from books;
+----------------------------------+
| substr('you are the man!','the') |
+----------------------------------+
|                                  |
|                                  |
|                                  |
|                                  |
|                                  |
|                                  |
|                                  |
|                                  |
|                                  |
|                                  |
|                                  |
|                                  |
|                                  |
|                                  |
|                                  |
|                                  |
|                                  |
|                                  |
|                                  |
+----------------------------------+
19 rows in set, 20 warnings (0.00 sec)

mysql> select substr('you are the man!','the') as 'mankind';
+---------+
| mankind |
+---------+
|         |
+---------+
1 row in set, 2 warnings (0.00 sec)

mysql> select title where title like '%the%' from books;
ERROR 1064 (42000): You have an error in your SQL syntax; check the manual that corresponds to your MySQL server version for the right syntax to use near 'where title like '%the%' from books' at line 1
mysql> select title from books where title like '%the%';
+-------------------------------------------+
| title                                     |
+-------------------------------------------+
| The Namesake                              |
| A Hologram for the King: A Novel          |
| The Circle                                |
| The Amazing Adventures of Kavalier & Clay |
| Consider the Lobster                      |
| Lincoln In The Bardo                      |
+-------------------------------------------+
6 rows in set (0.09 sec)

mysql> select count(title) from books where title like '%the%';
+--------------+
| count(title) |
+--------------+
|            6 |
+--------------+
1 row in set (0.00 sec)

mysql> select count(title) from books where title like '%the%' as 'Books where there there are at least one pronoun 'the';
    '> '
    -> -
    -> ''
    -> ^C
mysql> select count(title) from books where title like '%the%' as 'Books where there there are at least one pronoun "the"';
ERROR 1064 (42000): You have an error in your SQL syntax; check the manual that corresponds to your MySQL server version for the right syntax to use near 'as 'Books where there there are at least one pronoun "the"'' at line 1
mysql> select count(title) from books where title like '%the%' as 'Books where there there are at least one pronoun the';
ERROR 1064 (42000): You have an error in your SQL syntax; check the manual that corresponds to your MySQL server version for the right syntax to use near 'as 'Books where there there are at least one pronoun the'' at line 1
mysql> select count(title) from books  as 'Books where there there are at least one pronoun "the"' where title like '%the%';
ERROR 1064 (42000): You have an error in your SQL syntax; check the manual that corresponds to your MySQL server version for the right syntax to use near ''Books where there there are at least one pronoun "the"' where title like '%the%' at line 1
mysql> select count(title) from books  as 'Books where there are at least one pronoun the' where title like '%the%';
ERROR 1064 (42000): You have an error in your SQL syntax; check the manual that corresponds to your MySQL server version for the right syntax to use near ''Books where there are at least one pronoun the' where title like '%the%'' at line 1
mysql> select count(title) from books where title like '%the%';
+--------------+
| count(title) |
+--------------+
|            6 |
+--------------+
1 row in set (0.00 sec)

mysql> select count(title) as 'Books where there is at least one pronoun "the"' from books where title like '%the%';
+-------------------------------------------------+
| Books where there is at least one pronoun "the" |
+-------------------------------------------------+
|                                               6 |
+-------------------------------------------------+
1 row in set (0.00 sec)

mysql> select 'Note that an alias comes before the from command' as 'note'
    -> ;
+--------------------------------------------------+
| note                                             |
+--------------------------------------------------+
| Note that an alias comes before the from command |
+--------------------------------------------------+
1 row in set (0.00 sec)

mysql> select count(title) from books  as 'Books where there there are at least one pronoun "the"' where title like '%the%';
ERROR 1064 (42000): You have an error in your SQL syntax; check the manual that corresponds to your MySQL server version for the right syntax to use near ''Books where there there are at least one pronoun "the"' where title like '%the%' at line 1
mysql> select count(title) as 'Books where there there are at least one pronoun "the"' from books where title like '%the%';
+--------------------------------------------------------+
| Books where there there are at least one pronoun "the" |
+--------------------------------------------------------+
|                                                      6 |
+--------------------------------------------------------+
1 row in set (0.00 sec)

mysql> select count(*) as 'Books where there are at least one pronoun "the"' from books where title like '%the%';
+--------------------------------------------------+
| Books where there are at least one pronoun "the" |
+--------------------------------------------------+
|                                                6 |
+--------------------------------------------------+
1 row in set (0.00 sec)

mysql> select 'so, basically what count does is count whatever is selected. If I do SELECT title from books, I get all book titles. To get the tot number of titles I just do SELECT COUNT(title) from books;' as note;
+------------------------------------------------------------------------------------------------------------------------------------------------------------------------------------------------+
| note                                                                                                                                                                                           |
+------------------------------------------------------------------------------------------------------------------------------------------------------------------------------------------------+
| so, basically what count does is count whatever is selected. If I do SELECT title from books, I get all book titles. To get the tot number of titles I just do SELECT COUNT(title) from books; |
+------------------------------------------------------------------------------------------------------------------------------------------------------------------------------------------------+
1 row in set (0.00 sec)

mysql> select title, author_name from books GROUP BY author_lname;
ERROR 1054 (42S22): Unknown column 'author_name' in 'field list'
mysql> select title, author_lname from books GROUP BY author_lname;
+-----------------------------------------------------+----------------+
| title                                               | author_lname   |
+-----------------------------------------------------+----------------+
| What We Talk About When We Talk About Love: Stories | Carver         |
| The Amazing Adventures of Kavalier & Clay           | Chabon         |
| White Noise                                         | DeLillo        |
| A Hologram for the King: A Novel                    | Eggers         |
| Oblivion: Stories                                   | Foster Wallace |
| Norse Mythology                                     | Gaiman         |
| 10% Happier                                         | Harris         |
| The Namesake                                        | Lahiri         |
| Lincoln In The Bardo                                | Saunders       |
| Just Kids                                           | Smith          |
| Cannery Row                                         | Steinbeck      |
+-----------------------------------------------------+----------------+
11 rows in set (0.00 sec)

mysql> show databases;
+--------------------+
| Database           |
+--------------------+
| information_schema |
| bakery_app         |
| books_db           |
| cats_app           |
| mysql              |
| performance_schema |
| shirts_db          |
| sys                |
+--------------------+
8 rows in set (0.07 sec)

mysql> use cats_app;
Reading table information for completion of table and column names
You can turn off this feature to get a quicker startup with -A

Database changed
mysql> show tables;
+--------------------+
| Tables_in_cats_app |
+--------------------+
| cats               |
| cats2              |
| cats3              |
| cats4              |
| employees          |
| unique_cats        |
| unique_cats2       |
+--------------------+
7 rows in set (0.00 sec)

mysql> use books_db;
Reading table information for completion of table and column names
You can turn off this feature to get a quicker startup with -A

Database changed
mysql> show tables;
+--------------------+
| Tables_in_books_db |
+--------------------+
| books              |
+--------------------+
1 row in set (0.00 sec)

mysql> select title, author_lname from books GROUP BY author_lname;
+-----------------------------------------------------+----------------+
| title                                               | author_lname   |
+-----------------------------------------------------+----------------+
| What We Talk About When We Talk About Love: Stories | Carver         |
| The Amazing Adventures of Kavalier & Clay           | Chabon         |
| White Noise                                         | DeLillo        |
| A Hologram for the King: A Novel                    | Eggers         |
| Oblivion: Stories                                   | Foster Wallace |
| Norse Mythology                                     | Gaiman         |
| 10% Happier                                         | Harris         |
| The Namesake                                        | Lahiri         |
| Lincoln In The Bardo                                | Saunders       |
| Just Kids                                           | Smith          |
| Cannery Row                                         | Steinbeck      |
+-----------------------------------------------------+----------------+
11 rows in set (0.00 sec)

mysql> select titles, author_lname where author_lname in (select title, author_lname from books GROUP BY author_lname) from books;
ERROR 1064 (42000): You have an error in your SQL syntax; check the manual that corresponds to your MySQL server version for the right syntax to use near 'where author_lname in (select title, author_lname from books GROUP BY author_lna' at line 1
mysql> select titles, author_lname from books where author_lname in (select title, author_lname from books GROUP BY author_lname);
ERROR 1054 (42S22): Unknown column 'titles' in 'field list'
mysql> select title, author_lname from books where author_lname in (select title, author_lname from books GROUP BY author_lname);
ERROR 1241 (21000): Operand should contain 1 column(s)
mysql> select title, author_lname from books where author_lname in (select author_lname from books GROUP BY author_lname);
+-----------------------------------------------------+----------------+
| title                                               | author_lname   |
+-----------------------------------------------------+----------------+
| The Namesake                                        | Lahiri         |
| Norse Mythology                                     | Gaiman         |
| American Gods                                       | Gaiman         |
| Interpreter of Maladies                             | Lahiri         |
| A Hologram for the King: A Novel                    | Eggers         |
| The Circle                                          | Eggers         |
| The Amazing Adventures of Kavalier & Clay           | Chabon         |
| Just Kids                                           | Smith          |
| A Heartbreaking Work of Staggering Genius           | Eggers         |
| Coraline                                            | Gaiman         |
| What We Talk About When We Talk About Love: Stories | Carver         |
| Where I'm Calling From: Selected Stories            | Carver         |
| White Noise                                         | DeLillo        |
| Cannery Row                                         | Steinbeck      |
| Oblivion: Stories                                   | Foster Wallace |
| Consider the Lobster                                | Foster Wallace |
| 10% Happier                                         | Harris         |
| fake_book                                           | Harris         |
| Lincoln In The Bardo                                | Saunders       |
+-----------------------------------------------------+----------------+
19 rows in set (0.03 sec)

mysql> select title, author_lname from books GROUP BY author_lname;
+-----------------------------------------------------+----------------+
| title                                               | author_lname   |
+-----------------------------------------------------+----------------+
| What We Talk About When We Talk About Love: Stories | Carver         |
| The Amazing Adventures of Kavalier & Clay           | Chabon         |
| White Noise                                         | DeLillo        |
| A Hologram for the King: A Novel                    | Eggers         |
| Oblivion: Stories                                   | Foster Wallace |
| Norse Mythology                                     | Gaiman         |
| 10% Happier                                         | Harris         |
| The Namesake                                        | Lahiri         |
| Lincoln In The Bardo                                | Saunders       |
| Just Kids                                           | Smith          |
| Cannery Row                                         | Steinbeck      |
+-----------------------------------------------------+----------------+
11 rows in set (0.00 sec)

mysql> select 'so, GROUP BY simply returns the first instance. For example the book titled 10% Happier, and not fake_book, which is also by the same author Harris. That shows GROUP BY alone is useless.';
+--------------------------------------------------------------------------------------------------------------------------------------------------------------------------------------------+
| so, GROUP BY simply returns the first instance. For example the book titled 10% Happier, and not fake_book, which is also by the same author Harris. That shows GROUP BY alone is useless. |
+--------------------------------------------------------------------------------------------------------------------------------------------------------------------------------------------+
| so, GROUP BY simply returns the first instance. For example the book titled 10% Happier, and not fake_book, which is also by the same author Harris. That shows GROUP BY alone is useless. |
+--------------------------------------------------------------------------------------------------------------------------------------------------------------------------------------------+
1 row in set (0.00 sec)

mysql> select 'so, GROUP BY simply returns the first instance. For example the book titled 10% Happier, and not fake_book, which is also by the same author Harris. That shows GROUP BY alone is useless.' as note;
+--------------------------------------------------------------------------------------------------------------------------------------------------------------------------------------------+
| note                                                                                                                                                                                       |
+--------------------------------------------------------------------------------------------------------------------------------------------------------------------------------------------+
| so, GROUP BY simply returns the first instance. For example the book titled 10% Happier, and not fake_book, which is also by the same author Harris. That shows GROUP BY alone is useless. |
+--------------------------------------------------------------------------------------------------------------------------------------------------------------------------------------------+
1 row in set (0.00 sec)

mysql> select COUNT(title), author_lname from books GROUP BY author_lname;
+--------------+----------------+
| COUNT(title) | author_lname   |
+--------------+----------------+
|            2 | Carver         |
|            1 | Chabon         |
|            1 | DeLillo        |
|            3 | Eggers         |
|            2 | Foster Wallace |
|            3 | Gaiman         |
|            2 | Harris         |
|            2 | Lahiri         |
|            1 | Saunders       |
|            1 | Smith          |
|            1 | Steinbeck      |
+--------------+----------------+
11 rows in set (0.00 sec)

mysql> select COUNT(*), author_lname from books GROUP BY author_lname;
+----------+----------------+
| COUNT(*) | author_lname   |
+----------+----------------+
|        2 | Carver         |
|        1 | Chabon         |
|        1 | DeLillo        |
|        3 | Eggers         |
|        2 | Foster Wallace |
|        3 | Gaiman         |
|        2 | Harris         |
|        2 | Lahiri         |
|        1 | Saunders       |
|        1 | Smith          |
|        1 | Steinbeck      |
+----------+----------------+
11 rows in set (0.00 sec)

mysql> select author_lname, COUNT(*) from books GROUP BY author_lname;
+----------------+----------+
| author_lname   | COUNT(*) |
+----------------+----------+
| Carver         |        2 |
| Chabon         |        1 |
| DeLillo        |        1 |
| Eggers         |        3 |
| Foster Wallace |        2 |
| Gaiman         |        3 |
| Harris         |        2 |
| Lahiri         |        2 |
| Saunders       |        1 |
| Smith          |        1 |
| Steinbeck      |        1 |
+----------------+----------+
11 rows in set (0.00 sec)

mysql> SELECT 'TMTOWTDI !!' AS NOTE;
+-------------+
| NOTE        |
+-------------+
| TMTOWTDI !! |
+-------------+
1 row in set (0.00 sec)

mysql> select title, author_fname, author_lname from books GROUP BY author_lname;
+-----------------------------------------------------+--------------+----------------+
| title                                               | author_fname | author_lname   |
+-----------------------------------------------------+--------------+----------------+
| What We Talk About When We Talk About Love: Stories | Raymond      | Carver         |
| The Amazing Adventures of Kavalier & Clay           | Michael      | Chabon         |
| White Noise                                         | Don          | DeLillo        |
| A Hologram for the King: A Novel                    | Dave         | Eggers         |
| Oblivion: Stories                                   | David        | Foster Wallace |
| Norse Mythology                                     | Neil         | Gaiman         |
| 10% Happier                                         | Dan          | Harris         |
| The Namesake                                        | Jhumpa       | Lahiri         |
| Lincoln In The Bardo                                | George       | Saunders       |
| Just Kids                                           | Patti        | Smith          |
| Cannery Row                                         | John         | Steinbeck      |
+-----------------------------------------------------+--------------+----------------+
11 rows in set (0.00 sec)

mysql> select title, author_fname, author_lname from books GROUP BY author_fname;
+-----------------------------------------------------+--------------+----------------+
| title                                               | author_fname | author_lname   |
+-----------------------------------------------------+--------------+----------------+
| 10% Happier                                         | Dan          | Harris         |
| A Hologram for the King: A Novel                    | Dave         | Eggers         |
| Oblivion: Stories                                   | David        | Foster Wallace |
| White Noise                                         | Don          | DeLillo        |
| fake_book                                           | Freida       | Harris         |
| Lincoln In The Bardo                                | George       | Saunders       |
| The Namesake                                        | Jhumpa       | Lahiri         |
| Cannery Row                                         | John         | Steinbeck      |
| The Amazing Adventures of Kavalier & Clay           | Michael      | Chabon         |
| Norse Mythology                                     | Neil         | Gaiman         |
| Just Kids                                           | Patti        | Smith          |
| What We Talk About When We Talk About Love: Stories | Raymond      | Carver         |
+-----------------------------------------------------+--------------+----------------+
12 rows in set (0.00 sec)

mysql> select title, author_lname, author_fname from books GROUP BY author_lname;
+-----------------------------------------------------+----------------+--------------+
| title                                               | author_lname   | author_fname |
+-----------------------------------------------------+----------------+--------------+
| What We Talk About When We Talk About Love: Stories | Carver         | Raymond      |
| The Amazing Adventures of Kavalier & Clay           | Chabon         | Michael      |
| White Noise                                         | DeLillo        | Don          |
| A Hologram for the King: A Novel                    | Eggers         | Dave         |
| Oblivion: Stories                                   | Foster Wallace | David        |
| Norse Mythology                                     | Gaiman         | Neil         |
| 10% Happier                                         | Harris         | Dan          |
| The Namesake                                        | Lahiri         | Jhumpa       |
| Lincoln In The Bardo                                | Saunders       | George       |
| Just Kids                                           | Smith          | Patti        |
| Cannery Row                                         | Steinbeck      | John         |
+-----------------------------------------------------+----------------+--------------+
11 rows in set (0.00 sec)

mysql> select title, author_lname, author_fname from books GROUP BY author_fname;
+-----------------------------------------------------+----------------+--------------+
| title                                               | author_lname   | author_fname |
+-----------------------------------------------------+----------------+--------------+
| 10% Happier                                         | Harris         | Dan          |
| A Hologram for the King: A Novel                    | Eggers         | Dave         |
| Oblivion: Stories                                   | Foster Wallace | David        |
| White Noise                                         | DeLillo        | Don          |
| fake_book                                           | Harris         | Freida       |
| Lincoln In The Bardo                                | Saunders       | George       |
| The Namesake                                        | Lahiri         | Jhumpa       |
| Cannery Row                                         | Steinbeck      | John         |
| The Amazing Adventures of Kavalier & Clay           | Chabon         | Michael      |
| Norse Mythology                                     | Gaiman         | Neil         |
| Just Kids                                           | Smith          | Patti        |
| What We Talk About When We Talk About Love: Stories | Carver         | Raymond      |
+-----------------------------------------------------+----------------+--------------+
12 rows in set (0.00 sec)

mysql> select title, author_fname, author_lname COUNT(*) from books GROUP BY author_lname;
ERROR 1064 (42000): You have an error in your SQL syntax; check the manual that corresponds to your MySQL server version for the right syntax to use near 'COUNT(*) from books GROUP BY author_lname' at line 1
mysql> select title, author_fname, author_lname, COUNT(*) from books GROUP BY author_lname;
+-----------------------------------------------------+--------------+----------------+----------+
| title                                               | author_fname | author_lname   | COUNT(*) |
+-----------------------------------------------------+--------------+----------------+----------+
| What We Talk About When We Talk About Love: Stories | Raymond      | Carver         |        2 |
| The Amazing Adventures of Kavalier & Clay           | Michael      | Chabon         |        1 |
| White Noise                                         | Don          | DeLillo        |        1 |
| A Hologram for the King: A Novel                    | Dave         | Eggers         |        3 |
| Oblivion: Stories                                   | David        | Foster Wallace |        2 |
| Norse Mythology                                     | Neil         | Gaiman         |        3 |
| 10% Happier                                         | Dan          | Harris         |        2 |
| The Namesake                                        | Jhumpa       | Lahiri         |        2 |
| Lincoln In The Bardo                                | George       | Saunders       |        1 |
| Just Kids                                           | Patti        | Smith          |        1 |
| Cannery Row                                         | John         | Steinbeck      |        1 |
+-----------------------------------------------------+--------------+----------------+----------+
11 rows in set (0.00 sec)

mysql> select  author_fname, author_lname, COUNT(*) from books GROUP BY author_lname;
+--------------+----------------+----------+
| author_fname | author_lname   | COUNT(*) |
+--------------+----------------+----------+
| Raymond      | Carver         |        2 |
| Michael      | Chabon         |        1 |
| Don          | DeLillo        |        1 |
| Dave         | Eggers         |        3 |
| David        | Foster Wallace |        2 |
| Neil         | Gaiman         |        3 |
| Dan          | Harris         |        2 |
| Jhumpa       | Lahiri         |        2 |
| George       | Saunders       |        1 |
| Patti        | Smith          |        1 |
| John         | Steinbeck      |        1 |
+--------------+----------------+----------+
11 rows in set (0.01 sec)

mysql> SELECT 'Above use of GROUP BY shows a classic problem. Dan Harris has just one book! The other book is by another author by the same last name Harris. Let us try GROUP BY author_fname' as note;
+---------------------------------------------------------------------------------------------------------------------------------------------------------------------------------+
| note                                                                                                                                                                            |
+---------------------------------------------------------------------------------------------------------------------------------------------------------------------------------+
| Above use of GROUP BY shows a classic problem. Dan Harris has just one book! The other book is by another author by the same last name Harris. Let us try GROUP BY author_fname |
+---------------------------------------------------------------------------------------------------------------------------------------------------------------------------------+
1 row in set (0.00 sec)

mysql> select  author_fname, author_lname, COUNT(*) from books GROUP BY author_fname;
+--------------+----------------+----------+
| author_fname | author_lname   | COUNT(*) |
+--------------+----------------+----------+
| Dan          | Harris         |        1 |
| Dave         | Eggers         |        3 |
| David        | Foster Wallace |        2 |
| Don          | DeLillo        |        1 |
| Freida       | Harris         |        1 |
| George       | Saunders       |        1 |
| Jhumpa       | Lahiri         |        2 |
| John         | Steinbeck      |        1 |
| Michael      | Chabon         |        1 |
| Neil         | Gaiman         |        3 |
| Patti        | Smith          |        1 |
| Raymond      | Carver         |        2 |
+--------------+----------------+----------+
12 rows in set (0.00 sec)

mysql> select count(*) from books where author_lname='Eaggers';
+----------+
| count(*) |
+----------+
|        0 |
+----------+
1 row in set (0.00 sec)

mysql> select count(*) from books where author_lname='Eggers';
+----------+
| count(*) |
+----------+
|        3 |
+----------+
1 row in set (0.00 sec)

mysql> select count(*) from books where author_lname='Gaiman';
+----------+
| count(*) |
+----------+
|        3 |
+----------+
1 row in set (0.00 sec)

mysql> select  author_fname, author_lname, COUNT(*) from books GROUP BY author_fname;
+--------------+----------------+----------+
| author_fname | author_lname   | COUNT(*) |
+--------------+----------------+----------+
| Dan          | Harris         |        1 |
| Dave         | Eggers         |        3 |
| David        | Foster Wallace |        2 |
| Don          | DeLillo        |        1 |
| Freida       | Harris         |        1 |
| George       | Saunders       |        1 |
| Jhumpa       | Lahiri         |        2 |
| John         | Steinbeck      |        1 |
| Michael      | Chabon         |        1 |
| Neil         | Gaiman         |        3 |
| Patti        | Smith          |        1 |
| Raymond      | Carver         |        2 |
+--------------+----------------+----------+
12 rows in set (0.00 sec)

mysql> select  author_fname, author_lname, COUNT(*) from books GROUP BY author_fname,author_lname;
+--------------+----------------+----------+
| author_fname | author_lname   | COUNT(*) |
+--------------+----------------+----------+
| Dan          | Harris         |        1 |
| Dave         | Eggers         |        3 |
| David        | Foster Wallace |        2 |
| Don          | DeLillo        |        1 |
| Freida       | Harris         |        1 |
| George       | Saunders       |        1 |
| Jhumpa       | Lahiri         |        2 |
| John         | Steinbeck      |        1 |
| Michael      | Chabon         |        1 |
| Neil         | Gaiman         |        3 |
| Patti        | Smith          |        1 |
| Raymond      | Carver         |        2 |
+--------------+----------------+----------+
12 rows in set (0.00 sec)

mysql> select "GROUP BY author_fname, author_lname is probably more accurate than GROUP BY author_fname. In above case they both gave the same result, but may not ncessarily the case" as note;
+-------------------------------------------------------------------------------------------------------------------------------------------------------------------------+
| note                                                                                                                                                                    |
+-------------------------------------------------------------------------------------------------------------------------------------------------------------------------+
| GROUP BY author_fname, author_lname is probably more accurate than GROUP BY author_fname. In above case they both gave the same result, but may not ncessarily the case |
+-------------------------------------------------------------------------------------------------------------------------------------------------------------------------+
1 row in set (0.00 sec)

mysql> SELECT released_year from books;
+---------------+
| released_year |
+---------------+
|          2003 |
|          2016 |
|          2001 |
|          1996 |
|          2012 |
|          2013 |
|          2000 |
|          2010 |
|          2001 |
|          2003 |
|          1981 |
|          1989 |
|          1985 |
|          1945 |
|          2004 |
|          2005 |
|          2014 |
|          2001 |
|          2017 |
+---------------+
19 rows in set (0.00 sec)

mysql> SELECT released_year, COUNT(*) from books GROUP BY released_year;
+---------------+----------+
| released_year | COUNT(*) |
+---------------+----------+
|          1945 |        1 |
|          1981 |        1 |
|          1985 |        1 |
|          1989 |        1 |
|          1996 |        1 |
|          2000 |        1 |
|          2001 |        3 |
|          2003 |        2 |
|          2004 |        1 |
|          2005 |        1 |
|          2010 |        1 |
|          2012 |        1 |
|          2013 |        1 |
|          2014 |        1 |
|          2016 |        1 |
|          2017 |        1 |
+---------------+----------+
16 rows in set (0.00 sec)

mysql> SELECT CONCAT_WS(' ','In',released_year, COUNT(*),'book(s) was(were) released!') from books GROUP BY released_year as 'books per year';
ERROR 1064 (42000): You have an error in your SQL syntax; check the manual that corresponds to your MySQL server version for the right syntax to use near 'as 'books per year'' at line 1
mysql> SELECT CONCAT_WS(' ','In',released_year, COUNT(*),'book(s) was(were) released!') as 'Books per year' from books  GROUP BY released_year;
+---------------------------------------+
| Books per year                        |
+---------------------------------------+
| In 1945 1 book(s) was(were) released! |
| In 1981 1 book(s) was(were) released! |
| In 1985 1 book(s) was(were) released! |
| In 1989 1 book(s) was(were) released! |
| In 1996 1 book(s) was(were) released! |
| In 2000 1 book(s) was(were) released! |
| In 2001 3 book(s) was(were) released! |
| In 2003 2 book(s) was(were) released! |
| In 2004 1 book(s) was(were) released! |
| In 2005 1 book(s) was(were) released! |
| In 2010 1 book(s) was(were) released! |
| In 2012 1 book(s) was(were) released! |
| In 2013 1 book(s) was(were) released! |
| In 2014 1 book(s) was(were) released! |
| In 2016 1 book(s) was(were) released! |
| In 2017 1 book(s) was(were) released! |
+---------------------------------------+
16 rows in set (0.00 sec)

mysql> SELECT 'Remember where to exactly put the aliases!' as note;
+--------------------------------------------+
| note                                       |
+--------------------------------------------+
| Remember where to exactly put the aliases! |
+--------------------------------------------+
1 row in set (0.00 sec)

mysql> SELECT released_year, COUNT(*) from books GROUP BY released_year;
+---------------+----------+
| released_year | COUNT(*) |
+---------------+----------+
|          1945 |        1 |
|          1981 |        1 |
|          1985 |        1 |
|          1989 |        1 |
|          1996 |        1 |
|          2000 |        1 |
|          2001 |        3 |
|          2003 |        2 |
|          2004 |        1 |
|          2005 |        1 |
|          2010 |        1 |
|          2012 |        1 |
|          2013 |        1 |
|          2014 |        1 |
|          2016 |        1 |
|          2017 |        1 |
+---------------+----------+
16 rows in set (0.00 sec)

mysql> SELECT released_year, SUM(*) from books GROUP BY released_year;
ERROR 1064 (42000): You have an error in your SQL syntax; check the manual that corresponds to your MySQL server version for the right syntax to use near '*) from books GROUP BY released_year' at line 1
mysql> SELECT released_year, SUM(COUNT(*)) from books GROUP BY released_year;
ERROR 1111 (HY000): Invalid use of group function
mysql> SELECT released_year, MIN(*) from books GROUP BY released_year;
ERROR 1064 (42000): You have an error in your SQL syntax; check the manual that corresponds to your MySQL server version for the right syntax to use near '*) from books GROUP BY released_year' at line 1
mysql> SELECT released_year, MIN(COUNT(*)) from books GROUP BY released_year;
ERROR 1111 (HY000): Invalid use of group function
mysql> 
mysql> 
mysql> 
mysql> 
mysql> SELECT released_year, MIN() from books GROUP BY released_year;
ERROR 1064 (42000): You have an error in your SQL syntax; check the manual that corresponds to your MySQL server version for the right syntax to use near ') from books GROUP BY released_year' at line 1
mysql> SELECT released_year, MIN(released_year) from books GROUP BY released_year;
+---------------+--------------------+
| released_year | MIN(released_year) |
+---------------+--------------------+
|          1945 |               1945 |
|          1981 |               1981 |
|          1985 |               1985 |
|          1989 |               1989 |
|          1996 |               1996 |
|          2000 |               2000 |
|          2001 |               2001 |
|          2003 |               2003 |
|          2004 |               2004 |
|          2005 |               2005 |
|          2010 |               2010 |
|          2012 |               2012 |
|          2013 |               2013 |
|          2014 |               2014 |
|          2016 |               2016 |
|          2017 |               2017 |
+---------------+--------------------+
16 rows in set (0.00 sec)

mysql> SELECT released_year, MIN(released_year) from books;
+---------------+--------------------+
| released_year | MIN(released_year) |
+---------------+--------------------+
|          2003 |               1945 |
+---------------+--------------------+
1 row in set (0.00 sec)

mysql> SELECT released_year, MIN(*) from books;
ERROR 1064 (42000): You have an error in your SQL syntax; check the manual that corresponds to your MySQL server version for the right syntax to use near '*) from books' at line 1
mysql> SELECT MIN(released_year) from books;
+--------------------+
| MIN(released_year) |
+--------------------+
|               1945 |
+--------------------+
1 row in set (0.00 sec)

mysql> SELECT CONCAT_WS(' ','The earliest book published in',MIN(released_year),'.') from books;
+------------------------------------------------------------------------+
| CONCAT_WS(' ','The earliest book published in',MIN(released_year),'.') |
+------------------------------------------------------------------------+
| The earliest book published in 1945 .                                  |
+------------------------------------------------------------------------+
1 row in set (0.00 sec)

mysql> SELECT CONCAT_WS('','The earliest book published in',MIN(released_year),'.') from books;
+-----------------------------------------------------------------------+
| CONCAT_WS('','The earliest book published in',MIN(released_year),'.') |
+-----------------------------------------------------------------------+
| The earliest book published in1945.                                   |
+-----------------------------------------------------------------------+
1 row in set (0.00 sec)

mysql> SELECT CONCAT_WS('','The earliest book published in',MIN(released_year),' .') from books;
+------------------------------------------------------------------------+
| CONCAT_WS('','The earliest book published in',MIN(released_year),' .') |
+------------------------------------------------------------------------+
| The earliest book published in1945 .                                   |
+------------------------------------------------------------------------+
1 row in set (0.00 sec)

mysql> SELECT CONCAT_WS('','The earliest book published in ',MIN(released_year),'.') from books;
+------------------------------------------------------------------------+
| CONCAT_WS('','The earliest book published in ',MIN(released_year),'.') |
+------------------------------------------------------------------------+
| The earliest book published in 1945.                                   |
+------------------------------------------------------------------------+
1 row in set (0.00 sec)

mysql> SELECT CONCAT_WS('','The earliest book published in ', MAX(released_year),'.') from books;
+-------------------------------------------------------------------------+
| CONCAT_WS('','The earliest book published in ', MAX(released_year),'.') |
+-------------------------------------------------------------------------+
| The earliest book published in 2017.                                    |
+-------------------------------------------------------------------------+
1 row in set (0.00 sec)

mysql> SELECT CONCAT_WS('','The latest book published in ', MAX(released_year),'.') from books;
+-----------------------------------------------------------------------+
| CONCAT_WS('','The latest book published in ', MAX(released_year),'.') |
+-----------------------------------------------------------------------+
| The latest book published in 2017.                                    |
+-----------------------------------------------------------------------+
1 row in set (0.00 sec)

mysql> SELECT 'just like most languages MIN and MAX take an argument' as note;
+-------------------------------------------------------+
| note                                                  |
+-------------------------------------------------------+
| just like most languages MIN and MAX take an argument |
+-------------------------------------------------------+
1 row in set (0.00 sec)

mysql> select * from books limit 1;
+---------+--------------+--------------+--------------+---------------+----------------+-------+
| book_id | title        | author_fname | author_lname | released_year | stock_quantity | pages |
+---------+--------------+--------------+--------------+---------------+----------------+-------+
|       1 | The Namesake | Jhumpa       | Lahiri       |          2003 | 32             |   291 |
+---------+--------------+--------------+--------------+---------------+----------------+-------+
1 row in set (0.01 sec)

mysql> SELECT CONCAT_WS('','The longest book has ', MAX(pages),'pages.') from books;
+------------------------------------------------------------+
| CONCAT_WS('','The longest book has ', MAX(pages),'pages.') |
+------------------------------------------------------------+
| The longest book has 634pages.                             |
+------------------------------------------------------------+
1 row in set (0.00 sec)

mysql> SELECT CONCAT_WS(' ','The longest book has ', MAX(pages),'pages.') from books;
+-------------------------------------------------------------+
| CONCAT_WS(' ','The longest book has ', MAX(pages),'pages.') |
+-------------------------------------------------------------+
| The longest book has  634 pages.                            |
+-------------------------------------------------------------+
1 row in set (0.00 sec)

mysql> SELECT CONCAT_WS(' ','The SHORTEST book has ', MIN(pages),'pages.') from books;
+--------------------------------------------------------------+
| CONCAT_WS(' ','The SHORTEST book has ', MIN(pages),'pages.') |
+--------------------------------------------------------------+
| The SHORTEST book has  176 pages.                            |
+--------------------------------------------------------------+
1 row in set (0.00 sec)

mysql> SELECT CONCAT_WS(' ','The title of the shortest  book is ',title) from books where pages= MIN(pages) as title;
ERROR 1064 (42000): You have an error in your SQL syntax; check the manual that corresponds to your MySQL server version for the right syntax to use near 'as title' at line 1
mysql> SELECT CONCAT_WS(' ','The title of the shortest  book is ',title) as title from books where pages= MIN(pages);
ERROR 1111 (HY000): Invalid use of group function
mysql> SELECT CONCAT_WS(' ','The title of the shortest  book is ',title) as 'book_title' from books where pages= MIN(pages);
ERROR 1111 (HY000): Invalid use of group function
mysql> SELECT title CONCAT_WS(' ','The title of the shortest  book is ',title) as 'book_title' from books where pages= MIN(pages);
ERROR 1064 (42000): You have an error in your SQL syntax; check the manual that corresponds to your MySQL server version for the right syntax to use near '(' ','The title of the shortest  book is ',title) as 'book_title' from books whe' at line 1
mysql> SELECT title as 'book_title' from books where pages= MIN(pages);
ERROR 1111 (HY000): Invalid use of group function
mysql> SELECT title from books where pages= MIN(pages);
ERROR 1111 (HY000): Invalid use of group function
mysql> SELECT title from books where pages in  (MIN(pages));
ERROR 1111 (HY000): Invalid use of group function
mysql> SELECT title, MIN(pages) from books;
+--------------+------------+
| title        | MIN(pages) |
+--------------+------------+
| The Namesake |        176 |
+--------------+------------+
1 row in set (0.00 sec)

mysql> select * from books where pages=176;
+---------+-----------------------------------------------------+--------------+--------------+---------------+----------------+-------+
| book_id | title                                               | author_fname | author_lname | released_year | stock_quantity | pages |
+---------+-----------------------------------------------------+--------------+--------------+---------------+----------------+-------+
|      11 | What We Talk About When We Talk About Love: Stories | Raymond      | Carver       |          1981 | 23             |   176 |
+---------+-----------------------------------------------------+--------------+--------------+---------------+----------------+-------+
1 row in set (0.00 sec)

mysql> select * from books where title='The Namesake';
+---------+--------------+--------------+--------------+---------------+----------------+-------+
| book_id | title        | author_fname | author_lname | released_year | stock_quantity | pages |
+---------+--------------+--------------+--------------+---------------+----------------+-------+
|       1 | The Namesake | Jhumpa       | Lahiri       |          2003 | 32             |   291 |
+---------+--------------+--------------+--------------+---------------+----------------+-------+
1 row in set (0.00 sec)

mysql> SELECT title, MAX(pages) from books;
+--------------+------------+
| title        | MAX(pages) |
+--------------+------------+
| The Namesake |        634 |
+--------------+------------+
1 row in set (0.00 sec)

mysql> SELECT 'Why is the title wrong in both above cases?' as note;
+---------------------------------------------+
| note                                        |
+---------------------------------------------+
| Why is the title wrong in both above cases? |
+---------------------------------------------+
1 row in set (0.00 sec)

mysql> SELECT *, MAX(pages) from books;
+---------+--------------+--------------+--------------+---------------+----------------+-------+------------+
| book_id | title        | author_fname | author_lname | released_year | stock_quantity | pages | MAX(pages) |
+---------+--------------+--------------+--------------+---------------+----------------+-------+------------+
|       1 | The Namesake | Jhumpa       | Lahiri       |          2003 | 32             |   291 |        634 |
+---------+--------------+--------------+--------------+---------------+----------------+-------+------------+
1 row in set (0.00 sec)

mysql> select * from books where title='The Namesake';
+---------+--------------+--------------+--------------+---------------+----------------+-------+
| book_id | title        | author_fname | author_lname | released_year | stock_quantity | pages |
+---------+--------------+--------------+--------------+---------------+----------------+-------+
|       1 | The Namesake | Jhumpa       | Lahiri       |          2003 | 32             |   291 |
+---------+--------------+--------------+--------------+---------------+----------------+-------+
1 row in set (0.00 sec)

mysql> select 'so SELECT *, MAX(pages) from books returned everything in the row where The Namesake is the book after replacing its pages with that of the output of the MAX function. Note good.' as note;
+------------------------------------------------------------------------------------------------------------------------------------------------------------------------------------+
| note                                                                                                                                                                               |
+------------------------------------------------------------------------------------------------------------------------------------------------------------------------------------+
| so SELECT *, MAX(pages) from books returned everything in the row where The Namesake is the book after replacing its pages with that of the output of the MAX function. Note good. |
+------------------------------------------------------------------------------------------------------------------------------------------------------------------------------------+
1 row in set (0.00 sec)

mysql> SELECT title,pages from books where pages= MAX(pages);
ERROR 1111 (HY000): Invalid use of group function
mysql> SELECT title,pages from books where  MAX(pages);
ERROR 1111 (HY000): Invalid use of group function
mysql> SELECT title,pages from books where pages is MAX;
ERROR 1064 (42000): You have an error in your SQL syntax; check the manual that corresponds to your MySQL server version for the right syntax to use near 'MAX' at line 1
mysql> SELECT title,MAX(pages) from books GROUP BY pages;
+-----------------------------------------------------+------------+
| title                                               | MAX(pages) |
+-----------------------------------------------------+------------+
| What We Talk About When We Talk About Love: Stories |        176 |
| Cannery Row                                         |        181 |
| Interpreter of Maladies                             |        198 |
| Coraline                                            |        208 |
| 10% Happier                                         |        256 |
| The Namesake                                        |        291 |
| Norse Mythology                                     |        304 |
| White Noise                                         |        320 |
| Oblivion: Stories                                   |        329 |
| Consider the Lobster                                |        343 |
| A Hologram for the King: A Novel                    |        352 |
| Lincoln In The Bardo                                |        367 |
| fake_book                                           |        428 |
| A Heartbreaking Work of Staggering Genius           |        437 |
| American Gods                                       |        465 |
| The Circle                                          |        504 |
| Where I'm Calling From: Selected Stories            |        526 |
| The Amazing Adventures of Kavalier & Clay           |        634 |
+-----------------------------------------------------+------------+
18 rows in set (0.00 sec)

mysql> SELECT MAX(pages) from books GROUP BY pages;
+------------+
| MAX(pages) |
+------------+
|        176 |
|        181 |
|        198 |
|        208 |
|        256 |
|        291 |
|        304 |
|        320 |
|        329 |
|        343 |
|        352 |
|        367 |
|        428 |
|        437 |
|        465 |
|        504 |
|        526 |
|        634 |
+------------+
18 rows in set (0.00 sec)

mysql> SELECT title,MAX(pages) from books GROUP BY pages;
+-----------------------------------------------------+------------+
| title                                               | MAX(pages) |
+-----------------------------------------------------+------------+
| What We Talk About When We Talk About Love: Stories |        176 |
| Cannery Row                                         |        181 |
| Interpreter of Maladies                             |        198 |
| Coraline                                            |        208 |
| 10% Happier                                         |        256 |
| The Namesake                                        |        291 |
| Norse Mythology                                     |        304 |
| White Noise                                         |        320 |
| Oblivion: Stories                                   |        329 |
| Consider the Lobster                                |        343 |
| A Hologram for the King: A Novel                    |        352 |
| Lincoln In The Bardo                                |        367 |
| fake_book                                           |        428 |
| A Heartbreaking Work of Staggering Genius           |        437 |
| American Gods                                       |        465 |
| The Circle                                          |        504 |
| Where I'm Calling From: Selected Stories            |        526 |
| The Amazing Adventures of Kavalier & Clay           |        634 |
+-----------------------------------------------------+------------+
18 rows in set (0.00 sec)

mysql> SELECT title,pages from books;
+-----------------------------------------------------+-------+
| title                                               | pages |
+-----------------------------------------------------+-------+
| The Namesake                                        |   291 |
| Norse Mythology                                     |   304 |
| American Gods                                       |   465 |
| Interpreter of Maladies                             |   198 |
| A Hologram for the King: A Novel                    |   352 |
| The Circle                                          |   504 |
| The Amazing Adventures of Kavalier & Clay           |   634 |
| Just Kids                                           |   304 |
| A Heartbreaking Work of Staggering Genius           |   437 |
| Coraline                                            |   208 |
| What We Talk About When We Talk About Love: Stories |   176 |
| Where I'm Calling From: Selected Stories            |   526 |
| White Noise                                         |   320 |
| Cannery Row                                         |   181 |
| Oblivion: Stories                                   |   329 |
| Consider the Lobster                                |   343 |
| 10% Happier                                         |   256 |
| fake_book                                           |   428 |
| Lincoln In The Bardo                                |   367 |
+-----------------------------------------------------+-------+
19 rows in set (0.00 sec)

mysql> SELECT title,DISTINCT pages from books;
ERROR 1064 (42000): You have an error in your SQL syntax; check the manual that corresponds to your MySQL server version for the right syntax to use near 'DISTINCT pages from books' at line 1
mysql> SELECT DISTINCT title,pages from books;
+-----------------------------------------------------+-------+
| title                                               | pages |
+-----------------------------------------------------+-------+
| The Namesake                                        |   291 |
| Norse Mythology                                     |   304 |
| American Gods                                       |   465 |
| Interpreter of Maladies                             |   198 |
| A Hologram for the King: A Novel                    |   352 |
| The Circle                                          |   504 |
| The Amazing Adventures of Kavalier & Clay           |   634 |
| Just Kids                                           |   304 |
| A Heartbreaking Work of Staggering Genius           |   437 |
| Coraline                                            |   208 |
| What We Talk About When We Talk About Love: Stories |   176 |
| Where I'm Calling From: Selected Stories            |   526 |
| White Noise                                         |   320 |
| Cannery Row                                         |   181 |
| Oblivion: Stories                                   |   329 |
| Consider the Lobster                                |   343 |
| 10% Happier                                         |   256 |
| fake_book                                           |   428 |
| Lincoln In The Bardo                                |   367 |
+-----------------------------------------------------+-------+
19 rows in set (0.00 sec)

mysql> SELECT DISTINCT pages from books;
+-------+
| pages |
+-------+
|   291 |
|   304 |
|   465 |
|   198 |
|   352 |
|   504 |
|   634 |
|   437 |
|   208 |
|   176 |
|   526 |
|   320 |
|   181 |
|   329 |
|   343 |
|   256 |
|   428 |
|   367 |
+-------+
18 rows in set (0.00 sec)

mysql> SELECT title,MAX(pages) from books GROUP BY pages limit 1;
+-----------------------------------------------------+------------+
| title                                               | MAX(pages) |
+-----------------------------------------------------+------------+
| What We Talk About When We Talk About Love: Stories |        176 |
+-----------------------------------------------------+------------+
1 row in set (0.00 sec)

mysql> SELECT title,MAX(pages) from books GROUP BY pages limit 9999;
+-----------------------------------------------------+------------+
| title                                               | MAX(pages) |
+-----------------------------------------------------+------------+
| What We Talk About When We Talk About Love: Stories |        176 |
| Cannery Row                                         |        181 |
| Interpreter of Maladies                             |        198 |
| Coraline                                            |        208 |
| 10% Happier                                         |        256 |
| The Namesake                                        |        291 |
| Norse Mythology                                     |        304 |
| White Noise                                         |        320 |
| Oblivion: Stories                                   |        329 |
| Consider the Lobster                                |        343 |
| A Hologram for the King: A Novel                    |        352 |
| Lincoln In The Bardo                                |        367 |
| fake_book                                           |        428 |
| A Heartbreaking Work of Staggering Genius           |        437 |
| American Gods                                       |        465 |
| The Circle                                          |        504 |
| Where I'm Calling From: Selected Stories            |        526 |
| The Amazing Adventures of Kavalier & Clay           |        634 |
+-----------------------------------------------------+------------+
18 rows in set (0.00 sec)

mysql> SELECT title,MAX(pages) from books GROUP BY pages limit 9999,1;
Empty set (0.00 sec)

mysql> SELECT title,MAX(pages) from books GROUP BY pages ORDER BY pages desc limit 1;
+-------------------------------------------+------------+
| title                                     | MAX(pages) |
+-------------------------------------------+------------+
| The Amazing Adventures of Kavalier & Clay |        634 |
+-------------------------------------------+------------+
1 row in set (0.00 sec)

mysql> SELECT CONCAT_WS(' ','The longest book', title,'has'MAX(pages),'pages.') from books GROUP BY pages ORDER BY pages desc limit 1;
ERROR 1064 (42000): You have an error in your SQL syntax; check the manual that corresponds to your MySQL server version for the right syntax to use near 'MAX(pages),'pages.') from books GROUP BY pages ORDER BY pages desc limit 1' at line 1
mysql> SELECT CONCAT_WS(' ','The longest book', title,'has',MAX(pages),'pages.') from books GROUP BY pages ORDER BY pages desc limit 1;
+---------------------------------------------------------------------------+
| CONCAT_WS(' ','The longest book', title,'has',MAX(pages),'pages.')        |
+---------------------------------------------------------------------------+
| The longest book The Amazing Adventures of Kavalier & Clay has 634 pages. |
+---------------------------------------------------------------------------+
1 row in set (0.00 sec)

mysql> SELECT CONCAT_WS(' ','The longest book " ', title,'" has',MAX(pages),'pages.') from books GROUP BY pages ORDER BY pages desc limit 1;
+--------------------------------------------------------------------------------+
| CONCAT_WS(' ','The longest book " ', title,'" has',MAX(pages),'pages.')        |
+--------------------------------------------------------------------------------+
| The longest book "  The Amazing Adventures of Kavalier & Clay " has 634 pages. |
+--------------------------------------------------------------------------------+
1 row in set (0.00 sec)

mysql> SELECT CONCAT_WS(' ','The longest book "', title,'" has',MAX(pages),'pages.') from books GROUP BY pages ORDER BY pages desc limit 1;
+-------------------------------------------------------------------------------+
| CONCAT_WS(' ','The longest book "', title,'" has',MAX(pages),'pages.')        |
+-------------------------------------------------------------------------------+
| The longest book " The Amazing Adventures of Kavalier & Clay " has 634 pages. |
+-------------------------------------------------------------------------------+
1 row in set (0.00 sec)

mysql> SELECT CONCAT_WS(' ','The shortest book "', title,'" has',MAX(pages),'pages.') from books GROUP BY pages ORDER BY pages limit 1;
+------------------------------------------------------------------------------------------+
| CONCAT_WS(' ','The shortest book "', title,'" has',MAX(pages),'pages.')                  |
+------------------------------------------------------------------------------------------+
| The shortest book " What We Talk About When We Talk About Love: Stories " has 176 pages. |
+------------------------------------------------------------------------------------------+
1 row in set (0.00 sec)

mysql> SELECT title from books where pages in  (SEELCT MIN(pages) from books);
ERROR 1064 (42000): You have an error in your SQL syntax; check the manual that corresponds to your MySQL server version for the right syntax to use near 'MIN(pages) from books)' at line 1
mysql> SELECT title from books where pages=(SEELCT MIN(pages) from books);
ERROR 1064 (42000): You have an error in your SQL syntax; check the manual that corresponds to your MySQL server version for the right syntax to use near 'MIN(pages) from books)' at line 1
mysql> SELECT * from books where pages=(SEELCT MIN(pages) from books);
ERROR 1064 (42000): You have an error in your SQL syntax; check the manual that corresponds to your MySQL server version for the right syntax to use near 'MIN(pages) from books)' at line 1
mysql> SELECT * from books where pages=(SELECT MIN(pages) from books);
+---------+-----------------------------------------------------+--------------+--------------+---------------+----------------+-------+
| book_id | title                                               | author_fname | author_lname | released_year | stock_quantity | pages |
+---------+-----------------------------------------------------+--------------+--------------+---------------+----------------+-------+
|      11 | What We Talk About When We Talk About Love: Stories | Raymond      | Carver       |          1981 | 23             |   176 |
+---------+-----------------------------------------------------+--------------+--------------+---------------+----------------+-------+
1 row in set (0.00 sec)

mysql> SELECT 'TMTOWTDI !!' AS NOTE;
+-------------+
| NOTE        |
+-------------+
| TMTOWTDI !! |
+-------------+
1 row in set (0.00 sec)

mysql> SELECT * from books where pages=(SELECT MIN(pages) from books);
+---------+-----------------------------------------------------+--------------+--------------+---------------+----------------+-------+
| book_id | title                                               | author_fname | author_lname | released_year | stock_quantity | pages |
+---------+-----------------------------------------------------+--------------+--------------+---------------+----------------+-------+
|      11 | What We Talk About When We Talk About Love: Stories | Raymond      | Carver       |          1981 | 23             |   176 |
+---------+-----------------------------------------------------+--------------+--------------+---------------+----------------+-------+
1 row in set (0.00 sec)

mysql> SELECT MIN(pages) from books) AS min_pg,
    -> SELECT * FROM books where pages = min_pg;
ERROR 1064 (42000): You have an error in your SQL syntax; check the manual that corresponds to your MySQL server version for the right syntax to use near ') AS min_pg,
SELECT * FROM books where pages = min_pg' at line 1
mysql> SELECT MIN(pages) from books) AS min_pg; SELECT * from books where pages= min_pg;
ERROR 1064 (42000): You have an error in your SQL syntax; check the manual that corresponds to your MySQL server version for the right syntax to use near ') AS min_pg' at line 1
ERROR 1054 (42S22): Unknown column 'min_pg' in 'where clause'
mysql> SELECT MIN(pages) from books AS min_pg, SELECT * FROM books where pages = min_pg;
ERROR 1064 (42000): You have an error in your SQL syntax; check the manual that corresponds to your MySQL server version for the right syntax to use near 'SELECT * FROM books where pages = min_pg' at line 1
mysql> SELECT MIN(pages) from books AS min_pg; SELECT * from books where pages= min_pg;
+------------+
| MIN(pages) |
+------------+
|        176 |
+------------+
1 row in set (0.00 sec)

ERROR 1054 (42S22): Unknown column 'min_pg' in 'where clause'
mysql> SELECT * from books where pages=(SELECT MAX(pages) from books);
+---------+-------------------------------------------+--------------+--------------+---------------+----------------+-------+
| book_id | title                                     | author_fname | author_lname | released_year | stock_quantity | pages |
+---------+-------------------------------------------+--------------+--------------+---------------+----------------+-------+
|       7 | The Amazing Adventures of Kavalier & Clay | Michael      | Chabon       |          2000 | 68             |   634 |
+---------+-------------------------------------------+--------------+--------------+---------------+----------------+-------+
1 row in set (0.00 sec)

mysql> select 'The problem with subqueries as above is it can get very slow.' as note;
+---------------------------------------------------------------+
| note                                                          |
+---------------------------------------------------------------+
| The problem with subqueries as above is it can get very slow. |
+---------------------------------------------------------------+
1 row in set (0.00 sec)

mysql> SELECT CONCAT_WS(' ','The longest book', title,'has',MAX(pages),'pages.') from books  ORDER BY pages desc limit 1;
+--------------------------------------------------------------------+
| CONCAT_WS(' ','The longest book', title,'has',MAX(pages),'pages.') |
+--------------------------------------------------------------------+
| The longest book The Namesake has 634 pages.                       |
+--------------------------------------------------------------------+
1 row in set (0.00 sec)

mysql> SELECT CONCAT_WS(' ','The longest book', title,'has',MAX(pages),'pages.') from books  GROUP BY pages ORDER BY pages desc limit 1;
+---------------------------------------------------------------------------+
| CONCAT_WS(' ','The longest book', title,'has',MAX(pages),'pages.')        |
+---------------------------------------------------------------------------+
| The longest book The Amazing Adventures of Kavalier & Clay has 634 pages. |
+---------------------------------------------------------------------------+
1 row in set (0.00 sec)

mysql> SELECT CONCAT_WS(' ','The longest book', title,'has',Min(pages),'pages.') from books  ORDER BY pages desc limit 1;
+--------------------------------------------------------------------+
| CONCAT_WS(' ','The longest book', title,'has',Min(pages),'pages.') |
+--------------------------------------------------------------------+
| The longest book The Namesake has 176 pages.                       |
+--------------------------------------------------------------------+
1 row in set (0.01 sec)

mysql> SELECT CONCAT_WS(' ','The longest book', title,'has',Min(pages),'pages.') from books GROUP BY pages  ORDER BY pages desc limit 1;
+---------------------------------------------------------------------------+
| CONCAT_WS(' ','The longest book', title,'has',Min(pages),'pages.')        |
+---------------------------------------------------------------------------+
| The longest book The Amazing Adventures of Kavalier & Clay has 634 pages. |
+---------------------------------------------------------------------------+
1 row in set (0.00 sec)

mysql> SELECT CONCAT_WS(' ','The longest book', title,'has',Min(pages),'pages.') from books GROUP BY pages  ORDER BY pages limit 1;
+-------------------------------------------------------------------------------------+
| CONCAT_WS(' ','The longest book', title,'has',Min(pages),'pages.')                  |
+-------------------------------------------------------------------------------------+
| The longest book What We Talk About When We Talk About Love: Stories has 176 pages. |
+-------------------------------------------------------------------------------------+
1 row in set (0.00 sec)

mysql> SELECT 'TMTOWTDI !!' AS NOTE;
+-------------+
| NOTE        |
+-------------+
| TMTOWTDI !! |
+-------------+
1 row in set (0.01 sec)

mysql> select 'Instead of using subqueries, which are slow, use GROUP BY ORDER BY desc or asc with limit' as note;
+-------------------------------------------------------------------------------------------+
| note                                                                                      |
+-------------------------------------------------------------------------------------------+
| Instead of using subqueries, which are slow, use GROUP BY ORDER BY desc or asc with limit |
+-------------------------------------------------------------------------------------------+
1 row in set (0.00 sec)

mysql> select 'However, I still doubt it would be slow to ORDER a very long rows table' as note;
+-------------------------------------------------------------------------+
| note                                                                    |
+-------------------------------------------------------------------------+
| However, I still doubt it would be slow to ORDER a very long rows table |
+-------------------------------------------------------------------------+
1 row in set (0.00 sec)

mysql> select 'I probably alraedy said this, but MIN and MAX don't mix well with other columns during a select. Proceed with caution.' as note;
    '> '
    -> ''
    -> -
    -> ^C
mysql> select 'I probably alraedy said this, but MIN and MAX don"t mix well with other columns during a select. Proceed with caution.' as note;
+------------------------------------------------------------------------------------------------------------------------+
| note                                                                                                                   |
+------------------------------------------------------------------------------------------------------------------------+
| I probably alraedy said this, but MIN and MAX don"t mix well with other columns during a select. Proceed with caution. |
+------------------------------------------------------------------------------------------------------------------------+
1 row in set (0.00 sec)

mysql> select "Also, use double quots often :) when in command line"
    -> ;
+------------------------------------------------------+
| Also, use double quots often :) when in command line |
+------------------------------------------------------+
| Also, use double quots often :) when in command line |
+------------------------------------------------------+
1 row in set (0.00 sec)

mysql> SELECT CONCAT_WS(' ',author_fname,author_lname, 'published thier first book titled', title,'in',MIN(released_year),'. It has ',pages.'.') from books  GROUP BY released_yeardesc;
ERROR 1064 (42000): You have an error in your SQL syntax; check the manual that corresponds to your MySQL server version for the right syntax to use near ''.') from books  GROUP BY released_yeardesc' at line 1
mysql> SELECT CONCAT_WS(' ',author_fname,author_lname, 'published thier first book titled', title,'in',MIN(released_year),'. It has ',pages.'.') from books  GROUP BY released_year;
ERROR 1064 (42000): You have an error in your SQL syntax; check the manual that corresponds to your MySQL server version for the right syntax to use near ''.') from books  GROUP BY released_year' at line 1
mysql> SELECT CONCAT_WS(' ',author_fname,author_lname, 'published thier first book titled', title,'in',MIN(released_year),'. It has ',pages) from books  GROUP BY released_year;
+--------------------------------------------------------------------------------------------------------------------------------+
| CONCAT_WS(' ',author_fname,author_lname, 'published thier first book titled', title,'in',MIN(released_year),'. It has ',pages) |
+--------------------------------------------------------------------------------------------------------------------------------+
| John Steinbeck published thier first book titled Cannery Row in 1945 . It has  181                                             |
| Raymond Carver published thier first book titled What We Talk About When We Talk About Love: Stories in 1981 . It has  176     |
| Don DeLillo published thier first book titled White Noise in 1985 . It has  320                                                |
| Raymond Carver published thier first book titled Where I'm Calling From: Selected Stories in 1989 . It has  526                |
| Jhumpa Lahiri published thier first book titled Interpreter of Maladies in 1996 . It has  198                                  |
| Michael Chabon published thier first book titled The Amazing Adventures of Kavalier & Clay in 2000 . It has  634               |
| Neil Gaiman published thier first book titled American Gods in 2001 . It has  465                                              |
| Jhumpa Lahiri published thier first book titled The Namesake in 2003 . It has  291                                             |
| David Foster Wallace published thier first book titled Oblivion: Stories in 2004 . It has  329                                 |
| David Foster Wallace published thier first book titled Consider the Lobster in 2005 . It has  343                              |
| Patti Smith published thier first book titled Just Kids in 2010 . It has  304                                                  |
| Dave Eggers published thier first book titled A Hologram for the King: A Novel in 2012 . It has  352                           |
| Dave Eggers published thier first book titled The Circle in 2013 . It has  504                                                 |
| Dan Harris published thier first book titled 10% Happier in 2014 . It has  256                                                 |
| Neil Gaiman published thier first book titled Norse Mythology in 2016 . It has  304                                            |
| George Saunders published thier first book titled Lincoln In The Bardo in 2017 . It has  367                                   |
+--------------------------------------------------------------------------------------------------------------------------------+
16 rows in set (0.00 sec)

mysql> SELECT CONCAT_WS(' ',author_fname,author_lname, 'published thier first book titled', title,'in',MIN(released_year),'. It has ',pages, 'pages.') from books  GROUP BY released_year;
+------------------------------------------------------------------------------------------------------------------------------------------+
| CONCAT_WS(' ',author_fname,author_lname, 'published thier first book titled', title,'in',MIN(released_year),'. It has ',pages, 'pages.') |
+------------------------------------------------------------------------------------------------------------------------------------------+
| John Steinbeck published thier first book titled Cannery Row in 1945 . It has  181 pages.                                                |
| Raymond Carver published thier first book titled What We Talk About When We Talk About Love: Stories in 1981 . It has  176 pages.        |
| Don DeLillo published thier first book titled White Noise in 1985 . It has  320 pages.                                                   |
| Raymond Carver published thier first book titled Where I'm Calling From: Selected Stories in 1989 . It has  526 pages.                   |
| Jhumpa Lahiri published thier first book titled Interpreter of Maladies in 1996 . It has  198 pages.                                     |
| Michael Chabon published thier first book titled The Amazing Adventures of Kavalier & Clay in 2000 . It has  634 pages.                  |
| Neil Gaiman published thier first book titled American Gods in 2001 . It has  465 pages.                                                 |
| Jhumpa Lahiri published thier first book titled The Namesake in 2003 . It has  291 pages.                                                |
| David Foster Wallace published thier first book titled Oblivion: Stories in 2004 . It has  329 pages.                                    |
| David Foster Wallace published thier first book titled Consider the Lobster in 2005 . It has  343 pages.                                 |
| Patti Smith published thier first book titled Just Kids in 2010 . It has  304 pages.                                                     |
| Dave Eggers published thier first book titled A Hologram for the King: A Novel in 2012 . It has  352 pages.                              |
| Dave Eggers published thier first book titled The Circle in 2013 . It has  504 pages.                                                    |
| Dan Harris published thier first book titled 10% Happier in 2014 . It has  256 pages.                                                    |
| Neil Gaiman published thier first book titled Norse Mythology in 2016 . It has  304 pages.                                               |
| George Saunders published thier first book titled Lincoln In The Bardo in 2017 . It has  367 pages.                                      |
+------------------------------------------------------------------------------------------------------------------------------------------+
16 rows in set (0.00 sec)

mysql> select * from book where author_lname = 'Foster Wallace';
ERROR 1146 (42S02): Table 'books_db.book' doesn't exist
mysql> select * from books where author_lname = 'Foster Wallace';
+---------+----------------------+--------------+----------------+---------------+----------------+-------+
| book_id | title                | author_fname | author_lname   | released_year | stock_quantity | pages |
+---------+----------------------+--------------+----------------+---------------+----------------+-------+
|      15 | Oblivion: Stories    | David        | Foster Wallace |          2004 | 172            |   329 |
|      16 | Consider the Lobster | David        | Foster Wallace |          2005 | 92             |   343 |
+---------+----------------------+--------------+----------------+---------------+----------------+-------+
2 rows in set (0.00 sec)

mysql> SELECT DISTINCT CONCAT_WS(' ',author_fname,author_lname, 'published thier first book titled', title,'in',MIN(released_year),'. It has ',pages, 'pages.') from books  GROUP BY released_year;
+------------------------------------------------------------------------------------------------------------------------------------------+
| CONCAT_WS(' ',author_fname,author_lname, 'published thier first book titled', title,'in',MIN(released_year),'. It has ',pages, 'pages.') |
+------------------------------------------------------------------------------------------------------------------------------------------+
| John Steinbeck published thier first book titled Cannery Row in 1945 . It has  181 pages.                                                |
| Raymond Carver published thier first book titled What We Talk About When We Talk About Love: Stories in 1981 . It has  176 pages.        |
| Don DeLillo published thier first book titled White Noise in 1985 . It has  320 pages.                                                   |
| Raymond Carver published thier first book titled Where I'm Calling From: Selected Stories in 1989 . It has  526 pages.                   |
| Jhumpa Lahiri published thier first book titled Interpreter of Maladies in 1996 . It has  198 pages.                                     |
| Michael Chabon published thier first book titled The Amazing Adventures of Kavalier & Clay in 2000 . It has  634 pages.                  |
| Neil Gaiman published thier first book titled American Gods in 2001 . It has  465 pages.                                                 |
| Jhumpa Lahiri published thier first book titled The Namesake in 2003 . It has  291 pages.                                                |
| David Foster Wallace published thier first book titled Oblivion: Stories in 2004 . It has  329 pages.                                    |
| David Foster Wallace published thier first book titled Consider the Lobster in 2005 . It has  343 pages.                                 |
| Patti Smith published thier first book titled Just Kids in 2010 . It has  304 pages.                                                     |
| Dave Eggers published thier first book titled A Hologram for the King: A Novel in 2012 . It has  352 pages.                              |
| Dave Eggers published thier first book titled The Circle in 2013 . It has  504 pages.                                                    |
| Dan Harris published thier first book titled 10% Happier in 2014 . It has  256 pages.                                                    |
| Neil Gaiman published thier first book titled Norse Mythology in 2016 . It has  304 pages.                                               |
| George Saunders published thier first book titled Lincoln In The Bardo in 2017 . It has  367 pages.                                      |
+------------------------------------------------------------------------------------------------------------------------------------------+
16 rows in set (0.00 sec)

mysql> SELECT CONCAT_WS(' ',author_fname,author_lname, 'published thier first book titled', title,'in',MIN(released_year),'. It has ',pages, 'pages.') from books  GROUP BY released_year ORDER BY released_year limit 1;
+------------------------------------------------------------------------------------------------------------------------------------------+
| CONCAT_WS(' ',author_fname,author_lname, 'published thier first book titled', title,'in',MIN(released_year),'. It has ',pages, 'pages.') |
+------------------------------------------------------------------------------------------------------------------------------------------+
| John Steinbeck published thier first book titled Cannery Row in 1945 . It has  181 pages.                                                |
+------------------------------------------------------------------------------------------------------------------------------------------+
1 row in set (0.00 sec)

mysql> SELECT CONCAT_WS(' ',author_fname,author_lname, 'published thier first book titled', title,'in',MIN(released_year),'. It has ',pages, 'pages.') from books  GROUP BY released_year ORDER BY released_year;
+------------------------------------------------------------------------------------------------------------------------------------------+
| CONCAT_WS(' ',author_fname,author_lname, 'published thier first book titled', title,'in',MIN(released_year),'. It has ',pages, 'pages.') |
+------------------------------------------------------------------------------------------------------------------------------------------+
| John Steinbeck published thier first book titled Cannery Row in 1945 . It has  181 pages.                                                |
| Raymond Carver published thier first book titled What We Talk About When We Talk About Love: Stories in 1981 . It has  176 pages.        |
| Don DeLillo published thier first book titled White Noise in 1985 . It has  320 pages.                                                   |
| Raymond Carver published thier first book titled Where I'm Calling From: Selected Stories in 1989 . It has  526 pages.                   |
| Jhumpa Lahiri published thier first book titled Interpreter of Maladies in 1996 . It has  198 pages.                                     |
| Michael Chabon published thier first book titled The Amazing Adventures of Kavalier & Clay in 2000 . It has  634 pages.                  |
| Neil Gaiman published thier first book titled American Gods in 2001 . It has  465 pages.                                                 |
| Jhumpa Lahiri published thier first book titled The Namesake in 2003 . It has  291 pages.                                                |
| David Foster Wallace published thier first book titled Oblivion: Stories in 2004 . It has  329 pages.                                    |
| David Foster Wallace published thier first book titled Consider the Lobster in 2005 . It has  343 pages.                                 |
| Patti Smith published thier first book titled Just Kids in 2010 . It has  304 pages.                                                     |
| Dave Eggers published thier first book titled A Hologram for the King: A Novel in 2012 . It has  352 pages.                              |
| Dave Eggers published thier first book titled The Circle in 2013 . It has  504 pages.                                                    |
| Dan Harris published thier first book titled 10% Happier in 2014 . It has  256 pages.                                                    |
| Neil Gaiman published thier first book titled Norse Mythology in 2016 . It has  304 pages.                                               |
| George Saunders published thier first book titled Lincoln In The Bardo in 2017 . It has  367 pages.                                      |
+------------------------------------------------------------------------------------------------------------------------------------------+
16 rows in set (0.00 sec)

mysql> select 'Not getting what I wanted, but close. Need to filter the min of year. Eg. David Foster Wallace has two books published in 2004 and 2005. They both show up. Need only the 2004 one.' as note;
+-------------------------------------------------------------------------------------------------------------------------------------------------------------------------------------+
| note                                                                                                                                                                                |
+-------------------------------------------------------------------------------------------------------------------------------------------------------------------------------------+
| Not getting what I wanted, but close. Need to filter the min of year. Eg. David Foster Wallace has two books published in 2004 and 2005. They both show up. Need only the 2004 one. |
+-------------------------------------------------------------------------------------------------------------------------------------------------------------------------------------+
1 row in set (0.00 sec)

mysql> select 'Ah. Need to GROUP BY author_fname, author_lname!' as note;
+--------------------------------------------------+
| note                                             |
+--------------------------------------------------+
| Ah. Need to GROUP BY author_fname, author_lname! |
+--------------------------------------------------+
1 row in set (0.00 sec)

mysql> SELECT CONCAT_WS(' ',author_fname,author_lname, 'published thier first book titled', title,'in',MIN(released_year),'. It has ',pages, 'pages.') from books  GROUP BY author_fname,author_lname;
+------------------------------------------------------------------------------------------------------------------------------------------+
| CONCAT_WS(' ',author_fname,author_lname, 'published thier first book titled', title,'in',MIN(released_year),'. It has ',pages, 'pages.') |
+------------------------------------------------------------------------------------------------------------------------------------------+
| Dan Harris published thier first book titled 10% Happier in 2014 . It has  256 pages.                                                    |
| Dave Eggers published thier first book titled A Hologram for the King: A Novel in 2001 . It has  352 pages.                              |
| David Foster Wallace published thier first book titled Oblivion: Stories in 2004 . It has  329 pages.                                    |
| Don DeLillo published thier first book titled White Noise in 1985 . It has  320 pages.                                                   |
| Freida Harris published thier first book titled fake_book in 2001 . It has  428 pages.                                                   |
| George Saunders published thier first book titled Lincoln In The Bardo in 2017 . It has  367 pages.                                      |
| Jhumpa Lahiri published thier first book titled The Namesake in 1996 . It has  291 pages.                                                |
| John Steinbeck published thier first book titled Cannery Row in 1945 . It has  181 pages.                                                |
| Michael Chabon published thier first book titled The Amazing Adventures of Kavalier & Clay in 2000 . It has  634 pages.                  |
| Neil Gaiman published thier first book titled Norse Mythology in 2001 . It has  304 pages.                                               |
| Patti Smith published thier first book titled Just Kids in 2010 . It has  304 pages.                                                     |
| Raymond Carver published thier first book titled What We Talk About When We Talk About Love: Stories in 1981 . It has  176 pages.        |
+------------------------------------------------------------------------------------------------------------------------------------------+
12 rows in set (0.00 sec)

mysql> select "That's right."
    -> ;
+---------------+
| That's right. |
+---------------+
| That's right. |
+---------------+
1 row in set (0.00 sec)

mysql> SELECT CONCAT_WS(' ',author_fname,author_lname, 'published thier longest  book titled', title,'in',MIN(pages),'. It has ',pages, 'pages.') from books  GROUP BY pages;
+-------------------------------------------------------------------------------------------------------------------------------------+
| CONCAT_WS(' ',author_fname,author_lname, 'published thier longest  book titled', title,'in',MIN(pages),'. It has ',pages, 'pages.') |
+-------------------------------------------------------------------------------------------------------------------------------------+
| Raymond Carver published thier longest  book titled What We Talk About When We Talk About Love: Stories in 176 . It has  176 pages. |
| John Steinbeck published thier longest  book titled Cannery Row in 181 . It has  181 pages.                                         |
| Jhumpa Lahiri published thier longest  book titled Interpreter of Maladies in 198 . It has  198 pages.                              |
| Neil Gaiman published thier longest  book titled Coraline in 208 . It has  208 pages.                                               |
| Dan Harris published thier longest  book titled 10% Happier in 256 . It has  256 pages.                                             |
| Jhumpa Lahiri published thier longest  book titled The Namesake in 291 . It has  291 pages.                                         |
| Neil Gaiman published thier longest  book titled Norse Mythology in 304 . It has  304 pages.                                        |
| Don DeLillo published thier longest  book titled White Noise in 320 . It has  320 pages.                                            |
| David Foster Wallace published thier longest  book titled Oblivion: Stories in 329 . It has  329 pages.                             |
| David Foster Wallace published thier longest  book titled Consider the Lobster in 343 . It has  343 pages.                          |
| Dave Eggers published thier longest  book titled A Hologram for the King: A Novel in 352 . It has  352 pages.                       |
| George Saunders published thier longest  book titled Lincoln In The Bardo in 367 . It has  367 pages.                               |
| Freida Harris published thier longest  book titled fake_book in 428 . It has  428 pages.                                            |
| Dave Eggers published thier longest  book titled A Heartbreaking Work of Staggering Genius in 437 . It has  437 pages.              |
| Neil Gaiman published thier longest  book titled American Gods in 465 . It has  465 pages.                                          |
| Dave Eggers published thier longest  book titled The Circle in 504 . It has  504 pages.                                             |
| Raymond Carver published thier longest  book titled Where I'm Calling From: Selected Stories in 526 . It has  526 pages.            |
| Michael Chabon published thier longest  book titled The Amazing Adventures of Kavalier & Clay in 634 . It has  634 pages.           |
+-------------------------------------------------------------------------------------------------------------------------------------+
18 rows in set (0.00 sec)

mysql> select * from books where author_lname = 'Foster Wallace';
+---------+----------------------+--------------+----------------+---------------+----------------+-------+
| book_id | title                | author_fname | author_lname   | released_year | stock_quantity | pages |
+---------+----------------------+--------------+----------------+---------------+----------------+-------+
|      15 | Oblivion: Stories    | David        | Foster Wallace |          2004 | 172            |   329 |
|      16 | Consider the Lobster | David        | Foster Wallace |          2005 | 92             |   343 |
+---------+----------------------+--------------+----------------+---------------+----------------+-------+
2 rows in set (0.00 sec)

mysql> SELECT 'Still need to GROUP BY author_fname,author_lname!' as note;
+---------------------------------------------------+
| note                                              |
+---------------------------------------------------+
| Still need to GROUP BY author_fname,author_lname! |
+---------------------------------------------------+
1 row in set (0.00 sec)

mysql> SELECT CONCAT_WS(' ',author_fname,author_lname, 'published thier longest  book titled', title,'in',MIN(pages),'. It has ',pages, 'pages.') from books  GROUP BYauthor_fname,author_lname;
ERROR 1064 (42000): You have an error in your SQL syntax; check the manual that corresponds to your MySQL server version for the right syntax to use near 'BYauthor_fname,author_lname' at line 1
mysql> SELECT CONCAT_WS(' ',author_fname,author_lname, 'published thier longest  book titled', title,'in',MIN(pages),'. It has ',pages, 'pages.') from books  GROUP BY author_fname,author_lname;
+-------------------------------------------------------------------------------------------------------------------------------------+
| CONCAT_WS(' ',author_fname,author_lname, 'published thier longest  book titled', title,'in',MIN(pages),'. It has ',pages, 'pages.') |
+-------------------------------------------------------------------------------------------------------------------------------------+
| Dan Harris published thier longest  book titled 10% Happier in 256 . It has  256 pages.                                             |
| Dave Eggers published thier longest  book titled A Hologram for the King: A Novel in 352 . It has  352 pages.                       |
| David Foster Wallace published thier longest  book titled Oblivion: Stories in 329 . It has  329 pages.                             |
| Don DeLillo published thier longest  book titled White Noise in 320 . It has  320 pages.                                            |
| Freida Harris published thier longest  book titled fake_book in 428 . It has  428 pages.                                            |
| George Saunders published thier longest  book titled Lincoln In The Bardo in 367 . It has  367 pages.                               |
| Jhumpa Lahiri published thier longest  book titled The Namesake in 198 . It has  291 pages.                                         |
| John Steinbeck published thier longest  book titled Cannery Row in 181 . It has  181 pages.                                         |
| Michael Chabon published thier longest  book titled The Amazing Adventures of Kavalier & Clay in 634 . It has  634 pages.           |
| Neil Gaiman published thier longest  book titled Norse Mythology in 208 . It has  304 pages.                                        |
| Patti Smith published thier longest  book titled Just Kids in 304 . It has  304 pages.                                              |
| Raymond Carver published thier longest  book titled What We Talk About When We Talk About Love: Stories in 176 . It has  176 pages. |
+-------------------------------------------------------------------------------------------------------------------------------------+
12 rows in set (0.00 sec)

mysql> select "That's right."
    -> ;
+---------------+
| That's right. |
+---------------+
| That's right. |
+---------------+
1 row in set (0.00 sec)

mysql> select * from books where author_lname = 'Foster Wallace';
+---------+----------------------+--------------+----------------+---------------+----------------+-------+
| book_id | title                | author_fname | author_lname   | released_year | stock_quantity | pages |
+---------+----------------------+--------------+----------------+---------------+----------------+-------+
|      15 | Oblivion: Stories    | David        | Foster Wallace |          2004 | 172            |   329 |
|      16 | Consider the Lobster | David        | Foster Wallace |          2005 | 92             |   343 |
+---------+----------------------+--------------+----------------+---------------+----------------+-------+
2 rows in set (0.00 sec)

mysql> select 'Now only the shortest books are showing up.' as note;
+---------------------------------------------+
| note                                        |
+---------------------------------------------+
| Now only the shortest books are showing up. |
+---------------------------------------------+
1 row in set (0.01 sec)

mysql> select 'I already tried things that the instructor later asked to do. Making good progress... and staying awake!!' as note;
+-----------------------------------------------------------------------------------------------------------+
| note                                                                                                      |
+-----------------------------------------------------------------------------------------------------------+
| I already tried things that the instructor later asked to do. Making good progress... and staying awake!! |
+-----------------------------------------------------------------------------------------------------------+
1 row in set (0.00 sec)

mysql> select 'A small problem though is I messed up the text longest with MIN. Should have been MAX.' as note;
+----------------------------------------------------------------------------------------+
| note                                                                                   |
+----------------------------------------------------------------------------------------+
| A small problem though is I messed up the text longest with MIN. Should have been MAX. |
+----------------------------------------------------------------------------------------+
1 row in set (0.00 sec)

mysql> SELECT SUM(pages) from books;
+------------+
| SUM(pages) |
+------------+
|       6623 |
+------------+
1 row in set (0.17 sec)

mysql> SELECT SUM(pages) from books GROUP BY released_year;
+------------+
| SUM(pages) |
+------------+
|        181 |
|        176 |
|        320 |
|        526 |
|        198 |
|        634 |
|       1330 |
|        499 |
|        329 |
|        343 |
|        304 |
|        352 |
|        504 |
|        256 |
|        304 |
|        367 |
+------------+
16 rows in set (0.08 sec)

mysql> SELECT released_year, SUM(pages) from books GROUP BY released_year;
+---------------+------------+
| released_year | SUM(pages) |
+---------------+------------+
|          1945 |        181 |
|          1981 |        176 |
|          1985 |        320 |
|          1989 |        526 |
|          1996 |        198 |
|          2000 |        634 |
|          2001 |       1330 |
|          2003 |        499 |
|          2004 |        329 |
|          2005 |        343 |
|          2010 |        304 |
|          2012 |        352 |
|          2013 |        504 |
|          2014 |        256 |
|          2016 |        304 |
|          2017 |        367 |
+---------------+------------+
16 rows in set (0.00 sec)

mysql> SELECT * from books where released_year=2001;
+---------+-------------------------------------------+--------------+--------------+---------------+----------------+-------+
| book_id | title                                     | author_fname | author_lname | released_year | stock_quantity | pages |
+---------+-------------------------------------------+--------------+--------------+---------------+----------------+-------+
|       3 | American Gods                             | Neil         | Gaiman       |          2001 | 12             |   465 |
|       9 | A Heartbreaking Work of Staggering Genius | Dave         | Eggers       |          2001 | 104            |   437 |
|      18 | fake_book                                 | Freida       | Harris       |          2001 | 287            |   428 |
+---------+-------------------------------------------+--------------+--------------+---------------+----------------+-------+
3 rows in set (0.09 sec)

mysql> SELECT *,SUM(pages) from books where released_year=2001;
+---------+---------------+--------------+--------------+---------------+----------------+-------+------------+
| book_id | title         | author_fname | author_lname | released_year | stock_quantity | pages | SUM(pages) |
+---------+---------------+--------------+--------------+---------------+----------------+-------+------------+
|       3 | American Gods | Neil         | Gaiman       |          2001 | 12             |   465 |       1330 |
+---------+---------------+--------------+--------------+---------------+----------------+-------+------------+
1 row in set (0.00 sec)

mysql> SELECT *,SUM(pages) from books where released_year=2001 GROUP BY released_year;
+---------+---------------+--------------+--------------+---------------+----------------+-------+------------+
| book_id | title         | author_fname | author_lname | released_year | stock_quantity | pages | SUM(pages) |
+---------+---------------+--------------+--------------+---------------+----------------+-------+------------+
|       3 | American Gods | Neil         | Gaiman       |          2001 | 12             |   465 |       1330 |
+---------+---------------+--------------+--------------+---------------+----------------+-------+------------+
1 row in set (0.00 sec)

mysql> SELECT *,SUM(pages) from books where released_year=2001 GROUP BY author_fname,author_lname;
+---------+-------------------------------------------+--------------+--------------+---------------+----------------+-------+------------+
| book_id | title                                     | author_fname | author_lname | released_year | stock_quantity | pages | SUM(pages) |
+---------+-------------------------------------------+--------------+--------------+---------------+----------------+-------+------------+
|       9 | A Heartbreaking Work of Staggering Genius | Dave         | Eggers       |          2001 | 104            |   437 |        437 |
|      18 | fake_book                                 | Freida       | Harris       |          2001 | 287            |   428 |        428 |
|       3 | American Gods                             | Neil         | Gaiman       |          2001 | 12             |   465 |        465 |
+---------+-------------------------------------------+--------------+--------------+---------------+----------------+-------+------------+
3 rows in set (0.00 sec)

mysql> SELECT *,SUM(pages) from books GROUP BY author_fname,author_lname;
+---------+-----------------------------------------------------+--------------+----------------+---------------+----------------+-------+------------+
| book_id | title                                               | author_fname | author_lname   | released_year | stock_quantity | pages | SUM(pages) |
+---------+-----------------------------------------------------+--------------+----------------+---------------+----------------+-------+------------+
|      17 | 10% Happier                                         | Dan          | Harris         |          2014 | 29             |   256 |        256 |
|       5 | A Hologram for the King: A Novel                    | Dave         | Eggers         |          2012 | 154            |   352 |       1293 |
|      15 | Oblivion: Stories                                   | David        | Foster Wallace |          2004 | 172            |   329 |        672 |
|      13 | White Noise                                         | Don          | DeLillo        |          1985 | 49             |   320 |        320 |
|      18 | fake_book                                           | Freida       | Harris         |          2001 | 287            |   428 |        428 |
|      19 | Lincoln In The Bardo                                | George       | Saunders       |          2017 | 1000           |   367 |        367 |
|       1 | The Namesake                                        | Jhumpa       | Lahiri         |          2003 | 32             |   291 |        489 |
|      14 | Cannery Row                                         | John         | Steinbeck      |          1945 | 95             |   181 |        181 |
|       7 | The Amazing Adventures of Kavalier & Clay           | Michael      | Chabon         |          2000 | 68             |   634 |        634 |
|       2 | Norse Mythology                                     | Neil         | Gaiman         |          2016 | 43             |   304 |        977 |
|       8 | Just Kids                                           | Patti        | Smith          |          2010 | 55             |   304 |        304 |
|      11 | What We Talk About When We Talk About Love: Stories | Raymond      | Carver         |          1981 | 23             |   176 |        702 |
+---------+-----------------------------------------------------+--------------+----------------+---------------+----------------+-------+------------+
12 rows in set (0.00 sec)

mysql> select * from books where author_lname ='Foster Wallace';
+---------+----------------------+--------------+----------------+---------------+----------------+-------+
| book_id | title                | author_fname | author_lname   | released_year | stock_quantity | pages |
+---------+----------------------+--------------+----------------+---------------+----------------+-------+
|      15 | Oblivion: Stories    | David        | Foster Wallace |          2004 | 172            |   329 |
|      16 | Consider the Lobster | David        | Foster Wallace |          2005 | 92             |   343 |
+---------+----------------------+--------------+----------------+---------------+----------------+-------+
2 rows in set (0.00 sec)

mysql> select *,SUM(pages) from books where author_lname ='Foster Wallace';
+---------+-------------------+--------------+----------------+---------------+----------------+-------+------------+
| book_id | title             | author_fname | author_lname   | released_year | stock_quantity | pages | SUM(pages) |
+---------+-------------------+--------------+----------------+---------------+----------------+-------+------------+
|      15 | Oblivion: Stories | David        | Foster Wallace |          2004 | 172            |   329 |        672 |
+---------+-------------------+--------------+----------------+---------------+----------------+-------+------------+
1 row in set (0.01 sec)

mysql> SELECT *,SUM(pages) from books where released_year=2001 GROUP BY author_fname,author_lname;
+---------+-------------------------------------------+--------------+--------------+---------------+----------------+-------+------------+
| book_id | title                                     | author_fname | author_lname | released_year | stock_quantity | pages | SUM(pages) |
+---------+-------------------------------------------+--------------+--------------+---------------+----------------+-------+------------+
|       9 | A Heartbreaking Work of Staggering Genius | Dave         | Eggers       |          2001 | 104            |   437 |        437 |
|      18 | fake_book                                 | Freida       | Harris       |          2001 | 287            |   428 |        428 |
|       3 | American Gods                             | Neil         | Gaiman       |          2001 | 12             |   465 |        465 |
+---------+-------------------------------------------+--------------+--------------+---------------+----------------+-------+------------+
3 rows in set (0.00 sec)

mysql> SELECT *,SUM(pages) from books GROUP BY author_fname,author_lname;
+---------+-----------------------------------------------------+--------------+----------------+---------------+----------------+-------+------------+
| book_id | title                                               | author_fname | author_lname   | released_year | stock_quantity | pages | SUM(pages) |
+---------+-----------------------------------------------------+--------------+----------------+---------------+----------------+-------+------------+
|      17 | 10% Happier                                         | Dan          | Harris         |          2014 | 29             |   256 |        256 |
|       5 | A Hologram for the King: A Novel                    | Dave         | Eggers         |          2012 | 154            |   352 |       1293 |
|      15 | Oblivion: Stories                                   | David        | Foster Wallace |          2004 | 172            |   329 |        672 |
|      13 | White Noise                                         | Don          | DeLillo        |          1985 | 49             |   320 |        320 |
|      18 | fake_book                                           | Freida       | Harris         |          2001 | 287            |   428 |        428 |
|      19 | Lincoln In The Bardo                                | George       | Saunders       |          2017 | 1000           |   367 |        367 |
|       1 | The Namesake                                        | Jhumpa       | Lahiri         |          2003 | 32             |   291 |        489 |
|      14 | Cannery Row                                         | John         | Steinbeck      |          1945 | 95             |   181 |        181 |
|       7 | The Amazing Adventures of Kavalier & Clay           | Michael      | Chabon         |          2000 | 68             |   634 |        634 |
|       2 | Norse Mythology                                     | Neil         | Gaiman         |          2016 | 43             |   304 |        977 |
|       8 | Just Kids                                           | Patti        | Smith          |          2010 | 55             |   304 |        304 |
|      11 | What We Talk About When We Talk About Love: Stories | Raymond      | Carver         |          1981 | 23             |   176 |        702 |
+---------+-----------------------------------------------------+--------------+----------------+---------------+----------------+-------+------------+
12 rows in set (0.00 sec)

mysql> SELECT *,SUM(stock_quantity) from books GROUP BY author_fname,author_lname;
+---------+-----------------------------------------------------+--------------+----------------+---------------+----------------+-------+---------------------+
| book_id | title                                               | author_fname | author_lname   | released_year | stock_quantity | pages | SUM(stock_quantity) |
+---------+-----------------------------------------------------+--------------+----------------+---------------+----------------+-------+---------------------+
|      17 | 10% Happier                                         | Dan          | Harris         |          2014 | 29             |   256 |                  29 |
|       5 | A Hologram for the King: A Novel                    | Dave         | Eggers         |          2012 | 154            |   352 |                 284 |
|      15 | Oblivion: Stories                                   | David        | Foster Wallace |          2004 | 172            |   329 |                 264 |
|      13 | White Noise                                         | Don          | DeLillo        |          1985 | 49             |   320 |                  49 |
|      18 | fake_book                                           | Freida       | Harris         |          2001 | 287            |   428 |                 287 |
|      19 | Lincoln In The Bardo                                | George       | Saunders       |          2017 | 1000           |   367 |                1000 |
|       1 | The Namesake                                        | Jhumpa       | Lahiri         |          2003 | 32             |   291 |                 129 |
|      14 | Cannery Row                                         | John         | Steinbeck      |          1945 | 95             |   181 |                  95 |
|       7 | The Amazing Adventures of Kavalier & Clay           | Michael      | Chabon         |          2000 | 68             |   634 |                  68 |
|       2 | Norse Mythology                                     | Neil         | Gaiman         |          2016 | 43             |   304 |                 155 |
|       8 | Just Kids                                           | Patti        | Smith          |          2010 | 55             |   304 |                  55 |
|      11 | What We Talk About When We Talk About Love: Stories | Raymond      | Carver         |          1981 | 23             |   176 |                  35 |
+---------+-----------------------------------------------------+--------------+----------------+---------------+----------------+-------+---------------------+
12 rows in set (0.00 sec)

mysql> SELECT author_fname,author_lname,SUM(stock_quantity) from books GROUP BY author_fname,author_lname;
+--------------+----------------+---------------------+
| author_fname | author_lname   | SUM(stock_quantity) |
+--------------+----------------+---------------------+
| Dan          | Harris         |                  29 |
| Dave         | Eggers         |                 284 |
| David        | Foster Wallace |                 264 |
| Don          | DeLillo        |                  49 |
| Freida       | Harris         |                 287 |
| George       | Saunders       |                1000 |
| Jhumpa       | Lahiri         |                 129 |
| John         | Steinbeck      |                  95 |
| Michael      | Chabon         |                  68 |
| Neil         | Gaiman         |                 155 |
| Patti        | Smith          |                  55 |
| Raymond      | Carver         |                  35 |
+--------------+----------------+---------------------+
12 rows in set (0.00 sec)

mysql> select * rfom books where author_lname='Foster Wallace';
ERROR 1064 (42000): You have an error in your SQL syntax; check the manual that corresponds to your MySQL server version for the right syntax to use near 'rfom books where author_lname='Foster Wallace'' at line 1
mysql> select * from books where author_lname='Foster Wallace';
+---------+----------------------+--------------+----------------+---------------+----------------+-------+
| book_id | title                | author_fname | author_lname   | released_year | stock_quantity | pages |
+---------+----------------------+--------------+----------------+---------------+----------------+-------+
|      15 | Oblivion: Stories    | David        | Foster Wallace |          2004 | 172            |   329 |
|      16 | Consider the Lobster | David        | Foster Wallace |          2005 | 92             |   343 |
+---------+----------------------+--------------+----------------+---------------+----------------+-------+
2 rows in set (0.00 sec)

mysql> select * from books where author_lname='Sauders';
Empty set (0.00 sec)

mysql> select * from books where author_lname='Saunders';
+---------+----------------------+--------------+--------------+---------------+----------------+-------+
| book_id | title                | author_fname | author_lname | released_year | stock_quantity | pages |
+---------+----------------------+--------------+--------------+---------------+----------------+-------+
|      19 | Lincoln In The Bardo | George       | Saunders     |          2017 | 1000           |   367 |
+---------+----------------------+--------------+--------------+---------------+----------------+-------+
1 row in set (0.00 sec)

mysql> SELECT author_fname,author_lname,SUM(stock_quantity) from books GROUP BY author_fname,author_lname;
+--------------+----------------+---------------------+
| author_fname | author_lname   | SUM(stock_quantity) |
+--------------+----------------+---------------------+
| Dan          | Harris         |                  29 |
| Dave         | Eggers         |                 284 |
| David        | Foster Wallace |                 264 |
| Don          | DeLillo        |                  49 |
| Freida       | Harris         |                 287 |
| George       | Saunders       |                1000 |
| Jhumpa       | Lahiri         |                 129 |
| John         | Steinbeck      |                  95 |
| Michael      | Chabon         |                  68 |
| Neil         | Gaiman         |                 155 |
| Patti        | Smith          |                  55 |
| Raymond      | Carver         |                  35 |
+--------------+----------------+---------------------+
12 rows in set (0.08 sec)

mysql> SELECT author_fname,author_lname,stock_quantity from books;
+--------------+----------------+----------------+
| author_fname | author_lname   | stock_quantity |
+--------------+----------------+----------------+
| Jhumpa       | Lahiri         | 32             |
| Neil         | Gaiman         | 43             |
| Neil         | Gaiman         | 12             |
| Jhumpa       | Lahiri         | 97             |
| Dave         | Eggers         | 154            |
| Dave         | Eggers         | 26             |
| Michael      | Chabon         | 68             |
| Patti        | Smith          | 55             |
| Dave         | Eggers         | 104            |
| Neil         | Gaiman         | 100            |
| Raymond      | Carver         | 23             |
| Raymond      | Carver         | 12             |
| Don          | DeLillo        | 49             |
| John         | Steinbeck      | 95             |
| David        | Foster Wallace | 172            |
| David        | Foster Wallace | 92             |
| Dan          | Harris         | 29             |
| Freida       | Harris         | 287            |
| George       | Saunders       | 1000           |
+--------------+----------------+----------------+
19 rows in set (0.00 sec)

mysql> SELECT author_fname,author_lname,SUM(stock_quantity) from books GROUP BY author_fname,author_lname;
+--------------+----------------+---------------------+
| author_fname | author_lname   | SUM(stock_quantity) |
+--------------+----------------+---------------------+
| Dan          | Harris         |                  29 |
| Dave         | Eggers         |                 284 |
| David        | Foster Wallace |                 264 |
| Don          | DeLillo        |                  49 |
| Freida       | Harris         |                 287 |
| George       | Saunders       |                1000 |
| Jhumpa       | Lahiri         |                 129 |
| John         | Steinbeck      |                  95 |
| Michael      | Chabon         |                  68 |
| Neil         | Gaiman         |                 155 |
| Patti        | Smith          |                  55 |
| Raymond      | Carver         |                  35 |
+--------------+----------------+---------------------+
12 rows in set (0.00 sec)

mysql> SELECT *,SUM(pages) from books GROUP BY author_fname,author_lname;
+---------+-----------------------------------------------------+--------------+----------------+---------------+----------------+-------+------------+
| book_id | title                                               | author_fname | author_lname   | released_year | stock_quantity | pages | SUM(pages) |
+---------+-----------------------------------------------------+--------------+----------------+---------------+----------------+-------+------------+
|      17 | 10% Happier                                         | Dan          | Harris         |          2014 | 29             |   256 |        256 |
|       5 | A Hologram for the King: A Novel                    | Dave         | Eggers         |          2012 | 154            |   352 |       1293 |
|      15 | Oblivion: Stories                                   | David        | Foster Wallace |          2004 | 172            |   329 |        672 |
|      13 | White Noise                                         | Don          | DeLillo        |          1985 | 49             |   320 |        320 |
|      18 | fake_book                                           | Freida       | Harris         |          2001 | 287            |   428 |        428 |
|      19 | Lincoln In The Bardo                                | George       | Saunders       |          2017 | 1000           |   367 |        367 |
|       1 | The Namesake                                        | Jhumpa       | Lahiri         |          2003 | 32             |   291 |        489 |
|      14 | Cannery Row                                         | John         | Steinbeck      |          1945 | 95             |   181 |        181 |
|       7 | The Amazing Adventures of Kavalier & Clay           | Michael      | Chabon         |          2000 | 68             |   634 |        634 |
|       2 | Norse Mythology                                     | Neil         | Gaiman         |          2016 | 43             |   304 |        977 |
|       8 | Just Kids                                           | Patti        | Smith          |          2010 | 55             |   304 |        304 |
|      11 | What We Talk About When We Talk About Love: Stories | Raymond      | Carver         |          1981 | 23             |   176 |        702 |
+---------+-----------------------------------------------------+--------------+----------------+---------------+----------------+-------+------------+
12 rows in set (0.01 sec)

mysql> SELECT author_fname, author_lname,SUM(pages) from books GROUP BY author_fname,author_lname;
+--------------+----------------+------------+
| author_fname | author_lname   | SUM(pages) |
+--------------+----------------+------------+
| Dan          | Harris         |        256 |
| Dave         | Eggers         |       1293 |
| David        | Foster Wallace |        672 |
| Don          | DeLillo        |        320 |
| Freida       | Harris         |        428 |
| George       | Saunders       |        367 |
| Jhumpa       | Lahiri         |        489 |
| John         | Steinbeck      |        181 |
| Michael      | Chabon         |        634 |
| Neil         | Gaiman         |        977 |
| Patti        | Smith          |        304 |
| Raymond      | Carver         |        702 |
+--------------+----------------+------------+
12 rows in set (0.00 sec)

mysql> SELECT author_fname, author_lname,SUM(pages) from books GROUP BY author_lname,author_fname;
+--------------+----------------+------------+
| author_fname | author_lname   | SUM(pages) |
+--------------+----------------+------------+
| Raymond      | Carver         |        702 |
| Michael      | Chabon         |        634 |
| Don          | DeLillo        |        320 |
| Dave         | Eggers         |       1293 |
| David        | Foster Wallace |        672 |
| Neil         | Gaiman         |        977 |
| Dan          | Harris         |        256 |
| Freida       | Harris         |        428 |
| Jhumpa       | Lahiri         |        489 |
| George       | Saunders       |        367 |
| Patti        | Smith          |        304 |
| John         | Steinbeck      |        181 |
+--------------+----------------+------------+
12 rows in set (0.00 sec)

mysql> SELECT author_fname, author_lname,SUM(pages) from books GROUP BY author_lname,author_fname ORDER BY 3;
+--------------+----------------+------------+
| author_fname | author_lname   | SUM(pages) |
+--------------+----------------+------------+
| John         | Steinbeck      |        181 |
| Dan          | Harris         |        256 |
| Patti        | Smith          |        304 |
| Don          | DeLillo        |        320 |
| George       | Saunders       |        367 |
| Freida       | Harris         |        428 |
| Jhumpa       | Lahiri         |        489 |
| Michael      | Chabon         |        634 |
| David        | Foster Wallace |        672 |
| Raymond      | Carver         |        702 |
| Neil         | Gaiman         |        977 |
| Dave         | Eggers         |       1293 |
+--------------+----------------+------------+
12 rows in set (0.00 sec)

mysql> SELECT author_fname, author_lname,SUM(pages) from books GROUP BY author_fname,author_lname;
+--------------+----------------+------------+
| author_fname | author_lname   | SUM(pages) |
+--------------+----------------+------------+
| Dan          | Harris         |        256 |
| Dave         | Eggers         |       1293 |
| David        | Foster Wallace |        672 |
| Don          | DeLillo        |        320 |
| Freida       | Harris         |        428 |
| George       | Saunders       |        367 |
| Jhumpa       | Lahiri         |        489 |
| John         | Steinbeck      |        181 |
| Michael      | Chabon         |        634 |
| Neil         | Gaiman         |        977 |
| Patti        | Smith          |        304 |
| Raymond      | Carver         |        702 |
+--------------+----------------+------------+
12 rows in set (0.00 sec)

mysql> SELECT author_fname, author_lname,SUM(pages) from books GROUP BY author_lname,author_fname ORDER BY 3;
+--------------+----------------+------------+
| author_fname | author_lname   | SUM(pages) |
+--------------+----------------+------------+
| John         | Steinbeck      |        181 |
| Dan          | Harris         |        256 |
| Patti        | Smith          |        304 |
| Don          | DeLillo        |        320 |
| George       | Saunders       |        367 |
| Freida       | Harris         |        428 |
| Jhumpa       | Lahiri         |        489 |
| Michael      | Chabon         |        634 |
| David        | Foster Wallace |        672 |
| Raymond      | Carver         |        702 |
| Neil         | Gaiman         |        977 |
| Dave         | Eggers         |       1293 |
+--------------+----------------+------------+
12 rows in set (0.00 sec)

mysql> SELECT author_fname, author_lname,SUM(pages) from books GROUP BY author_fname,author_lname ORDER BY 3;
+--------------+----------------+------------+
| author_fname | author_lname   | SUM(pages) |
+--------------+----------------+------------+
| John         | Steinbeck      |        181 |
| Dan          | Harris         |        256 |
| Patti        | Smith          |        304 |
| Don          | DeLillo        |        320 |
| George       | Saunders       |        367 |
| Freida       | Harris         |        428 |
| Jhumpa       | Lahiri         |        489 |
| Michael      | Chabon         |        634 |
| David        | Foster Wallace |        672 |
| Raymond      | Carver         |        702 |
| Neil         | Gaiman         |        977 |
| Dave         | Eggers         |       1293 |
+--------------+----------------+------------+
12 rows in set (0.00 sec)

mysql> SELECT author_fname,author_lname,AVG(stock_quantity) from books GROUP BY author_fname,author_lname;
+--------------+----------------+---------------------+
| author_fname | author_lname   | AVG(stock_quantity) |
+--------------+----------------+---------------------+
| Dan          | Harris         |                  29 |
| Dave         | Eggers         |   94.66666666666667 |
| David        | Foster Wallace |                 132 |
| Don          | DeLillo        |                  49 |
| Freida       | Harris         |                 287 |
| George       | Saunders       |                1000 |
| Jhumpa       | Lahiri         |                64.5 |
| John         | Steinbeck      |                  95 |
| Michael      | Chabon         |                  68 |
| Neil         | Gaiman         |  51.666666666666664 |
| Patti        | Smith          |                  55 |
| Raymond      | Carver         |                17.5 |
+--------------+----------------+---------------------+
12 rows in set (0.00 sec)

mysql> SELECT author_fname,author_lname,AVG(stock_quantity),SUM(stock_quantity) from books GROUP BY author_fname,author_lname;
+--------------+----------------+---------------------+---------------------+
| author_fname | author_lname   | AVG(stock_quantity) | SUM(stock_quantity) |
+--------------+----------------+---------------------+---------------------+
| Dan          | Harris         |                  29 |                  29 |
| Dave         | Eggers         |   94.66666666666667 |                 284 |
| David        | Foster Wallace |                 132 |                 264 |
| Don          | DeLillo        |                  49 |                  49 |
| Freida       | Harris         |                 287 |                 287 |
| George       | Saunders       |                1000 |                1000 |
| Jhumpa       | Lahiri         |                64.5 |                 129 |
| John         | Steinbeck      |                  95 |                  95 |
| Michael      | Chabon         |                  68 |                  68 |
| Neil         | Gaiman         |  51.666666666666664 |                 155 |
| Patti        | Smith          |                  55 |                  55 |
| Raymond      | Carver         |                17.5 |                  35 |
+--------------+----------------+---------------------+---------------------+
12 rows in set (0.00 sec)

mysql> SELECT author_fname,author_lname,AVG(stock_quantity) as avg_stock,SUM(stock_quantity) AS total_stock, total_stock/avg_stock as stock  from books GROUP BY author_fname,author_lname;
ERROR 1054 (42S22): Unknown column 'total_stock' in 'field list'
mysql> SELECT author_fname,author_lname,AVG(stock_quantity) as avg_stock,SUM(stock_quantity) AS total_stock, SUM(stock_quantity)/AVG(stock_quantity) as stock  from books GROUP BY author_fname,author_lname;
+--------------+----------------+--------------------+-------------+-------+
| author_fname | author_lname   | avg_stock          | total_stock | stock |
+--------------+----------------+--------------------+-------------+-------+
| Dan          | Harris         |                 29 |          29 |     1 |
| Dave         | Eggers         |  94.66666666666667 |         284 |     3 |
| David        | Foster Wallace |                132 |         264 |     2 |
| Don          | DeLillo        |                 49 |          49 |     1 |
| Freida       | Harris         |                287 |         287 |     1 |
| George       | Saunders       |               1000 |        1000 |     1 |
| Jhumpa       | Lahiri         |               64.5 |         129 |     2 |
| John         | Steinbeck      |                 95 |          95 |     1 |
| Michael      | Chabon         |                 68 |          68 |     1 |
| Neil         | Gaiman         | 51.666666666666664 |         155 |     3 |
| Patti        | Smith          |                 55 |          55 |     1 |
| Raymond      | Carver         |               17.5 |          35 |     2 |
+--------------+----------------+--------------------+-------------+-------+
12 rows in set (0.00 sec)

mysql> SELECT author_fname,author_lname,AVG(stock_quantity) as avg_stock,SUM(stock_quantity) AS total_stock, SUM(stock_quantity)/AVG(stock_quantity) as 'number of books'  from books GROUP BY author_fname,author_lname;
+--------------+----------------+--------------------+-------------+-----------------+
| author_fname | author_lname   | avg_stock          | total_stock | number of books |
+--------------+----------------+--------------------+-------------+-----------------+
| Dan          | Harris         |                 29 |          29 |               1 |
| Dave         | Eggers         |  94.66666666666667 |         284 |               3 |
| David        | Foster Wallace |                132 |         264 |               2 |
| Don          | DeLillo        |                 49 |          49 |               1 |
| Freida       | Harris         |                287 |         287 |               1 |
| George       | Saunders       |               1000 |        1000 |               1 |
| Jhumpa       | Lahiri         |               64.5 |         129 |               2 |
| John         | Steinbeck      |                 95 |          95 |               1 |
| Michael      | Chabon         |                 68 |          68 |               1 |
| Neil         | Gaiman         | 51.666666666666664 |         155 |               3 |
| Patti        | Smith          |                 55 |          55 |               1 |
| Raymond      | Carver         |               17.5 |          35 |               2 |
+--------------+----------------+--------------------+-------------+-----------------+
12 rows in set (0.01 sec)

mysql> select * from books where author_lname='Eggers';
+---------+-------------------------------------------+--------------+--------------+---------------+----------------+-------+
| book_id | title                                     | author_fname | author_lname | released_year | stock_quantity | pages |
+---------+-------------------------------------------+--------------+--------------+---------------+----------------+-------+
|       5 | A Hologram for the King: A Novel          | Dave         | Eggers       |          2012 | 154            |   352 |
|       6 | The Circle                                | Dave         | Eggers       |          2013 | 26             |   504 |
|       9 | A Heartbreaking Work of Staggering Genius | Dave         | Eggers       |          2001 | 104            |   437 |
+---------+-------------------------------------------+--------------+--------------+---------------+----------------+-------+
3 rows in set (0.00 sec)

mysql> select "so, we can tell Mr. Eggers published three books without making the above query. Adding the column SUM(pages)/AVG(pages) as 'number of books' returned that info"as note;
+------------------------------------------------------------------------------------------------------------------------------------------------------------------+
| note                                                                                                                                                             |
+------------------------------------------------------------------------------------------------------------------------------------------------------------------+
| so, we can tell Mr. Eggers published three books without making the above query. Adding the column SUM(pages)/AVG(pages) as 'number of books' returned that info |
+------------------------------------------------------------------------------------------------------------------------------------------------------------------+
1 row in set (0.00 sec)

mysql> select concat_ws(' ', 'The average page is',AVG(pages)) from books;
+--------------------------------------------------+
| concat_ws(' ', 'The average page is',AVG(pages)) |
+--------------------------------------------------+
| The average page is 348.5789                     |
+--------------------------------------------------+
1 row in set (0.03 sec)

mysql> select 'COVERED: SUM, AVG, GROUP BY' as note;
+-----------------------------+
| note                        |
+-----------------------------+
| COVERED: SUM, AVG, GROUP BY |
+-----------------------------+
1 row in set (0.00 sec)

mysql> select 'COVERED: SUM, AVG, MIN, MAX,GROUP BY' as note;
+--------------------------------------+
| note                                 |
+--------------------------------------+
| COVERED: SUM, AVG, MIN, MAX,GROUP BY |
+--------------------------------------+
1 row in set (0.00 sec)

mysql> SELECT "It's excercise time! woohoo!!" as excitment;
+-------------------------------+
| excitment                     |
+-------------------------------+
| It's excercise time! woohoo!! |
+-------------------------------+
1 row in set (0.00 sec)

mysql> SELECT * FROM BOOKS LIMIT 1;
ERROR 1146 (42S02): Table 'books_db.BOOKS' doesn't exist
mysql> SELECT * FROM books LIMIT 1;
+---------+--------------+--------------+--------------+---------------+----------------+-------+
| book_id | title        | author_fname | author_lname | released_year | stock_quantity | pages |
+---------+--------------+--------------+--------------+---------------+----------------+-------+
|       1 | The Namesake | Jhumpa       | Lahiri       |          2003 | 32             |   291 |
+---------+--------------+--------------+--------------+---------------+----------------+-------+
1 row in set (0.00 sec)

mysql> SELECT COUNT(*) as 'total number of book in the database' from books
    -> ;
+--------------------------------------+
| total number of book in the database |
+--------------------------------------+
|                                   19 |
+--------------------------------------+
1 row in set (0.00 sec)

mysql> SELECT COUNT(*) as 'total number of book in the database by year' from books GROUP BY released_year;
+----------------------------------------------+
| total number of book in the database by year |
+----------------------------------------------+
|                                            1 |
|                                            1 |
|                                            1 |
|                                            1 |
|                                            1 |
|                                            1 |
|                                            3 |
|                                            2 |
|                                            1 |
|                                            1 |
|                                            1 |
|                                            1 |
|                                            1 |
|                                            1 |
|                                            1 |
|                                            1 |
+----------------------------------------------+
16 rows in set (0.00 sec)

mysql> SELECT released_year, COUNT(*) as 'total number of book in the database by year' from books GROUP BY released_year;
+---------------+----------------------------------------------+
| released_year | total number of book in the database by year |
+---------------+----------------------------------------------+
|          1945 |                                            1 |
|          1981 |                                            1 |
|          1985 |                                            1 |
|          1989 |                                            1 |
|          1996 |                                            1 |
|          2000 |                                            1 |
|          2001 |                                            3 |
|          2003 |                                            2 |
|          2004 |                                            1 |
|          2005 |                                            1 |
|          2010 |                                            1 |
|          2012 |                                            1 |
|          2013 |                                            1 |
|          2014 |                                            1 |
|          2016 |                                            1 |
|          2017 |                                            1 |
+---------------+----------------------------------------------+
16 rows in set (0.00 sec)

mysql> SELECT MAX(COUNT(*)) from books GROUP BY released_year;
ERROR 1111 (HY000): Invalid use of group function
mysql> SELECT MAX(*) from books GROUP BY released_year;
ERROR 1064 (42000): You have an error in your SQL syntax; check the manual that corresponds to your MySQL server version for the right syntax to use near '*) from books GROUP BY released_year' at line 1
mysql> SELECT SUM(stock_quantity) as 'total stock' from books;
+-------------+
| total stock |
+-------------+
|        2450 |
+-------------+
1 row in set (0.00 sec)

mysql> SELECT CONCAT_WS(" ",'The average released year of each author is', AVG(released_year),'. It is a meaningless infor but that is ok.') from books GROUP BY author_lname,author_fname;
+--------------------------------------------------------------------------------------------------------------------------------+
| CONCAT_WS(" ",'The average released year of each author is', AVG(released_year),'. It is a meaningless infor but that is ok.') |
+--------------------------------------------------------------------------------------------------------------------------------+
| The average released year of each author is 1985.0000 . It is a meaningless infor but that is ok.                              |
| The average released year of each author is 2000.0000 . It is a meaningless infor but that is ok.                              |
| The average released year of each author is 1985.0000 . It is a meaningless infor but that is ok.                              |
| The average released year of each author is 2008.6667 . It is a meaningless infor but that is ok.                              |
| The average released year of each author is 2004.5000 . It is a meaningless infor but that is ok.                              |
| The average released year of each author is 2006.6667 . It is a meaningless infor but that is ok.                              |
| The average released year of each author is 2014.0000 . It is a meaningless infor but that is ok.                              |
| The average released year of each author is 2001.0000 . It is a meaningless infor but that is ok.                              |
| The average released year of each author is 1999.5000 . It is a meaningless infor but that is ok.                              |
| The average released year of each author is 2017.0000 . It is a meaningless infor but that is ok.                              |
| The average released year of each author is 2010.0000 . It is a meaningless infor but that is ok.                              |
| The average released year of each author is 1945.0000 . It is a meaningless infor but that is ok.                              |
+--------------------------------------------------------------------------------------------------------------------------------+
12 rows in set (0.00 sec)

mysql> SELECT CONCAT_WS(" ",'The average released year of',author_fname,author_lname,' is', AVG(released_year),'. It is a meaningless infor but that is ok.') from books GROUP BY author_lname,author_fname;
+-------------------------------------------------------------------------------------------------------------------------------------------------+
| CONCAT_WS(" ",'The average released year of',author_fname,author_lname,' is', AVG(released_year),'. It is a meaningless infor but that is ok.') |
+-------------------------------------------------------------------------------------------------------------------------------------------------+
| The average released year of Raymond Carver  is 1985.0000 . It is a meaningless infor but that is ok.                                           |
| The average released year of Michael Chabon  is 2000.0000 . It is a meaningless infor but that is ok.                                           |
| The average released year of Don DeLillo  is 1985.0000 . It is a meaningless infor but that is ok.                                              |
| The average released year of Dave Eggers  is 2008.6667 . It is a meaningless infor but that is ok.                                              |
| The average released year of David Foster Wallace  is 2004.5000 . It is a meaningless infor but that is ok.                                     |
| The average released year of Neil Gaiman  is 2006.6667 . It is a meaningless infor but that is ok.                                              |
| The average released year of Dan Harris  is 2014.0000 . It is a meaningless infor but that is ok.                                               |
| The average released year of Freida Harris  is 2001.0000 . It is a meaningless infor but that is ok.                                            |
| The average released year of Jhumpa Lahiri  is 1999.5000 . It is a meaningless infor but that is ok.                                            |
| The average released year of George Saunders  is 2017.0000 . It is a meaningless infor but that is ok.                                          |
| The average released year of Patti Smith  is 2010.0000 . It is a meaningless infor but that is ok.                                              |
| The average released year of John Steinbeck  is 1945.0000 . It is a meaningless infor but that is ok.                                           |
+-------------------------------------------------------------------------------------------------------------------------------------------------+
12 rows in set (0.00 sec)

mysql> SELECT CONCAT_WS(" ",'The average released year of',author_fname,author_lname,' is', AVG(released_year),'. It is a meaningless info but that is ok.') from books GROUP BY author_lname,author_fname;
+------------------------------------------------------------------------------------------------------------------------------------------------+
| CONCAT_WS(" ",'The average released year of',author_fname,author_lname,' is', AVG(released_year),'. It is a meaningless info but that is ok.') |
+------------------------------------------------------------------------------------------------------------------------------------------------+
| The average released year of Raymond Carver  is 1985.0000 . It is a meaningless info but that is ok.                                           |
| The average released year of Michael Chabon  is 2000.0000 . It is a meaningless info but that is ok.                                           |
| The average released year of Don DeLillo  is 1985.0000 . It is a meaningless info but that is ok.                                              |
| The average released year of Dave Eggers  is 2008.6667 . It is a meaningless info but that is ok.                                              |
| The average released year of David Foster Wallace  is 2004.5000 . It is a meaningless info but that is ok.                                     |
| The average released year of Neil Gaiman  is 2006.6667 . It is a meaningless info but that is ok.                                              |
| The average released year of Dan Harris  is 2014.0000 . It is a meaningless info but that is ok.                                               |
| The average released year of Freida Harris  is 2001.0000 . It is a meaningless info but that is ok.                                            |
| The average released year of Jhumpa Lahiri  is 1999.5000 . It is a meaningless info but that is ok.                                            |
| The average released year of George Saunders  is 2017.0000 . It is a meaningless info but that is ok.                                          |
| The average released year of Patti Smith  is 2010.0000 . It is a meaningless info but that is ok.                                              |
| The average released year of John Steinbeck  is 1945.0000 . It is a meaningless info but that is ok.                                           |
+------------------------------------------------------------------------------------------------------------------------------------------------+
12 rows in set (0.00 sec)

mysql> select * from books where author_lname='Foster Wallace';
+---------+----------------------+--------------+----------------+---------------+----------------+-------+
| book_id | title                | author_fname | author_lname   | released_year | stock_quantity | pages |
+---------+----------------------+--------------+----------------+---------------+----------------+-------+
|      15 | Oblivion: Stories    | David        | Foster Wallace |          2004 | 172            |   329 |
|      16 | Consider the Lobster | David        | Foster Wallace |          2005 | 92             |   343 |
+---------+----------------------+--------------+----------------+---------------+----------------+-------+
2 rows in set (0.00 sec)

mysql> select *, AVG(released_year) as 'average_release_year' from books where author_lname='Foster Wallace';
+---------+-------------------+--------------+----------------+---------------+----------------+-------+----------------------+
| book_id | title             | author_fname | author_lname   | released_year | stock_quantity | pages | average_release_year |
+---------+-------------------+--------------+----------------+---------------+----------------+-------+----------------------+
|      15 | Oblivion: Stories | David        | Foster Wallace |          2004 | 172            |   329 |            2004.5000 |
+---------+-------------------+--------------+----------------+---------------+----------------+-------+----------------------+
1 row in set (0.00 sec)

mysql> select author_lname, AVG(released_year) as 'average_release_year' from books where author_lname='Foster Wallace';
+----------------+----------------------+
| author_lname   | average_release_year |
+----------------+----------------------+
| Foster Wallace |            2004.5000 |
+----------------+----------------------+
1 row in set (0.00 sec)

mysql> select count(*) from books group by pages;
+----------+
| count(*) |
+----------+
|        1 |
|        1 |
|        1 |
|        1 |
|        1 |
|        1 |
|        2 |
|        1 |
|        1 |
|        1 |
|        1 |
|        1 |
|        1 |
|        1 |
|        1 |
|        1 |
|        1 |
|        1 |
+----------+
18 rows in set (0.00 sec)

mysql> select * from books where pages=(select MAX(pages) from books);
+---------+-------------------------------------------+--------------+--------------+---------------+----------------+-------+
| book_id | title                                     | author_fname | author_lname | released_year | stock_quantity | pages |
+---------+-------------------------------------------+--------------+--------------+---------------+----------------+-------+
|       7 | The Amazing Adventures of Kavalier & Clay | Michael      | Chabon       |          2000 | 68             |   634 |
+---------+-------------------------------------------+--------------+--------------+---------------+----------------+-------+
1 row in set (0.01 sec)

mysql> select author_fname,author_lname,MAX(pages) from books GROUP BY author_fname,author_lname desc limit 1;
+--------------+--------------+------------+
| author_fname | author_lname | MAX(pages) |
+--------------+--------------+------------+
| Dan          | Harris       |        256 |
+--------------+--------------+------------+
1 row in set, 1 warning (0.00 sec)

mysql> select author_fname,author_lname,MAX(pages) from books GROUP BY author_fname,author_lname;
+--------------+----------------+------------+
| author_fname | author_lname   | MAX(pages) |
+--------------+----------------+------------+
| Dan          | Harris         |        256 |
| Dave         | Eggers         |        504 |
| David        | Foster Wallace |        343 |
| Don          | DeLillo        |        320 |
| Freida       | Harris         |        428 |
| George       | Saunders       |        367 |
| Jhumpa       | Lahiri         |        291 |
| John         | Steinbeck      |        181 |
| Michael      | Chabon         |        634 |
| Neil         | Gaiman         |        465 |
| Patti        | Smith          |        304 |
| Raymond      | Carver         |        526 |
+--------------+----------------+------------+
12 rows in set (0.00 sec)

mysql> select author_fname,author_lname,MAX(pages) from books ORDER BY author_fname,author_lname;
+--------------+--------------+------------+
| author_fname | author_lname | MAX(pages) |
+--------------+--------------+------------+
| Jhumpa       | Lahiri       |        634 |
+--------------+--------------+------------+
1 row in set (0.00 sec)

mysql> select MAX(pages) from books ORDER BY author_fname,author_lname;
+------------+
| MAX(pages) |
+------------+
|        634 |
+------------+
1 row in set (0.00 sec)

mysql> select MAX(pages) from books GROUP BY pages;;
+------------+
| MAX(pages) |
+------------+
|        176 |
|        181 |
|        198 |
|        208 |
|        256 |
|        291 |
|        304 |
|        320 |
|        329 |
|        343 |
|        352 |
|        367 |
|        428 |
|        437 |
|        465 |
|        504 |
|        526 |
|        634 |
+------------+
18 rows in set (0.00 sec)

ERROR: 
No query specified

mysql> select pages from books ORDER BY pages;;
+-------+
| pages |
+-------+
|   176 |
|   181 |
|   198 |
|   208 |
|   256 |
|   291 |
|   304 |
|   304 |
|   320 |
|   329 |
|   343 |
|   352 |
|   367 |
|   428 |
|   437 |
|   465 |
|   504 |
|   526 |
|   634 |
+-------+
19 rows in set (0.00 sec)

ERROR: 
No query specified

mysql> select pages from books ORDER BY pages decs lmit 1;
ERROR 1064 (42000): You have an error in your SQL syntax; check the manual that corresponds to your MySQL server version for the right syntax to use near 'decs lmit 1' at line 1
mysql> select pages from books ORDER BY pages decs limit 1;
ERROR 1064 (42000): You have an error in your SQL syntax; check the manual that corresponds to your MySQL server version for the right syntax to use near 'decs limit 1' at line 1
mysql> select pages from books ORDER BY pages desc limit 1;
+-------+
| pages |
+-------+
|   634 |
+-------+
1 row in set (0.00 sec)

mysql> select CONCAT_WS(" ", author_fname, author_lname,'wrote the longest book. It has', pages,'pages.') from books ORDER BY pages desc limit 1;
+---------------------------------------------------------------------------------------------+
| CONCAT_WS(" ", author_fname, author_lname,'wrote the longest book. It has', pages,'pages.') |
+---------------------------------------------------------------------------------------------+
| Michael Chabon wrote the longest book. It has 634 pages.                                    |
+---------------------------------------------------------------------------------------------+
1 row in set (0.00 sec)

mysql> select  released_year as year, SUM(stock_quantity)/AVG(stock_quantity) as '# books', AVG(pages) from books GROPU BY author_lname,author_fname ORDER BY released_year;
ERROR 1064 (42000): You have an error in your SQL syntax; check the manual that corresponds to your MySQL server version for the right syntax to use near 'BY author_lname,author_fname ORDER BY released_year' at line 1
mysql> select  released_year as year, SUM(stock_quantity)/AVG(stock_quantity) as '# books', AVG(pages) from books GROUP BY author_lname, author_fname ORDER BY released_year;
+------+---------+------------+
| year | # books | AVG(pages) |
+------+---------+------------+
| 1945 |       1 |   181.0000 |
| 1981 |       2 |   351.0000 |
| 1985 |       1 |   320.0000 |
| 2000 |       1 |   634.0000 |
| 2001 |       1 |   428.0000 |
| 2003 |       2 |   244.5000 |
| 2004 |       2 |   336.0000 |
| 2010 |       1 |   304.0000 |
| 2012 |       3 |   431.0000 |
| 2014 |       1 |   256.0000 |
| 2016 |       3 |   325.6667 |
| 2017 |       1 |   367.0000 |
+------+---------+------------+
12 rows in set (0.00 sec)

mysql> select  released_year as year, SUM(stock_quantity)/AVG(stock_quantity) as '# books', AVG(pages) as 'avg pages' from books GROUP BY author_lname, author_fname ORDER BY released_year;
+------+---------+-----------+
| year | # books | avg pages |
+------+---------+-----------+
| 1945 |       1 |  181.0000 |
| 1981 |       2 |  351.0000 |
| 1985 |       1 |  320.0000 |
| 2000 |       1 |  634.0000 |
| 2001 |       1 |  428.0000 |
| 2003 |       2 |  244.5000 |
| 2004 |       2 |  336.0000 |
| 2010 |       1 |  304.0000 |
| 2012 |       3 |  431.0000 |
| 2014 |       1 |  256.0000 |
| 2016 |       3 |  325.6667 |
| 2017 |       1 |  367.0000 |
+------+---------+-----------+
12 rows in set (0.00 sec)

mysql> select  released_year as year, SUM(stock_quantity)/AVG(stock_quantity) as '# books', AVG(pages) as 'avg pages' from books GROUP BY author_fname ORDER BY released_year;
+------+---------+-----------+
| year | # books | avg pages |
+------+---------+-----------+
| 1945 |       1 |  181.0000 |
| 1981 |       2 |  351.0000 |
| 1985 |       1 |  320.0000 |
| 2000 |       1 |  634.0000 |
| 2001 |       1 |  428.0000 |
| 2003 |       2 |  244.5000 |
| 2004 |       2 |  336.0000 |
| 2010 |       1 |  304.0000 |
| 2012 |       3 |  431.0000 |
| 2014 |       1 |  256.0000 |
| 2016 |       3 |  325.6667 |
| 2017 |       1 |  367.0000 |
+------+---------+-----------+
12 rows in set (0.00 sec)

mysql> select  released_year as year, SUM(stock_quantity)/AVG(stock_quantity) as '# books', AVG(pages) as 'avg pages' from books GROUP BY author_lname ORDER BY released_year;
+------+---------+-----------+
| year | # books | avg pages |
+------+---------+-----------+
| 1945 |       1 |  181.0000 |
| 1981 |       2 |  351.0000 |
| 1985 |       1 |  320.0000 |
| 2000 |       1 |  634.0000 |
| 2003 |       2 |  244.5000 |
| 2004 |       2 |  336.0000 |
| 2010 |       1 |  304.0000 |
| 2012 |       3 |  431.0000 |
| 2014 |       2 |  342.0000 |
| 2016 |       3 |  325.6667 |
| 2017 |       1 |  367.0000 |
+------+---------+-----------+
11 rows in set (0.00 sec)

mysql> select  released_year as year, SUM(stock_quantity)/AVG(stock_quantity) as '# books', AVG(pages) as 'avg pages' from books  ORDER BY released_year;
+------+---------+-----------+
| year | # books | avg pages |
+------+---------+-----------+
| 2003 |      19 |  348.5789 |
+------+---------+-----------+
1 row in set (0.00 sec)

mysql> select  released_year as year, SUM(stock_quantity)/AVG(stock_quantity) as '# books', AVG(pages) as 'avg pages' from books GROUP BY released_year ORDER BY released_year;
+------+---------+-----------+
| year | # books | avg pages |
+------+---------+-----------+
| 1945 |       1 |  181.0000 |
| 1981 |       1 |  176.0000 |
| 1985 |       1 |  320.0000 |
| 1989 |       1 |  526.0000 |
| 1996 |       1 |  198.0000 |
| 2000 |       1 |  634.0000 |
| 2001 |       3 |  443.3333 |
| 2003 |       2 |  249.5000 |
| 2004 |       1 |  329.0000 |
| 2005 |       1 |  343.0000 |
| 2010 |       1 |  304.0000 |
| 2012 |       1 |  352.0000 |
| 2013 |       1 |  504.0000 |
| 2014 |       1 |  256.0000 |
| 2016 |       1 |  304.0000 |
| 2017 |       1 |  367.0000 |
+------+---------+-----------+
16 rows in set (0.00 sec)

mysql> seelct "It was about release year. Not authors"; as note;
ERROR 1064 (42000): You have an error in your SQL syntax; check the manual that corresponds to your MySQL server version for the right syntax to use near 'seelct "It was about release year. Not authors"' at line 1
ERROR 1064 (42000): You have an error in your SQL syntax; check the manual that corresponds to your MySQL server version for the right syntax to use near 'as note' at line 1
mysql> seelct "It was about release year. Not authors"as note;
ERROR 1064 (42000): You have an error in your SQL syntax; check the manual that corresponds to your MySQL server version for the right syntax to use near 'seelct "It was about release year. Not authors"as note' at line 1
mysql> seelct "It was about release year. Not authors" as note;
ERROR 1064 (42000): You have an error in your SQL syntax; check the manual that corresponds to your MySQL server version for the right syntax to use near 'seelct "It was about release year. Not authors" as note' at line 1
mysql> SELECT  "It was about release year. Not authors" as note;
+----------------------------------------+
| note                                   |
+----------------------------------------+
| It was about release year. Not authors |
+----------------------------------------+
1 row in set (0.00 sec)

mysql> SELECT  "Too many typos. Bed time!" as note;
+---------------------------+
| note                      |
+---------------------------+
| Too many typos. Bed time! |
+---------------------------+
1 row in set (0.00 sec)

mysql> select  released_year as year, SUM(stock_quantity)/AVG(stock_quantity) as '# books', AVG(pages) as 'avg pages' from books GROUP BY released_year ORDER BY released_year;
+------+---------+-----------+
| year | # books | avg pages |
+------+---------+-----------+
| 1945 |       1 |  181.0000 |
| 1981 |       1 |  176.0000 |
| 1985 |       1 |  320.0000 |
| 1989 |       1 |  526.0000 |
| 1996 |       1 |  198.0000 |
| 2000 |       1 |  634.0000 |
| 2001 |       3 |  443.3333 |
| 2003 |       2 |  249.5000 |
| 2004 |       1 |  329.0000 |
| 2005 |       1 |  343.0000 |
| 2010 |       1 |  304.0000 |
| 2012 |       1 |  352.0000 |
| 2013 |       1 |  504.0000 |
| 2014 |       1 |  256.0000 |
| 2016 |       1 |  304.0000 |
| 2017 |       1 |  367.0000 |
+------+---------+-----------+
16 rows in set (0.00 sec)

mysql> select  released_year as year, COUNT(*) as '# books', AVG(pages) as 'avg pages' from books GROUP BY released_year ORDER BY released_year;
+------+---------+-----------+
| year | # books | avg pages |
+------+---------+-----------+
| 1945 |       1 |  181.0000 |
| 1981 |       1 |  176.0000 |
| 1985 |       1 |  320.0000 |
| 1989 |       1 |  526.0000 |
| 1996 |       1 |  198.0000 |
| 2000 |       1 |  634.0000 |
| 2001 |       3 |  443.3333 |
| 2003 |       2 |  249.5000 |
| 2004 |       1 |  329.0000 |
| 2005 |       1 |  343.0000 |
| 2010 |       1 |  304.0000 |
| 2012 |       1 |  352.0000 |
| 2013 |       1 |  504.0000 |
| 2014 |       1 |  256.0000 |
| 2016 |       1 |  304.0000 |
| 2017 |       1 |  367.0000 |
+------+---------+-----------+
16 rows in set (0.01 sec)

mysql> select "sum(stock_quantity)/agv(stock_quantity) gives the same result as count(*). The former shows more reasoning. The latter is more elegant and simple. 'TMTOWTDI' Good night." as 'final note for the night';
+---------------------------------------------------------------------------------------------------------------------------------------------------------------------------+
| final note for the night                                                                                                                                                  |
+---------------------------------------------------------------------------------------------------------------------------------------------------------------------------+
| sum(stock_quantity)/agv(stock_quantity) gives the same result as count(*). The former shows more reasoning. The latter is more elegant and simple. 'TMTOWTDI' Good night. |
+---------------------------------------------------------------------------------------------------------------------------------------------------------------------------+
1 row in set (0.00 sec)

mysql> select 'SECTION ON DATA TYPES!' as note on Dec 30, 2021 13:22 PDT';
    '> ^C
mysql> select 'SECTION ON DATA TYPES!' as 'note on Dec 30, 2021 13:22 PDT';
+--------------------------------+
| note on Dec 30, 2021 13:22 PDT |
+--------------------------------+
| SECTION ON DATA TYPES!         |
+--------------------------------+
1 row in set (0.00 sec)

mysql> mysql> select ' CHAR is faster than VARCHAR. That is all about it. Otherwise, should stick to VARCHAR unless you know the str length is absolutely fixed.' as note;
ERROR 2006 (HY000): MySQL server has gone away
No connection. Trying to reconnect...
Connection id:    5
Current database: *** NONE ***

+--------------------------------------------------------------------------------------------------------------------------------------------+
| note                                                                                                                                       |
+--------------------------------------------------------------------------------------------------------------------------------------------+
|  CHAR is faster than VARCHAR. That is all about it. Otherwise, should stick to VARCHAR unless you know the str length is absolutely fixed. |
+--------------------------------------------------------------------------------------------------------------------------------------------+
1 row in set (0.16 sec)

mysql> select 'Advice of the day: Get something working first. Optimise it later when there is time.'; as 'advice of the day';
+---------------------------------------------------------------------------------------+
| Advice of the day: Get something working first. Optimise it later when there is time. |
+---------------------------------------------------------------------------------------+
| Advice of the day: Get something working first. Optimise it later when there is time. |
+---------------------------------------------------------------------------------------+
1 row in set (0.00 sec)

ERROR 1064 (42000): You have an error in your SQL syntax; check the manual that corresponds to your MySQL server version for the right syntax to use near 'as 'advice of the day'' at line 1
mysql> select 'Advice of the day: Get something working first. Optimise it later when there is time.' as 'advice of the day';
+---------------------------------------------------------------------------------------+
| advice of the day                                                                     |
+---------------------------------------------------------------------------------------+
| Advice of the day: Get something working first. Optimise it later when there is time. |
+---------------------------------------------------------------------------------------+
1 row in set (0.00 sec)

mysql> select 'Often times not easy to tame the commandline when multitasking- in this case attending a lecture and trying to test things and taking notes in the commandline' as 'note';
+----------------------------------------------------------------------------------------------------------------------------------------------------------------+
| note                                                                                                                                                           |
+----------------------------------------------------------------------------------------------------------------------------------------------------------------+
| Often times not easy to tame the commandline when multitasking- in this case attending a lecture and trying to test things and taking notes in the commandline |
+----------------------------------------------------------------------------------------------------------------------------------------------------------------+
1 row in set (0.00 sec)

mysql> select 'I thought the instructor spent more time than needed to layout the diff b/n CHAR and VARCHAR. Skipping to the next secion' as note;
+---------------------------------------------------------------------------------------------------------------------------+
| note                                                                                                                      |
+---------------------------------------------------------------------------------------------------------------------------+
| I thought the instructor spent more time than needed to layout the diff b/n CHAR and VARCHAR. Skipping to the next secion |
+---------------------------------------------------------------------------------------------------------------------------+
1 row in set (0.00 sec)

mysql> show databases;
+--------------------+
| Database           |
+--------------------+
| information_schema |
| bakery_app         |
| books_db           |
| cats_app           |
| mysql              |
| performance_schema |
| shirts_db          |
| sys                |
+--------------------+
8 rows in set (0.13 sec)

mysql> CREATE database dogs_app;
Query OK, 1 row affected (0.00 sec)

mysql> use dogs_app;
Database changed
mysql> CREAT TABLE dogs(name CHAR(5) breed VARCHAR(10));
ERROR 1064 (42000): You have an error in your SQL syntax; check the manual that corresponds to your MySQL server version for the right syntax to use near 'CREAT TABLE dogs(name CHAR(5) breed VARCHAR(10))' at line 1
mysql> CREAT TABLE dogs(name CHAR(5),  breed VARCHAR(10));
ERROR 1064 (42000): You have an error in your SQL syntax; check the manual that corresponds to your MySQL server version for the right syntax to use near 'CREAT TABLE dogs(name CHAR(5),  breed VARCHAR(10))' at line 1
mysql> CREATE TABLE dogs(name CHAR(5),  breed VARCHAR(10));
Query OK, 0 rows affected (0.21 sec)

mysql> INSERT INTO dogs (name, breed) VALUES ('Bob','beagle'), ('Robby','corgi), ('King of Dogs','French bulldog');
    '> ^C
mysql>  INSERT INTO dogs (name, breed) VALUES (('Bob','beagle'), ('Robby','corgi), ('King of Dogs','French bulldog'));
    '> ^C
mysql> INSERT INTO dogs (name, breed) VALUES ('Bob','beagle'), ('Robby','corgi'), ('King of Dogs','French bulldog');
Query OK, 3 rows affected, 2 warnings (0.06 sec)
Records: 3  Duplicates: 0  Warnings: 2

mysql> select * from dogs;
+-------+------------+
| name  | breed      |
+-------+------------+
| Bob   | beagle     |
| Robby | corgi      |
| King  | French bul |
+-------+------------+
3 rows in set (0.00 sec)

mysql> select 'Look at that!' as yelling;
+---------------+
| yelling       |
+---------------+
| Look at that! |
+---------------+
1 row in set (0.00 sec)

mysql> show warnings;
Empty set (0.00 sec)

mysql> select * from dogs;
+-------+------------+
| name  | breed      |
+-------+------------+
| Bob   | beagle     |
| Robby | corgi      |
| King  | French bul |
+-------+------------+
3 rows in set (0.01 sec)

mysql> select ' VARCHAR(10) still truncates char lengths longer than 10' as note;
+----------------------------------------------------------+
| note                                                     |
+----------------------------------------------------------+
|  VARCHAR(10) still truncates char lengths longer than 10 |
+----------------------------------------------------------+
1 row in set (0.00 sec)

mysql> select "If strict SQL mode is not enabled and you assign a value to a CHAR or VARCHAR column that exceeds the column's maximum length, the value is truncated to fit and a warning is generated." as 'a note form the docs';
+------------------------------------------------------------------------------------------------------------------------------------------------------------------------------------------+
| a note form the docs                                                                                                                                                                     |
+------------------------------------------------------------------------------------------------------------------------------------------------------------------------------------------+
| If strict SQL mode is not enabled and you assign a value to a CHAR or VARCHAR column that exceeds the column's maximum length, the value is truncated to fit and a warning is generated. |
+------------------------------------------------------------------------------------------------------------------------------------------------------------------------------------------+
1 row in set (0.00 sec)

mysql> show variables like 'sql_mode';
+---------------+----------------------------------------------------------------------------------------------------+
| Variable_name | Value                                                                                              |
+---------------+----------------------------------------------------------------------------------------------------+
| sql_mode      | NO_ZERO_IN_DATE,NO_ZERO_DATE,ERROR_FOR_DIVISION_BY_ZERO,NO_AUTO_CREATE_USER,NO_ENGINE_SUBSTITUTION |
+---------------+----------------------------------------------------------------------------------------------------+
1 row in set (0.11 sec)

mysql> select "So, according to the stackoverflow answer strict mode is NOT enabled here on the goorm IDE because STRICT_TRANS_TABLES, which is responsible for setting MYSQL strict mode, is not listed above. The consequence of that was seen when I got a truncated column entry and a warning after tried to register a 'French bulldog' in the breed column, which is set to VARCHAR(10)" as note;
+---------------------------------------------------------------------------------------------------------------------------------------------------------------------------------------------------------------------------------------------------------------------------------------------------------------------------------------------------------------------------------+
| note                                                                                                                                                                                                                                                                                                                                                                            |
+---------------------------------------------------------------------------------------------------------------------------------------------------------------------------------------------------------------------------------------------------------------------------------------------------------------------------------------------------------------------------------+
| So, according to the stackoverflow answer strict mode is NOT enabled here on the goorm IDE because STRICT_TRANS_TABLES, which is responsible for setting MYSQL strict mode, is not listed above. The consequence of that was seen when I got a truncated column entry and a warning after tried to register a 'French bulldog' in the breed column, which is set to VARCHAR(10) |
+---------------------------------------------------------------------------------------------------------------------------------------------------------------------------------------------------------------------------------------------------------------------------------------------------------------------------------------------------------------------------------+
1 row in set (0.00 sec)

mysql> select " Not sure if I want to enable strict mode now. If I do, the command to do it is 'set global sql_mode='STRTICT_TRANS_TABLES''. To disable it back, do 'set global sql_mode = ''." as note;
+---------------------------------------------------------------------------------------------------------------------------------------------------------------------------------+
| note                                                                                                                                                                            |
+---------------------------------------------------------------------------------------------------------------------------------------------------------------------------------+
|  Not sure if I want to enable strict mode now. If I do, the command to do it is 'set global sql_mode='STRTICT_TRANS_TABLES''. To disable it back, do 'set global sql_mode = ''. |
+---------------------------------------------------------------------------------------------------------------------------------------------------------------------------------+
1 row in set (0.00 sec)

mysql> select 'Maybe, we just give a larger number to VARCHAR and be done with this mess. If our column entry had a shorter char length  than the large number, the empty space is removed. Not sure if that happens only on a query output and the extra spaces still remain in storage, leading to more bytes used unncessarily though. Sounds this is quite possible.' as thoughts;
+-----------------------------------------------------------------------------------------------------------------------------------------------------------------------------------------------------------------------------------------------------------------------------------------------------------------------------------------------------------+
| thoughts                                                                                                                                                                                                                                                                                                                                                  |
+-----------------------------------------------------------------------------------------------------------------------------------------------------------------------------------------------------------------------------------------------------------------------------------------------------------------------------------------------------------+
| Maybe, we just give a larger number to VARCHAR and be done with this mess. If our column entry had a shorter char length  than the large number, the empty space is removed. Not sure if that happens only on a query output and the extra spaces still remain in storage, leading to more bytes used unncessarily though. Sounds this is quite possible. |
+-----------------------------------------------------------------------------------------------------------------------------------------------------------------------------------------------------------------------------------------------------------------------------------------------------------------------------------------------------------+
1 row in set (0.00 sec)

mysql> SELECT 'SECTION DATA TYPES- NUMBERS' as 'section talk';
+-----------------------------+
| section talk                |
+-----------------------------+
| SECTION DATA TYPES- NUMBERS |
+-----------------------------+
1 row in set (0.00 sec)

mysql> SELECT 'DECIMALS definition is the same as in Fortran. Eg. DECIMAL(5,2) can hold 10.01' as 'section talk';
+--------------------------------------------------------------------------------+
| section talk                                                                   |
+--------------------------------------------------------------------------------+
| DECIMALS definition is the same as in Fortran. Eg. DECIMAL(5,2) can hold 10.01 |
+--------------------------------------------------------------------------------+
1 row in set (0.00 sec)

mysql> show database();
ERROR 1064 (42000): You have an error in your SQL syntax; check the manual that corresponds to your MySQL server version for the right syntax to use near 'database()' at line 1
mysql> database();
ERROR 1064 (42000): You have an error in your SQL syntax; check the manual that corresponds to your MySQL server version for the right syntax to use near 'database()' at line 1
mysql> select database();
+------------+
| database() |
+------------+
| dogs_app   |
+------------+
1 row in set (0.01 sec)

mysql> CREATE TABLE dog_food_items(name VARCHAR(255), price DECIMAL(5,2));
Query OK, 0 rows affected (0.21 sec)

mysql> desc dog_food_items;
+-------+--------------+------+-----+---------+-------+
| Field | Type         | Null | Key | Default | Extra |
+-------+--------------+------+-----+---------+-------+
| name  | varchar(255) | YES  |     | NULL    |       |
| price | decimal(5,2) | YES  |     | NULL    |       |
+-------+--------------+------+-----+---------+-------+
2 rows in set (0.01 sec)

mysql> INSERT INTO dog_food_items(name,price) VALUES ('meat', 12.55);
Query OK, 1 row affected (0.14 sec)

mysql> select * from dog_food_items;
+------+-------+
| name | price |
+------+-------+
| meat | 12.55 |
+------+-------+
1 row in set (0.01 sec)

mysql> INSERT INTO dog_food_items(name,price) VALUES ('beans', 12.999);
Query OK, 1 row affected, 1 warning (0.02 sec)

mysql> select * from dog_food_items;
+-------+-------+
| name  | price |
+-------+-------+
| meat  | 12.55 |
| beans | 13.00 |
+-------+-------+
2 rows in set (0.00 sec)

mysql> SELECT 'Interesting stuff. So, when price has longer than 5 decimal places, MYSQL rounds off the value!' as note;
+-------------------------------------------------------------------------------------------------+
| note                                                                                            |
+-------------------------------------------------------------------------------------------------+
| Interesting stuff. So, when price has longer than 5 decimal places, MYSQL rounds off the value! |
+-------------------------------------------------------------------------------------------------+
1 row in set (0.00 sec)

mysql> INSERT INTO dog_food_items(name,price) VALUES ('beans', 10000000);
Query OK, 1 row affected, 1 warning (0.01 sec)

mysql> show warnings;
+---------+------+------------------------------------------------+
| Level   | Code | Message                                        |
+---------+------+------------------------------------------------+
| Warning | 1264 | Out of range value for column 'price' at row 1 |
+---------+------+------------------------------------------------+
1 row in set (0.01 sec)

mysql> select * from dog_food_items;
+-------+--------+
| name  | price  |
+-------+--------+
| meat  |  12.55 |
| beans |  13.00 |
| beans | 999.99 |
+-------+--------+
3 rows in set (0.00 sec)
+--------------------------------------------------------------------------------------------------------------------------------------------------------------------------------------------------------------------------------------------------------------------------------------------------------------------------------------------------+
| funny note                                                                                                                                                                                                                                                                                                                                       |
+--------------------------------------------------------------------------------------------------------------------------------------------------------------------------------------------------------------------------------------------------------------------------------------------------------------------------------------------------+
| Another interesting stuff! Apparently it is illegal to spend  10000000 on a dog food!?:) Look a the warning above, out of range. Well that's because we set the price to have only five digits. So, if you love dogs so much to the point of buying say a $10,000 food, plan ahead and set the max digits dollars you would be willing to spend. |
+--------------------------------------------------------------------------------------------------------------------------------------------------------------------------------------------------------------------------------------------------------------------------------------------------------------------------------------------------+
1 row in set (0.00 sec)

mysql> seelct ' so far data types seen: int, decimals, float, double)' as note;
ERROR 1064 (42000): You have an error in your SQL syntax; check the manual that corresponds to your MySQL server version for the right syntax to use near 'seelct ' so far data types seen: int, decimals, float, double)' as note' at line 1
mysql> select ' so far data types seen: int, decimals, float, double)' as note;
+--------------------------------------------------------+
| note                                                   |
+--------------------------------------------------------+
|  so far data types seen: int, decimals, float, double) |
+--------------------------------------------------------+
1 row in set (0.00 sec)

mysql> select ' float &  double are floating-point types and calcs are approximate whereas DECIMAL data types are fixed data types and calcs are exact ' as note;
+------------------------------------------------------------------------------------------------------------------------------------------+
| note                                                                                                                                     |
+------------------------------------------------------------------------------------------------------------------------------------------+
|  float &  double are floating-point types and calcs are approximate whereas DECIMAL data types are fixed data types and calcs are exact  |
+------------------------------------------------------------------------------------------------------------------------------------------+
1 row in set (0.00 sec)

mysql> select ' use float &  double to store large DECIMAL data types. Saves disk space but at the cost of precision.' as note;
+--------------------------------------------------------------------------------------------------------+
| note                                                                                                   |
+--------------------------------------------------------------------------------------------------------+
|  use float &  double to store large DECIMAL data types. Saves disk space but at the cost of precision. |
+--------------------------------------------------------------------------------------------------------+
1 row in set (0.00 sec)

mysql> select ' Data Type | Memory Needed | Precision Issues|
    '>         Float      | 4 Bytes       | ~7 digits       |
    '>         Double     |  8 Bytes      |    ~15 digits    |' as note;
+---------------------------------------------------------------------------------------------------------------------------------------------------------------+
| note                                                                                                                                                          |
+---------------------------------------------------------------------------------------------------------------------------------------------------------------+
|  Data Type | Memory Needed | Precision Issues|
        Float      | 4 Bytes       | ~7 digits       |
        Double     |  8 Bytes      |    ~15 digits    | |
+---------------------------------------------------------------------------------------------------------------------------------------------------------------+
1 row in set (0.00 sec)

mysql> seelct ' also these precision issues are machine arch dependent' as note;
ERROR 1064 (42000): You have an error in your SQL syntax; check the manual that corresponds to your MySQL server version for the right syntax to use near 'seelct ' also these precision issues are machine arch dependent' as note' at line 1
mysql> select ' also these precision issues are machine arch dependent' as note;
+---------------------------------------------------------+
| note                                                    |
+---------------------------------------------------------+
|  also these precision issues are machine arch dependent |
+---------------------------------------------------------+
1 row in set (0.08 sec)

mysql>  CREATE TABLE things (price FLOAT);
Query OK, 0 rows affected (0.17 sec)

mysql> insert into things (price) values (88.45);
Query OK, 1 row affected (0.05 sec)

mysql> select * from things;
+-------+
| price |
+-------+
| 88.45 |
+-------+
1 row in set (0.00 sec)

mysql> insert into things (price) values (888888.45);
Query OK, 1 row affected (0.01 sec)

mysql> select * from things;
+--------+
| price  |
+--------+
|  88.45 |
| 888888 |
+--------+
2 rows in set (0.00 sec)

mysql> select 'see? after the 7th digit float is not precise!' as note;
+------------------------------------------------+
| note                                           |
+------------------------------------------------+
| see? after the 7th digit float is not precise! |
+------------------------------------------------+
1 row in set (0.00 sec)

mysql> select 'now try DOUBLE data type' as note; CREATE TABLE double_things (price DOUBLE);
+--------------------------+
| note                     |
+--------------------------+
| now try DOUBLE data type |
+--------------------------+
1 row in set (0.00 sec)

Query OK, 0 rows affected (0.09 sec)

mysql> insert into double_things (price) values (88.45);
Query OK, 1 row affected (0.03 sec)

mysql> select * from double_things;
+-------+
| price |
+-------+
| 88.45 |
+-------+
1 row in set (0.00 sec)

mysql> insert into double_things (price) values (888888.45);
Query OK, 1 row affected (0.01 sec)

mysql> select * from double_things;
+-----------+
| price     |
+-----------+
|     88.45 |
| 888888.45 |
+-----------+
2 rows in set (0.00 sec)

mysql> select 'see? DOUBLE stays precise for 9 digits. Try 19 digits' as note; insert into double_things(price) values(8888888888888888888.45);
+-------------------------------------------------------+
| note                                                  |
+-------------------------------------------------------+
| see? DOUBLE stays precise for 9 digits. Try 19 digits |
+-------------------------------------------------------+
1 row in set (0.00 sec)

Query OK, 1 row affected (0.01 sec)

mysql> select * from double_things;
+----------------------+
| price                |
+----------------------+
|                88.45 |
|            888888.45 |
| 8.888888888888889e18 |
+----------------------+
3 rows in set (0.00 sec)

mysql> select 'see? DOUBLE loses  precision after  18 digits' as note; 
+-----------------------------------------------+
| note                                          |
+-----------------------------------------------+
| see? DOUBLE loses  precision after  18 digits |
+-----------------------------------------------+
1 row in set (0.00 sec)

mysql> select 'trade off b/n storage and precision' as note;
+-------------------------------------+
| note                                |
+-------------------------------------+
| trade off b/n storage and precision |
+-------------------------------------+
1 row in set (0.00 sec)

mysql> seelct 'SECTION: DATE, TIME, DATETIME' as section;
ERROR 1064 (42000): You have an error in your SQL syntax; check the manual that corresponds to your MySQL server version for the right syntax to use near 'seelct 'SECTION: DATE, TIME, DATETIME' as section' at line 1
mysql> selct 'SECTION: DATE, TIME, DATETIME' as section;
ERROR 1064 (42000): You have an error in your SQL syntax; check the manual that corresponds to your MySQL server version for the right syntax to use near 'selct 'SECTION: DATE, TIME, DATETIME' as section' at line 1
mysql> select 'SECTION: DATE, TIME, DATETIME' as section;
+-------------------------------+
| section                       |
+-------------------------------+
| SECTION: DATE, TIME, DATETIME |
+-------------------------------+
1 row in set (0.11 sec)

mysql> show tables;
+--------------------+
| Tables_in_dogs_app |
+--------------------+
| dog_food_items     |
| dogs               |
| double_things      |
| things             |
+--------------------+
4 rows in set (0.07 sec)

mysql> select database();
+------------+
| database() |
+------------+
| dogs_app   |
+------------+
1 row in set (0.07 sec)

mysql> SHOW DATABASES;
+--------------------+
| Database           |
+--------------------+
| information_schema |
| bakery_app         |
| books_db           |
| cats_app           |
| dogs_app           |
| mysql              |
| performance_schema |
| shirts_db          |
| sys                |
+--------------------+
9 rows in set (0.00 sec)

mysql> show tables;
+--------------------+
| Tables_in_dogs_app |
+--------------------+
| dog_food_items     |
| dogs               |
| double_things      |
| things             |
+--------------------+
4 rows in set (0.00 sec)

mysql> CREATE TABLE people(name VARHCHAR(100), birthdate DATE, birthtime TIME, birthdt DATETIME);
ERROR 1064 (42000): You have an error in your SQL syntax; check the manual that corresponds to your MySQL server version for the right syntax to use near 'VARHCHAR(100), birthdate DATE, birthtime TIME, birthdt DATETIME)' at line 1
mysql> CREATE TABLE people (name VARHCHAR(100), birthdate DATE, birthtime TIME, birthdt DATETIME);
ERROR 1064 (42000): You have an error in your SQL syntax; check the manual that corresponds to your MySQL server version for the right syntax to use near 'VARHCHAR(100), birthdate DATE, birthtime TIME, birthdt DATETIME)' at line 1
mysql> CREATE TABLE people (name VARCHAR(100), birthdate DATE, birthtime TIME, birthdt DATETIME);
Query OK, 0 rows affected (0.22 sec)

mysql> SELECT * FROM people;
Empty set (0.01 sec)

mysql> INSERT INTO people (name, birthdate,beartime,birthdt) values ('Bob','2021-12-30','10:05:55');
ERROR 1136 (21S01): Column count doesn't match value count at row 1
mysql> INSERT INTO people (name, birthdate,beartime,birthdt) values ('Bob','2021-12-30','10:05:55','2021-12-30 10:05:55');
ERROR 1054 (42S22): Unknown column 'beartime' in 'field list'
mysql> INSERT INTO people (name, birthdate,birthtime,birthdt) values ('Bob','2021-12-30','10:05:55','2021-12-30 10:05:55');
Query OK, 1 row affected (0.04 sec)

mysql> SELECT * FROM people;
+------+------------+-----------+---------------------+
| name | birthdate  | birthtime | birthdt             |
+------+------------+-----------+---------------------+
| Bob  | 2021-12-30 | 10:05:55  | 2021-12-30 10:05:55 |
+------+------------+-----------+---------------------+
1 row in set (0.08 sec)

mysql> INSERT INTO people (name, birthdate,birthtime,birthdt) values ('Bob','2021-12-30','10:05:55','2021-12-30 10:05:55'),('Bob','2021-12-30','10:05:55','2021-12-30 00:00:00');
Query OK, 2 rows affected (0.07 sec)
Records: 2  Duplicates: 0  Warnings: 0

mysql> SELECT * FROM people;
+------+------------+-----------+---------------------+
| name | birthdate  | birthtime | birthdt             |
+------+------------+-----------+---------------------+
| Bob  | 2021-12-30 | 10:05:55  | 2021-12-30 10:05:55 |
| Bob  | 2021-12-30 | 10:05:55  | 2021-12-30 10:05:55 |
| Bob  | 2021-12-30 | 10:05:55  | 2021-12-30 00:00:00 |
+------+------------+-----------+---------------------+
3 rows in set (0.00 sec)

mysql> DELETE FROM people where birthtime='10:05:55';
Query OK, 3 rows affected (0.09 sec)

mysql> SELECT * FROM people;
Empty set (0.00 sec)

mysql> INSERT INTO people (name, birthdate,birthtime,birthdt) values ('Bob','2021-12-30','10:05:55','2021-12-30 10:05:55'),('Mike','2021-12-30','00:00:00','2021-12-30 00:00'), ('Jack','2022-01-01','23:59:59','2022-01-01 23:59:59);
    '> '
    -> ^C
mysql> INSERT INTO people (name, birthdate,birthtime,birthdt) values ('Bob','2021-12-30','10:05:55','2021-12-30 10:05:55'),('Mike','2021-12-30','00:00:00','2021-12-30 00:00'), ('Jack','2022-01-01','23:59:59','2022-01-01 23:59:59');
Query OK, 3 rows affected (0.01 sec)
Records: 3  Duplicates: 0  Warnings: 0

mysql> SELECT * FROM people;
+------+------------+-----------+---------------------+
| name | birthdate  | birthtime | birthdt             |
+------+------------+-----------+---------------------+
| Bob  | 2021-12-30 | 10:05:55  | 2021-12-30 10:05:55 |
| Mike | 2021-12-30 | 00:00:00  | 2021-12-30 00:00:00 |
| Jack | 2022-01-01 | 23:59:59  | 2022-01-01 23:59:59 |
+------+------------+-----------+---------------------+
3 rows in set (0.00 sec)

mysql> select 'CURDATE(), CUTIME(),NOW()'; AS NOTE;
+---------------------------+
| CURDATE(), CUTIME(),NOW() |
+---------------------------+
| CURDATE(), CUTIME(),NOW() |
+---------------------------+
1 row in set (0.00 sec)

ERROR 1064 (42000): You have an error in your SQL syntax; check the manual that corresponds to your MySQL server version for the right syntax to use near 'AS NOTE' at line 1
mysql> select 'CURDATE(), CUTIME(),NOW()'AS NOTE;
+---------------------------+
| NOTE                      |
+---------------------------+
| CURDATE(), CUTIME(),NOW() |
+---------------------------+
1 row in set (0.00 sec)

mysql> select 'CURDATE()--> CURRENT DATE, CUTIME()--> CURRENT TIME ,NOW()--> CURRENT DATETIME'AS NOTE;
+--------------------------------------------------------------------------------+
| NOTE                                                                           |
+--------------------------------------------------------------------------------+
| CURDATE()--> CURRENT DATE, CUTIME()--> CURRENT TIME ,NOW()--> CURRENT DATETIME |
+--------------------------------------------------------------------------------+
1 row in set (0.00 sec)

mysql> CURTIME()\
    -> ;
ERROR 1064 (42000): You have an error in your SQL syntax; check the manual that corresponds to your MySQL server version for the right syntax to use near 'CURTIME()' at line 1
mysql> CUTIME()\
    -> ;
ERROR 1064 (42000): You have an error in your SQL syntax; check the manual that corresponds to your MySQL server version for the right syntax to use near 'CUTIME()' at line 1
mysql> CURDATE();
ERROR 1064 (42000): You have an error in your SQL syntax; check the manual that corresponds to your MySQL server version for the right syntax to use near 'CURDATE()' at line 1
mysql> SELECT CURDATE();
+------------+
| CURDATE()  |
+------------+
| 2021-12-31 |
+------------+
1 row in set (0.03 sec)

mysql> SELECT "Don't forget typing SELECT before everything. Similar as typing docker' as reminder; 
    "> ""
    "> ^C
mysql> SELECT "Don't forget typing SELECT before everything. Similar as typing docker" as reminder;
+------------------------------------------------------------------------+
| reminder                                                               |
+------------------------------------------------------------------------+
| Don't forget typing SELECT before everything. Similar as typing docker |
+------------------------------------------------------------------------+
1 row in set (0.00 sec)

mysql> SELECT CURDATE();
+------------+
| CURDATE()  |
+------------+
| 2021-12-31 |
+------------+
1 row in set (0.00 sec)

mysql> SELECT CURDATE() AS CURRENT DATE;
ERROR 1064 (42000): You have an error in your SQL syntax; check the manual that corresponds to your MySQL server version for the right syntax to use near 'DATE' at line 1
mysql> SELECT CURDATE() AS 'CURRENT DATE';
+--------------+
| CURRENT DATE |
+--------------+
| 2021-12-31   |
+--------------+
1 row in set (0.01 sec)

mysql> SELECT CURTIME() AS 'CURRENT TIME';
+--------------+
| CURRENT TIME |
+--------------+
| 01:59:08     |
+--------------+
1 row in set (0.00 sec)

mysql> SELECT NOW() AS 'CURRENT DATETIME';
+---------------------+
| CURRENT DATETIME    |
+---------------------+
| 2021-12-31 01:59:22 |
+---------------------+
1 row in set (0.00 sec)

mysql> SELECT * FROM people;
+------+------------+-----------+---------------------+
| name | birthdate  | birthtime | birthdt             |
+------+------------+-----------+---------------------+
| Bob  | 2021-12-30 | 10:05:55  | 2021-12-30 10:05:55 |
| Mike | 2021-12-30 | 00:00:00  | 2021-12-30 00:00:00 |
| Jack | 2022-01-01 | 23:59:59  | 2022-01-01 23:59:59 |
+------+------------+-----------+---------------------+
3 rows in set (0.00 sec)

mysql> INSERT INTO people (name, birthdate,birthtime,birthdt) VALUES('New born',CURDATE(),CURTIME(),NOW());
Query OK, 1 row affected (0.08 sec)

mysql> SELECT * FROM people;
+----------+------------+-----------+---------------------+
| name     | birthdate  | birthtime | birthdt             |
+----------+------------+-----------+---------------------+
| Bob      | 2021-12-30 | 10:05:55  | 2021-12-30 10:05:55 |
| Mike     | 2021-12-30 | 00:00:00  | 2021-12-30 00:00:00 |
| Jack     | 2022-01-01 | 23:59:59  | 2022-01-01 23:59:59 |
| New born | 2021-12-31 | 02:02:08  | 2021-12-31 02:02:08 |
+----------+------------+-----------+---------------------+
4 rows in set (0.00 sec)

mysql> SELECT ' A MASSIVE LIST OF DATETIME FUNCTIONS IN THE DOCS!'; AS NOTE;
+----------------------------------------------------+
| A MASSIVE LIST OF DATETIME FUNCTIONS IN THE DOCS!  |
+----------------------------------------------------+
|  A MASSIVE LIST OF DATETIME FUNCTIONS IN THE DOCS! |
+----------------------------------------------------+
1 row in set (0.00 sec)

ERROR 1064 (42000): You have an error in your SQL syntax; check the manual that corresponds to your MySQL server version for the right syntax to use near 'AS NOTE' at line 1
mysql> SELECT ' A MASSIVE LIST OF DATETIME FUNCTIONS IN THE DOCS!'AS NOTE;
+----------------------------------------------------+
| NOTE                                               |
+----------------------------------------------------+
|  A MASSIVE LIST OF DATETIME FUNCTIONS IN THE DOCS! |
+----------------------------------------------------+
1 row in set (0.00 sec)

mysql> SELECT * FROM people;
+----------+------------+-----------+---------------------+
| name     | birthdate  | birthtime | birthdt             |
+----------+------------+-----------+---------------------+
| Bob      | 2021-12-30 | 10:05:55  | 2021-12-30 10:05:55 |
| Mike     | 2021-12-30 | 00:00:00  | 2021-12-30 00:00:00 |
| Jack     | 2022-01-01 | 23:59:59  | 2022-01-01 23:59:59 |
| New born | 2021-12-31 | 02:02:08  | 2021-12-31 02:02:08 |
+----------+------------+-----------+---------------------+
4 rows in set (0.00 sec)

mysql> SELECT name, birthdate from people;
+----------+------------+
| name     | birthdate  |
+----------+------------+
| Bob      | 2021-12-30 |
| Mike     | 2021-12-30 |
| Jack     | 2022-01-01 |
| New born | 2021-12-31 |
+----------+------------+
4 rows in set (0.00 sec)

mysql> SELECT name, DAY(birthdate) from people;
+----------+----------------+
| name     | DAY(birthdate) |
+----------+----------------+
| Bob      |             30 |
| Mike     |             30 |
| Jack     |              1 |
| New born |             31 |
+----------+----------------+
4 rows in set (0.00 sec)

mysql> SELECT name, MONTH(birthdate) from people;
+----------+------------------+
| name     | MONTH(birthdate) |
+----------+------------------+
| Bob      |               12 |
| Mike     |               12 |
| Jack     |                1 |
| New born |               12 |
+----------+------------------+
4 rows in set (0.00 sec)

mysql> SELECT name, YEAR(birthdate) from people;
+----------+-----------------+
| name     | YEAR(birthdate) |
+----------+-----------------+
| Bob      |            2021 |
| Mike     |            2021 |
| Jack     |            2022 |
| New born |            2021 |
+----------+-----------------+
4 rows in set (0.00 sec)

mysql> SELECT ' REMINDS ME OF PANDAS' AS NOTE;
+-----------------------+
| NOTE                  |
+-----------------------+
|  REMINDS ME OF PANDAS |
+-----------------------+
1 row in set (0.00 sec)

mysql> SELECT name, DAYOFYEAR(birthdate) from people;
+----------+----------------------+
| name     | DAYOFYEAR(birthdate) |
+----------+----------------------+
| Bob      |                  364 |
| Mike     |                  364 |
| Jack     |                    1 |
| New born |                  365 |
+----------+----------------------+
4 rows in set (0.01 sec)

mysql> SELECT name, DAYOFWEEK(birthdate) from people;
+----------+----------------------+
| name     | DAYOFWEEK(birthdate) |
+----------+----------------------+
| Bob      |                    5 |
| Mike     |                    5 |
| Jack     |                    7 |
| New born |                    6 |
+----------+----------------------+
4 rows in set (0.00 sec)

mysql> SELECT name, DAYNAME(birthdate) from people;
+----------+--------------------+
| name     | DAYNAME(birthdate) |
+----------+--------------------+
| Bob      | Thursday           |
| Mike     | Thursday           |
| Jack     | Saturday           |
| New born | Friday             |
+----------+--------------------+
4 rows in set (0.00 sec)

mysql> SELECT 'DAYOFYEAR(), DAYOFWEEK(),DAYNAME(),DAY()'AS NOTE;
+------------------------------------------+
| NOTE                                     |
+------------------------------------------+
| DAYOFYEAR(), DAYOFWEEK(),DAYNAME(),DAY() |
+------------------------------------------+
1 row in set (0.00 sec)

mysql> SELECT DAYOFWEEK();
ERROR 1582 (42000): Incorrect parameter count in the call to native function 'DAYOFWEEK'
mysql> SELECT DAYOFWEEK(*);
ERROR 1064 (42000): You have an error in your SQL syntax; check the manual that corresponds to your MySQL server version for the right syntax to use near '*)' at line 1
mysql> SELECT DAYOFWEEK(NOW());
+------------------+
| DAYOFWEEK(NOW()) |
+------------------+
|                6 |
+------------------+
1 row in set (0.00 sec)

mysql> SELECT DAYOFYEAR(NOW());
+------------------+
| DAYOFYEAR(NOW()) |
+------------------+
|              365 |
+------------------+
1 row in set (0.00 sec)

mysql> SELECT DAY(NOW());
+------------+
| DAY(NOW()) |
+------------+
|         31 |
+------------+
1 row in set (0.00 sec)

mysql> SELECT MONTH(NOW());
+--------------+
| MONTH(NOW()) |
+--------------+
|           12 |
+--------------+
1 row in set (0.00 sec)

mysql> SELECT CONCAT_WS('/','The data today is',YEAR(NOW()),MONTH(NOW()),DAY(NOW())) AS TODAY;
+------------------------------+
| TODAY                        |
+------------------------------+
| The data today is/2021/12/31 |
+------------------------------+
1 row in set (0.00 sec)

mysql> SELECT CONCAT_WS(' ','The data today is',YEAR(NOW()),MONTH(NOW()),DAY(NOW())) AS TODAY;
+------------------------------+
| TODAY                        |
+------------------------------+
| The data today is 2021 12 31 |
+------------------------------+
1 row in set (0.00 sec)

mysql> SELECT CONCAT_WS(' ','The data today is',YEAR(NOW()),MONTHNAME(NOW()),DAY(NOW())) AS TODAY;
+------------------------------------+
| TODAY                              |
+------------------------------------+
| The data today is 2021 December 31 |
+------------------------------------+
1 row in set (0.00 sec)

mysql> SELECT CONCAT_WS(' ','The data today is',DAYNAME(NOW(), YEAR(NOW()),MONTHNAME(NOW()),DAY(NOW())) AS TODAY;
ERROR 1064 (42000): You have an error in your SQL syntax; check the manual that corresponds to your MySQL server version for the right syntax to use near '' at line 1
mysql> SELECT CONCAT_WS(' ','The data today is',DAYOFWEEK(NOW(), YEAR(NOW()),MONTHNAME(NOW()),DAY(NOW())) AS TODAY;
ERROR 1064 (42000): You have an error in your SQL syntax; check the manual that corresponds to your MySQL server version for the right syntax to use near '' at line 1
mysql> SELECT CONCAT_WS(' ','The data today is',DAYOFWEEK(NOW()), YEAR(NOW()),MONTHNAME(NOW()),DAY(NOW())) AS TODAY;
+--------------------------------------+
| TODAY                                |
+--------------------------------------+
| The data today is 6 2021 December 31 |
+--------------------------------------+
1 row in set (0.00 sec)

mysql> SELECT CONCAT_WS(' ','The data today is',DAYNAME(NOW()), YEAR(NOW()),MONTHNAME(NOW()),DAY(NOW())) AS TODAY;
+-------------------------------------------+
| TODAY                                     |
+-------------------------------------------+
| The data today is Friday 2021 December 31 |
+-------------------------------------------+
1 row in set (0.00 sec)

mysql> SELECT CONCAT_WS(' ','Today is',DAYNAME(NOW()), YEAR(NOW()),MONTHNAME(NOW()),DAY(NOW())) AS TODAY;
+----------------------------------+
| TODAY                            |
+----------------------------------+
| Today is Friday 2021 December 31 |
+----------------------------------+
1 row in set (0.01 sec)

mysql> SELECT DAYNAME(NOW()), YEAR(NOW()),MONTHNAME(NOW()),DAY(NOW()) AS TODAY;
+----------------+-------------+------------------+-------+
| DAYNAME(NOW()) | YEAR(NOW()) | MONTHNAME(NOW()) | TODAY |
+----------------+-------------+------------------+-------+
| Friday         |        2021 | December         |    31 |
+----------------+-------------+------------------+-------+
1 row in set (0.00 sec)

mysql> SELECT YEAR(NOW()),MONTH(NOW()),DAY(NOW()) AS TODAY;
+-------------+--------------+-------+
| YEAR(NOW()) | MONTH(NOW()) | TODAY |
+-------------+--------------+-------+
|        2021 |           12 |    31 |
+-------------+--------------+-------+
1 row in set (0.00 sec)

mysql> SELECTDATE_FORMAT(YEAR(NOW()),MONTH(NOW()),DAY(NOW()), '%YYYY-%B-%DD') AS TODAY;
ERROR 1064 (42000): You have an error in your SQL syntax; check the manual that corresponds to your MySQL server version for the right syntax to use near 'SELECTDATE_FORMAT(YEAR(NOW()),MONTH(NOW()),DAY(NOW()), '%YYYY-%B-%DD') AS TODAY' at line 1
mysql> SELECT DATE_FORMAT(YEAR(NOW()),MONTH(NOW()),DAY(NOW()), '%YYYY-%B-%DD') AS TODAY;
ERROR 1582 (42000): Incorrect parameter count in the call to native function 'DATE_FORMAT'
mysql> SELECT DATE_FORMAT(CONCAT_WS('-',YEAR(NOW()),MONTH(NOW()),DAY(NOW())), '%YYYY-%B-%DD') AS TODAY;
+-----------------+
| TODAY           |
+-----------------+
| 2021YYY-B-31stD |
+-----------------+
1 row in set (0.00 sec)

mysql> SELECT CONCAT_WS('-',YEAR(NOW()),MONTH(NOW()),DAY(NOW())) AS TODAY;
+------------+
| TODAY      |
+------------+
| 2021-12-31 |
+------------+
1 row in set (0.00 sec)

mysql> SELECT DATE_FORMAT(CONCAT_WS(' 'YEAR(NOW()),MONTH(NOW()),DAY(NOW())), '%YYYY-%B-%DD') AS TODAY;
ERROR 1064 (42000): You have an error in your SQL syntax; check the manual that corresponds to your MySQL server version for the right syntax to use near '(NOW()),MONTH(NOW()),DAY(NOW())), '%YYYY-%B-%DD') AS TODAY' at line 1
mysql> SELECT DATE_FORMAT(CONCAT_WS(' ,'YEAR(NOW()),MONTH(NOW()),DAY(NOW())), '%YYYY-%B-%DD') AS TODAY;
ERROR 1064 (42000): You have an error in your SQL syntax; check the manual that corresponds to your MySQL server version for the right syntax to use near '(NOW()),MONTH(NOW()),DAY(NOW())), '%YYYY-%B-%DD') AS TODAY' at line 1
mysql> SELECT DATE_FORMAT(CONCAT_WS(' ',YEAR(NOW()),MONTH(NOW()),DAY(NOW())), '%YYYY-%B-%DD') AS TODAY;
+-------+
| TODAY |
+-------+
| NULL  |
+-------+
1 row in set, 1 warning (0.00 sec)

mysql> SELECT DATE_FORMAT(CONCAT(YEAR(NOW()),MONTH(NOW()),DAY(NOW())), '%YYYY-%B-%DD') AS TODAY;
+-----------------+
| TODAY           |
+-----------------+
| 2021YYY-B-31stD |
+-----------------+
1 row in set (0.00 sec)

mysql> SELECT DATE_FORMAT(CONCAT(YEAR(NOW()),MONTH(NOW()),DAY(NOW())), '%YYYY-%b-%D') AS TODAY;
+------------------+
| TODAY            |
+------------------+
| 2021YYY-Dec-31st |
+------------------+
1 row in set (0.00 sec)

mysql> SELECT DATE_FORMAT(CONCAT(YEAR(NOW()),MONTH(NOW()),DAY(NOW())), '%Y-%b-%D') AS TODAY;
+---------------+
| TODAY         |
+---------------+
| 2021-Dec-31st |
+---------------+
1 row in set (0.00 sec)

mysql> SELECT DATE_FORMAT(CONCAT(YEAR(NOW()),MONTH(NOW()),DAY(NOW())), '%Y-%b-%d') AS TODAY;
+-------------+
| TODAY       |
+-------------+
| 2021-Dec-31 |
+-------------+
1 row in set (0.00 sec)

mysql> SELECT DATE_FORMAT(CONCAT(YEAR(NOW()),MONTH(NOW()),DAY(NOW())), '%Y-%B-%d') AS TODAY;
+-----------+
| TODAY     |
+-----------+
| 2021-B-31 |
+-----------+
1 row in set (0.00 sec)

mysql> SELECT DATE_FORMAT(CONCAT(YEAR(NOW()),MONTH(NOW()),DAY(NOW())), '%Y-%M-%d') AS TODAY;
+------------------+
| TODAY            |
+------------------+
| 2021-December-31 |
+------------------+
1 row in set (0.00 sec)

mysql> SELECT DATE_FORMAT(CONCAT(YEAR(NOW()),MONTH(NOW()),DAY(NOW())), '%Y-%b-%d') AS TODAY;
+-------------+
| TODAY       |
+-------------+
| 2021-Dec-31 |
+-------------+
1 row in set (0.00 sec)

mysql> SELECT DATE_FORMAT(CONCAT(YEAR(NOW()),MONTH(NOW()),DAY(NOW())), '%y-%b-%d') AS TODAY;
+-----------+
| TODAY     |
+-----------+
| 21-Dec-31 |
+-----------+
1 row in set (0.00 sec)

mysql> SELECT DATE_FORMAT(CONCAT(YEAR(NOW()),MONTH(NOW()),DAY(NOW())), '%yyyy-%b-%d') AS TODAY;
+--------------+
| TODAY        |
+--------------+
| 21yyy-Dec-31 |
+--------------+
1 row in set (0.00 sec)

mysql> SELECT DATE_FORMAT(CONCAT(YEAR(NOW()),MONTH(NOW()),DAY(NOW())), '%yy-%b-%d') AS TODAY;
+------------+
| TODAY      |
+------------+
| 21y-Dec-31 |
+------------+
1 row in set (0.00 sec)

mysql> SELECT DATE_FORMAT(CONCAT(YEAR(NOW()),MONTH(NOW()),DAY(NOW())), '%y-%b-%d') AS TODAY;
+-----------+
| TODAY     |
+-----------+
| 21-Dec-31 |
+-----------+
1 row in set (0.00 sec)

mysql> SELECT DATE_FORMAT(CONCAT(YEAR(NOW()),MONTH(NOW()),DAY(NOW())), '%Y-%M-%d') AS TODAY;
+------------------+
| TODAY            |
+------------------+
| 2021-December-31 |
+------------------+
1 row in set (0.00 sec)

mysql> SELECT DATE_FORMAT(NOW(), '%y-%b-%d') AS TODAY;
+-----------+
| TODAY     |
+-----------+
| 21-Dec-31 |
+-----------+
1 row in set (0.00 sec)

mysql> SELECT DATE_FORMAT(NOW(), '%y-%b-%d %h %i %s') AS TODAY;
+--------------------+
| TODAY              |
+--------------------+
| 21-Dec-31 02 21 19 |
+--------------------+
1 row in set (0.00 sec)

mysql> SELECT DATE_FORMAT(NOW(), '%y-%b-%d %h:%i:%s') AS TODAY;
+--------------------+
| TODAY              |
+--------------------+
| 21-Dec-31 02:21:27 |
+--------------------+
1 row in set (0.00 sec)

mysql> SELECT DATE_FORMAT(NOW(), '%y-%b-%d %H:%i:%s') AS now;
+--------------------+
| now                |
+--------------------+
| 21-Dec-31 02:21:52 |
+--------------------+
1 row in set (0.00 sec)

mysql> SELECT DATE_FORMAT(NOW(), '%y-%b-%d %H:%I:%s') AS now;
+--------------------+
| now                |
+--------------------+
| 21-Dec-31 02:02:01 |
+--------------------+
1 row in set (0.00 sec)

mysql> SELECT DATE_FORMAT(NOW(), '%y-%b-%d %H:%I:%S') AS now;
+--------------------+
| now                |
+--------------------+
| 21-Dec-31 02:02:05 |
+--------------------+
1 row in set (0.00 sec)

mysql> SELECT DATE_FORMAT(NOW(), '%y-%b-%d %H:%i:%s') AS now;
+--------------------+
| now                |
+--------------------+
| 21-Dec-31 02:22:34 |
+--------------------+
1 row in set (0.00 sec)

mysql> SELECT DATE_FORMAT(NOW(), '%y-%b-%d %h:%i:%s') AS now;
+--------------------+
| now                |
+--------------------+
| 21-Dec-31 02:22:48 |
+--------------------+
1 row in set (0.00 sec)

mysql> SELECT DATE_FORMAT(NOW(), '%y-%b-%d %h:%I:%s') AS now;
+--------------------+
| now                |
+--------------------+
| 21-Dec-31 02:02:55 |
+--------------------+
1 row in set (0.00 sec)

mysql> SELECT ' WHAT IS THE ~ 20 MINS DIFF b/n %I and %i format?' as question;
+---------------------------------------------------+
| question                                          |
+---------------------------------------------------+
|  WHAT IS THE ~ 20 MINS DIFF b/n %I and %i format? |
+---------------------------------------------------+
1 row in set (0.00 sec)

mysql> seelct "I am not going to remember all the formats. I'll just look it up when I need to." as 'Nothing to worry about';
ERROR 1064 (42000): You have an error in your SQL syntax; check the manual that corresponds to your MySQL server version for the right syntax to use near 'seelct "I am not going to remember all the formats. I'll just look it up when I ' at line 1
mysql> selEct "I am not going to remember all the formats. I'll just look it up when I need to." as 'Nothing to worry about';
+----------------------------------------------------------------------------------+
| Nothing to worry about                                                           |
+----------------------------------------------------------------------------------+
| I am not going to remember all the formats. I'll just look it up when I need to. |
+----------------------------------------------------------------------------------+
1 row in set (0.00 sec)

mysql> SELECT DATE_FORMAT(NOW(), '%W%M%Y') AS now;
+--------------------+
| now                |
+--------------------+
| FridayDecember2021 |
+--------------------+
1 row in set (0.00 sec)

mysql> SELECT DATE_FORMAT(NOW(), '%W/%M/%Y') AS now;
+----------------------+
| now                  |
+----------------------+
| Friday/December/2021 |
+----------------------+
1 row in set (0.00 sec)

mysql> SEELCT 'Fortran comes to mind.' as note;
ERROR 1064 (42000): You have an error in your SQL syntax; check the manual that corresponds to your MySQL server version for the right syntax to use near 'SEELCT 'Fortran comes to mind.' as note' at line 1
mysql> SELeCT 'Fortran comes to mind.' as note;
+------------------------+
| note                   |
+------------------------+
| Fortran comes to mind. |
+------------------------+
1 row in set (0.00 sec)

mysql> SELECT DATE_FORMAT(birthdate,'') from people;
+---------------------------+
| DATE_FORMAT(birthdate,'') |
+---------------------------+
| NULL                      |
| NULL                      |
| NULL                      |
| NULL                      |
+---------------------------+
4 rows in set (0.00 sec)

mysql> SELECT DATE_FORMAT(birthdate,'%Y-%M-%d') from people;
+-----------------------------------+
| DATE_FORMAT(birthdate,'%Y-%M-%d') |
+-----------------------------------+
| 2021-December-30                  |
| 2021-December-30                  |
| 2022-January-01                   |
| 2021-December-31                  |
+-----------------------------------+
4 rows in set (0.00 sec)

mysql> SELECT concat_ws('', name, 'was born on', DATE_FORMAT(birthdate,'%W %M %Y')) AS FANCY BIRTH INFO from people;
ERROR 1064 (42000): You have an error in your SQL syntax; check the manual that corresponds to your MySQL server version for the right syntax to use near 'BIRTH INFO from people' at line 1
mysql> SELECT concat_ws('', name, 'was born on', DATE_FORMAT(birthdate,'%W %M %Y')) AS 'FANCY BIRTH INFO' from people;
+-----------------------------------------+
| FANCY BIRTH INFO                        |
+-----------------------------------------+
| Bobwas born onThursday December 2021    |
| Mikewas born onThursday December 2021   |
| Jackwas born onSaturday January 2022    |
| New bornwas born onFriday December 2021 |
+-----------------------------------------+
4 rows in set (0.00 sec)

mysql> SELECT concat_ws(' ', name, 'was born on', DATE_FORMAT(birthdate,'%W %M %Y'),'.') AS 'FANCY BIRTH INFO' from people;
+---------------------------------------------+
| FANCY BIRTH INFO                            |
+---------------------------------------------+
| Bob was born on Thursday December 2021 .    |
| Mike was born on Thursday December 2021 .   |
| Jack was born on Saturday January 2022 .    |
| New born was born on Friday December 2021 . |
+---------------------------------------------+
4 rows in set (0.00 sec)

mysql> SELECT concat_ws(' ', name, 'was born on', DATE_FORMAT(birthdate,'%W %M-%D, %Y'),'.') AS 'FANCY BIRTH INFO' from people;
+---------------------------------------------------+
| FANCY BIRTH INFO                                  |
+---------------------------------------------------+
| Bob was born on Thursday December-30th, 2021 .    |
| Mike was born on Thursday December-30th, 2021 .   |
| Jack was born on Saturday January-1st, 2022 .     |
| New born was born on Friday December-31st, 2021 . |
+---------------------------------------------------+
4 rows in set (0.00 sec)

mysql> SELECT concat_ws(' ', name, 'was born on', DATE_FORMAT(birthdate,'%W %b-%D, %Y'),'.') AS 'FANCY BIRTH INFO' from people;
+----------------------------------------------+
| FANCY BIRTH INFO                             |
+----------------------------------------------+
| Bob was born on Thursday Dec-30th, 2021 .    |
| Mike was born on Thursday Dec-30th, 2021 .   |
| Jack was born on Saturday Jan-1st, 2022 .    |
| New born was born on Friday Dec-31st, 2021 . |
+----------------------------------------------+
4 rows in set (0.00 sec)

mysql> select 'DATE_FORMAT(DATE STUFF, FORMAT)' AS SYNTAX TO REMEMBER;
ERROR 1064 (42000): You have an error in your SQL syntax; check the manual that corresponds to your MySQL server version for the right syntax to use near 'TO REMEMBER' at line 1
mysql> select 'DATE_FORMAT(DATE STUFF, FORMAT)' AS 'SYNTAX TO REMEMBER';
+---------------------------------+
| SYNTAX TO REMEMBER              |
+---------------------------------+
| DATE_FORMAT(DATE STUFF, FORMAT) |
+---------------------------------+
1 row in set (0.00 sec)

mysql> SELECT concat_ws(' ', name, 'was born on', DATE_FORMAT(birthdate,'%W %M-%D, %Y %H:%i%s'),'.') AS 'FANCY BIRTH INFO' from people;
+-----------------------------------------------------------+
| FANCY BIRTH INFO                                          |
+-----------------------------------------------------------+
| Bob was born on Thursday December-30th, 2021 00:0000 .    |
| Mike was born on Thursday December-30th, 2021 00:0000 .   |
| Jack was born on Saturday January-1st, 2022 00:0000 .     |
| New born was born on Friday December-31st, 2021 00:0000 . |
+-----------------------------------------------------------+
4 rows in set (0.00 sec)

mysql> select * from people;
+----------+------------+-----------+---------------------+
| name     | birthdate  | birthtime | birthdt             |
+----------+------------+-----------+---------------------+
| Bob      | 2021-12-30 | 10:05:55  | 2021-12-30 10:05:55 |
| Mike     | 2021-12-30 | 00:00:00  | 2021-12-30 00:00:00 |
| Jack     | 2022-01-01 | 23:59:59  | 2022-01-01 23:59:59 |
| New born | 2021-12-31 | 02:02:08  | 2021-12-31 02:02:08 |
+----------+------------+-----------+---------------------+
4 rows in set (0.00 sec)

mysql> SELECT concat_ws(' ', name, 'was born on', DATE_FORMAT(birthdate,'%W %M-%D, %Y %H:%I%s'),'.') AS 'FANCY BIRTH INFO' from people;
+-----------------------------------------------------------+
| FANCY BIRTH INFO                                          |
+-----------------------------------------------------------+
| Bob was born on Thursday December-30th, 2021 00:1200 .    |
| Mike was born on Thursday December-30th, 2021 00:1200 .   |
| Jack was born on Saturday January-1st, 2022 00:1200 .     |
| New born was born on Friday December-31st, 2021 00:1200 . |
+-----------------------------------------------------------+
4 rows in set (0.00 sec)

mysql> SELECT concat_ws(' ', name, 'was born on', DATE_FORMAT(birthdate,'%W %M-%D, %Y %H:%I:%s'),'.') AS 'FANCY BIRTH INFO' from people;
+------------------------------------------------------------+
| FANCY BIRTH INFO                                           |
+------------------------------------------------------------+
| Bob was born on Thursday December-30th, 2021 00:12:00 .    |
| Mike was born on Thursday December-30th, 2021 00:12:00 .   |
| Jack was born on Saturday January-1st, 2022 00:12:00 .     |
| New born was born on Friday December-31st, 2021 00:12:00 . |
+------------------------------------------------------------+
4 rows in set (0.00 sec)

mysql> SELECT concat_ws(' ', name, 'was born on', DATE_FORMAT(birthdate,'%W %M-%D, %Y %H:%i:%s'),'.') AS 'FANCY BIRTH INFO' from people;
+------------------------------------------------------------+
| FANCY BIRTH INFO                                           |
+------------------------------------------------------------+
| Bob was born on Thursday December-30th, 2021 00:00:00 .    |
| Mike was born on Thursday December-30th, 2021 00:00:00 .   |
| Jack was born on Saturday January-1st, 2022 00:00:00 .     |
| New born was born on Friday December-31st, 2021 00:00:00 . |
+------------------------------------------------------------+
4 rows in set (0.00 sec)

mysql> select * from people;
+----------+------------+-----------+---------------------+
| name     | birthdate  | birthtime | birthdt             |
+----------+------------+-----------+---------------------+
| Bob      | 2021-12-30 | 10:05:55  | 2021-12-30 10:05:55 |
| Mike     | 2021-12-30 | 00:00:00  | 2021-12-30 00:00:00 |
| Jack     | 2022-01-01 | 23:59:59  | 2022-01-01 23:59:59 |
| New born | 2021-12-31 | 02:02:08  | 2021-12-31 02:02:08 |
+----------+------------+-----------+---------------------+
4 rows in set (0.00 sec)

mysql> SELECT concat_ws(' ', name, 'was born on', DATE_FORMAT(birthdate,'%W %M-%D, %Y %h:%i:%s'),'.') AS 'FANCY BIRTH INFO' from people;
+------------------------------------------------------------+
| FANCY BIRTH INFO                                           |
+------------------------------------------------------------+
| Bob was born on Thursday December-30th, 2021 12:00:00 .    |
| Mike was born on Thursday December-30th, 2021 12:00:00 .   |
| Jack was born on Saturday January-1st, 2022 12:00:00 .     |
| New born was born on Friday December-31st, 2021 12:00:00 . |
+------------------------------------------------------------+
4 rows in set (0.00 sec)

mysql> SELECT concat_ws(' ', name, 'was born on', DATE_FORMAT(birthdate,'%W %M-%D, %Y %H:%i:%s'),'.') AS 'FANCY BIRTH INFO' from people;
+------------------------------------------------------------+
| FANCY BIRTH INFO                                           |
+------------------------------------------------------------+
| Bob was born on Thursday December-30th, 2021 00:00:00 .    |
| Mike was born on Thursday December-30th, 2021 00:00:00 .   |
| Jack was born on Saturday January-1st, 2022 00:00:00 .     |
| New born was born on Friday December-31st, 2021 00:00:00 . |
+------------------------------------------------------------+
4 rows in set (0.00 sec)

mysql> SELECT ' CHECK THE DIFF B/N H nad h. Also b/n I & i!' as check;
ERROR 1064 (42000): You have an error in your SQL syntax; check the manual that corresponds to your MySQL server version for the right syntax to use near 'check' at line 1
mysql> SELECT "CHECK THE DIFF B/N H nad h. Also b/n I & i!" as check;
ERROR 1064 (42000): You have an error in your SQL syntax; check the manual that corresponds to your MySQL server version for the right syntax to use near 'check' at line 1
mysql> SELECT "CHECK THE DIFF B/N H nad h. Also b/n I & i!" as 'check';
+---------------------------------------------+
| check                                       |
+---------------------------------------------+
| CHECK THE DIFF B/N H nad h. Also b/n I & i! |
+---------------------------------------------+
1 row in set (0.00 sec)

mysql> check
    -> ;
ERROR 1064 (42000): You have an error in your SQL syntax; check the manual that corresponds to your MySQL server version for the right syntax to use near '' at line 1
mysql> show variables like '%version%';
+-------------------------+-------------------------+
| Variable_name           | Value                   |
+-------------------------+-------------------------+
| innodb_version          | 5.7.36                  |
| protocol_version        | 10                      |
| slave_type_conversions  |                         |
| tls_version             | TLSv1,TLSv1.1,TLSv1.2   |
| version                 | 5.7.36-0ubuntu0.18.04.1 |
| version_comment         | (Ubuntu)                |
| version_compile_machine | x86_64                  |
| version_compile_os      | Linux                   |
+-------------------------+-------------------------+
8 rows in set (0.28 sec)

mysql> select 'cool.';
+-------+
| cool. |
+-------+
| cool. |
+-------+
1 row in set (0.00 sec)

mysql> select ' Section on Date Math! eg. How older is Mr x than Mr y?'; as 'new section';
+---------------------------------------------------------+
| Section on Date Math! eg. How older is Mr x than Mr y?  |
+---------------------------------------------------------+
|  Section on Date Math! eg. How older is Mr x than Mr y? |
+---------------------------------------------------------+
1 row in set (0.00 sec)

ERROR 1064 (42000): You have an error in your SQL syntax; check the manual that corresponds to your MySQL server version for the right syntax to use near 'as 'new section'' at line 1
mysql> select ' Section on Date Math! eg. How older is Mr x than Mr y?' as 'new section';
+---------------------------------------------------------+
| new section                                             |
+---------------------------------------------------------+
|  Section on Date Math! eg. How older is Mr x than Mr y? |
+---------------------------------------------------------+
1 row in set (0.00 sec)

mysql> select DATEDIFF(birthdate) from people;
ERROR 1582 (42000): Incorrect parameter count in the call to native function 'DATEDIFF'
mysql> select DATEDIFF(birthdate) from people limit 1;
ERROR 1582 (42000): Incorrect parameter count in the call to native function 'DATEDIFF'
mysql> select DATEDIFF(select birthdatefrom people limit 1) from people;
ERROR 1064 (42000): You have an error in your SQL syntax; check the manual that corresponds to your MySQL server version for the right syntax to use near 'select birthdatefrom people limit 1) from people' at line 1
mysql> select DATEDIFF(select birthdatefrom people limit 1);
ERROR 1064 (42000): You have an error in your SQL syntax; check the manual that corresponds to your MySQL server version for the right syntax to use near 'select birthdatefrom people limit 1)' at line 1
mysql> select DATEDIFF(select birthdate from people limit 1);
ERROR 1064 (42000): You have an error in your SQL syntax; check the manual that corresponds to your MySQL server version for the right syntax to use near 'select birthdate from people limit 1)' at line 1
mysql> select DATEDIFF(select birthdate from people limit 2);
ERROR 1064 (42000): You have an error in your SQL syntax; check the manual that corresponds to your MySQL server version for the right syntax to use near 'select birthdate from people limit 2)' at line 1
mysql> select DATEDIFF(YEAR(NOW()),'2020');
+------------------------------+
| DATEDIFF(YEAR(NOW()),'2020') |
+------------------------------+
|                         NULL |
+------------------------------+
1 row in set, 2 warnings (0.00 sec)

mysql> select DATEDIFF(YEAR(NOW()),2020);
+----------------------------+
| DATEDIFF(YEAR(NOW()),2020) |
+----------------------------+
|                       NULL |
+----------------------------+
1 row in set, 2 warnings (0.01 sec)

mysql> select DATEDIFF(YEAR(NOW()),DATE_FORMAT('2020','%Y'));
+------------------------------------------------+
| DATEDIFF(YEAR(NOW()),DATE_FORMAT('2020','%Y')) |
+------------------------------------------------+
|                                           NULL |
+------------------------------------------------+
1 row in set, 2 warnings (0.00 sec)

mysql> select DATE_FORMAT('2020','%Y');
+--------------------------+
| DATE_FORMAT('2020','%Y') |
+--------------------------+
| NULL                     |
+--------------------------+
1 row in set, 1 warning (0.00 sec)

mysql> select DATE_FORMAT('2020-12-31','%Y-%b-%d');
+--------------------------------------+
| DATE_FORMAT('2020-12-31','%Y-%b-%d') |
+--------------------------------------+
| 2020-Dec-31                          |
+--------------------------------------+
1 row in set (0.00 sec)

mysql> select DATE_FORMAT('2020-12-31','%Y-%m-%d');
+--------------------------------------+
| DATE_FORMAT('2020-12-31','%Y-%m-%d') |
+--------------------------------------+
| 2020-12-31                           |
+--------------------------------------+
1 row in set (0.00 sec)

mysql> select DATE-DIFF(NOW(),DATE_FORMAT('2020-12-31','%Y-%m-%d'));
ERROR 1054 (42S22): Unknown column 'DATE' in 'field list'
mysql> select DATEDIFF(NOW(),DATE_FORMAT('2020-12-31','%Y-%m-%d'));
+------------------------------------------------------+
| DATEDIFF(NOW(),DATE_FORMAT('2020-12-31','%Y-%m-%d')) |
+------------------------------------------------------+
|                                                  365 |
+------------------------------------------------------+
1 row in set (0.00 sec)

mysql> select DATEDIFF(NOW(),DATE_FORMAT('2000-12-31','%Y-%m-%d'));
+------------------------------------------------------+
| DATEDIFF(NOW(),DATE_FORMAT('2000-12-31','%Y-%m-%d')) |
+------------------------------------------------------+
|                                                 7670 |
+------------------------------------------------------+
1 row in set (0.00 sec)

mysql> select YEARDIFF(NOW(),DATE_FORMAT('2000-12-31','%Y-%m-%d'));
ERROR 1305 (42000): FUNCTION dogs_app.YEARDIFF does not exist
mysql> select DIFF(NOW(),DATE_FORMAT('2000-12-31','%Y-%m-%d'));
ERROR 1305 (42000): FUNCTION dogs_app.DIFF does not exist
mysql> select DATEDIFF(NOW(),DATE_FORMAT('2000-12-31','%Y-%m-%d'));
+------------------------------------------------------+
| DATEDIFF(NOW(),DATE_FORMAT('2000-12-31','%Y-%m-%d')) |
+------------------------------------------------------+
|                                                 7670 |
+------------------------------------------------------+
1 row in set (0.00 sec)

mysql> select DATEDIFF(NOW(),DATE_FORMAT('2021-12-31','%Y-%m-%d'));
+------------------------------------------------------+
| DATEDIFF(NOW(),DATE_FORMAT('2021-12-31','%Y-%m-%d')) |
+------------------------------------------------------+
|                                                    0 |
+------------------------------------------------------+
1 row in set (0.00 sec)

mysql> select DATEDIFF(NOW(),CURDATE());
+---------------------------+
| DATEDIFF(NOW(),CURDATE()) |
+---------------------------+
|                         0 |
+---------------------------+
1 row in set (0.00 sec)

mysql> select DATEDIFF(NOW(),CURTIME());
+---------------------------+
| DATEDIFF(NOW(),CURTIME()) |
+---------------------------+
|                         0 |
+---------------------------+
1 row in set (0.00 sec)

mysql> CURTIME()
    -> ;
ERROR 1064 (42000): You have an error in your SQL syntax; check the manual that corresponds to your MySQL server version for the right syntax to use near 'CURTIME()' at line 1
mysql> SELECT CURTIME();
+-----------+
| CURTIME() |
+-----------+
| 02:50:39  |
+-----------+
1 row in set (0.00 sec)

mysql> select DATEDIFF(NOW(),birthdate) from people;
+---------------------------+
| DATEDIFF(NOW(),birthdate) |
+---------------------------+
|                         1 |
|                         1 |
|                        -1 |
|                         0 |
+---------------------------+
4 rows in set (0.00 sec)

mysql> select concat_ws(' ',name,'is', DATEDIFF(NOW(),birthdate),'days old. We will learn conditionals to remove some stupid -ve day olds.') from people;
+--------------------------------------------------------------------------------------------------------------------------------+
| concat_ws(' ',name,'is', DATEDIFF(NOW(),birthdate),'days old. We will learn conditionals to remove some stupid -ve day olds.') |
+--------------------------------------------------------------------------------------------------------------------------------+
| Bob is 1 days old. We will learn conditionals to remove some stupid -ve day olds.                                              |
| Mike is 1 days old. We will learn conditionals to remove some stupid -ve day olds.                                             |
| Jack is -1 days old. We will learn conditionals to remove some stupid -ve day olds.                                            |
| New born is 0 days old. We will learn conditionals to remove some stupid -ve day olds.                                         |
+--------------------------------------------------------------------------------------------------------------------------------+
4 rows in set (0.00 sec)

mysql> seelct "One thing I always knew: You can't learn everything from a single class. Even if you do you forget most of it. Just know where to pull stuff from quickly when needed. Have a look at the docs!" as 'note to self';
ERROR 1064 (42000): You have an error in your SQL syntax; check the manual that corresponds to your MySQL server version for the right syntax to use near 'seelct "One thing I always knew: You can't learn everything from a single class.' at line 1
mysql> select "One thing I always knew: You can't learn everything from a single class. Even if you do you forget most of it. Just know where to pull stuff from quickly when needed. Have a look at the docs!" as 'note to self';
+-------------------------------------------------------------------------------------------------------------------------------------------------------------------------------------------------+
| note to self                                                                                                                                                                                    |
+-------------------------------------------------------------------------------------------------------------------------------------------------------------------------------------------------+
| One thing I always knew: You can't learn everything from a single class. Even if you do you forget most of it. Just know where to pull stuff from quickly when needed. Have a look at the docs! |
+-------------------------------------------------------------------------------------------------------------------------------------------------------------------------------------------------+
1 row in set (0.00 sec)

mysql> select name, birthdate, DATEADD(birthdate, INTERVAL 99 YEAR) as 'death date' from people
    -> ;
ERROR 1064 (42000): You have an error in your SQL syntax; check the manual that corresponds to your MySQL server version for the right syntax to use near ') as 'death date' from people' at line 1
mysql> select name, birthdate, DATE_ADD(birthdate, INTERVAL 99 YEAR) as 'death date' from people;
+----------+------------+------------+
| name     | birthdate  | death date |
+----------+------------+------------+
| Bob      | 2021-12-30 | 2120-12-30 |
| Mike     | 2021-12-30 | 2120-12-30 |
| Jack     | 2022-01-01 | 2121-01-01 |
| New born | 2021-12-31 | 2120-12-31 |
+----------+------------+------------+
4 rows in set (0.00 sec)

mysql> select name, birthdate, DATE_ADD(birthdate, INTERVAL 63 YEAR) as 'death date' from people;
+----------+------------+------------+
| name     | birthdate  | death date |
+----------+------------+------------+
| Bob      | 2021-12-30 | 2084-12-30 |
| Mike     | 2021-12-30 | 2084-12-30 |
| Jack     | 2022-01-01 | 2085-01-01 |
| New born | 2021-12-31 | 2084-12-31 |
+----------+------------+------------+
4 rows in set (0.00 sec)

mysql> select date_add(now(), interval 4 day);
+---------------------------------+
| date_add(now(), interval 4 day) |
+---------------------------------+
| 2022-01-04 03:01:55             |
+---------------------------------+
1 row in set (0.00 sec)

mysql> select concat('We will get back  to work on ', date_add(now(), interval 4 day));
+--------------------------------------------------------------------------+
| concat('We will get back  to work on ', date_add(now(), interval 4 day)) |
+--------------------------------------------------------------------------+
| We will get back  to work on 2022-01-04 03:03:01                         |
+--------------------------------------------------------------------------+
1 row in set (0.00 sec)

mysql> select concat('We will get back  to work on ', date_sub(date_add(now(), interval 4 day), interval 3 hours));
ERROR 1064 (42000): You have an error in your SQL syntax; check the manual that corresponds to your MySQL server version for the right syntax to use near 'hours))' at line 1
mysql> select concat('We will get back  to work on ', date_sub(date_add(now(), interval 4 day), interval 3 DAY_HOUR);
ERROR 1064 (42000): You have an error in your SQL syntax; check the manual that corresponds to your MySQL server version for the right syntax to use near '' at line 1
mysql> select concat('We will get back  to work on ', date_sub(date_add(now(), interval 4 day), interval 3 DAY);
ERROR 1064 (42000): You have an error in your SQL syntax; check the manual that corresponds to your MySQL server version for the right syntax to use near '' at line 1
mysql> select concat('We will get back  to work on ', date_add(now(), interval 4 day);
ERROR 1064 (42000): You have an error in your SQL syntax; check the manual that corresponds to your MySQL server version for the right syntax to use near '' at line 1
mysql> select concat('We will get back  to work on ', date_add(now(), interval 4 day));
+--------------------------------------------------------------------------+
| concat('We will get back  to work on ', date_add(now(), interval 4 day)) |
+--------------------------------------------------------------------------+
| We will get back  to work on 2022-01-04 03:05:16                         |
+--------------------------------------------------------------------------+
1 row in set (0.00 sec)

mysql> select concat('We will get back  to work on ', DATE_SUB(date_add(now(), interval 4 day),INTERVAL 1 DAY) );
+----------------------------------------------------------------------------------------------------+
| concat('We will get back  to work on ', DATE_SUB(date_add(now(), interval 4 day),INTERVAL 1 DAY) ) |
+----------------------------------------------------------------------------------------------------+
| We will get back  to work on 2022-01-03 03:05:44                                                   |
+----------------------------------------------------------------------------------------------------+
1 row in set (0.00 sec)

mysql> select concat('We will get back  to work on ', DATE_SUB(date_add(now(), interval 4 day),INTERVAL 1 DAY_HOUR) );
+---------------------------------------------------------------------------------------------------------+
| concat('We will get back  to work on ', DATE_SUB(date_add(now(), interval 4 day),INTERVAL 1 DAY_HOUR) ) |
+---------------------------------------------------------------------------------------------------------+
| We will get back  to work on 2022-01-04 02:05:52                                                        |
+---------------------------------------------------------------------------------------------------------+
1 row in set (0.00 sec)

mysql> select concat('We will get back  to work on ', date_add(now(), interval 4 day));
+--------------------------------------------------------------------------+
| concat('We will get back  to work on ', date_add(now(), interval 4 day)) |
+--------------------------------------------------------------------------+
| We will get back  to work on 2022-01-04 03:05:57                         |
+--------------------------------------------------------------------------+
1 row in set (0.00 sec)

mysql> select concat('We will get back  to work on ', DATE_SUB(date_add(now(), interval 4 day),INTERVAL 3 DAY_HOUR) );
+---------------------------------------------------------------------------------------------------------+
| concat('We will get back  to work on ', DATE_SUB(date_add(now(), interval 4 day),INTERVAL 3 DAY_HOUR) ) |
+---------------------------------------------------------------------------------------------------------+
| We will get back  to work on 2022-01-04 00:06:08                                                        |
+---------------------------------------------------------------------------------------------------------+
1 row in set (0.00 sec)

mysql> SELECT 'DATE_ADD(DATE STUFF, INTERVAL, XX STUFF), SAME FOR  DATE_SUB()' AS NOTE;
+----------------------------------------------------------------+
| NOTE                                                           |
+----------------------------------------------------------------+
| DATE_ADD(DATE STUFF, INTERVAL, XX STUFF), SAME FOR  DATE_SUB() |
+----------------------------------------------------------------+
1 row in set (0.00 sec)

mysql> SELCT * FROM PERIOD_ADD 
    -> ;
ERROR 1064 (42000): You have an error in your SQL syntax; check the manual that corresponds to your MySQL server version for the right syntax to use near 'SELCT * FROM PERIOD_ADD' at line 1
mysql> SELECT * FROM people;
+----------+------------+-----------+---------------------+
| name     | birthdate  | birthtime | birthdt             |
+----------+------------+-----------+---------------------+
| Bob      | 2021-12-30 | 10:05:55  | 2021-12-30 10:05:55 |
| Mike     | 2021-12-30 | 00:00:00  | 2021-12-30 00:00:00 |
| Jack     | 2022-01-01 | 23:59:59  | 2022-01-01 23:59:59 |
| New born | 2021-12-31 | 02:02:08  | 2021-12-31 02:02:08 |
+----------+------------+-----------+---------------------+
4 rows in set (0.00 sec)

mysql> select concat('We will get back  to work on ', date_add(now(), interval 4 QUARTOR));
ERROR 1064 (42000): You have an error in your SQL syntax; check the manual that corresponds to your MySQL server version for the right syntax to use near 'QUARTOR))' at line 1
mysql> select concat('We will get back  to work on ', date_add(now(), interval 4 QUARTER));
+------------------------------------------------------------------------------+
| concat('We will get back  to work on ', date_add(now(), interval 4 QUARTER)) |
+------------------------------------------------------------------------------+
| We will get back  to work on 2022-12-31 03:09:52                             |
+------------------------------------------------------------------------------+
1 row in set (0.00 sec)

mysql> select concat('We will get back  to work on ', date_add(now(), interval 1 QUARTER));
+------------------------------------------------------------------------------+
| concat('We will get back  to work on ', date_add(now(), interval 1 QUARTER)) |
+------------------------------------------------------------------------------+
| We will get back  to work on 2022-03-31 03:10:22                             |
+------------------------------------------------------------------------------+
1 row in set (0.00 sec)

mysql> SELECT "DATE_ADD(DATE INTERVAL XX QUARTER) WHERE XX=1,2,3,4 is simply adding multiple of 3 months"as note;
+-------------------------------------------------------------------------------------------+
| note                                                                                      |
+-------------------------------------------------------------------------------------------+
| DATE_ADD(DATE INTERVAL XX QUARTER) WHERE XX=1,2,3,4 is simply adding multiple of 3 months |
+-------------------------------------------------------------------------------------------+
1 row in set (0.00 sec)

mysql> SELECT "DATE_ADD(DATE STUFF, INTERVAL, XX STUFF) can be replaced with  'DATE STUFF + INTERVAL XX STUFF'. Eg., 'DATE_ADD(NOW() INTERVAL 1 DAY)' is the same as 'NOW() + INTERVAL 1 DAY'. Test it." AS NOTE;
+------------------------------------------------------------------------------------------------------------------------------------------------------------------------------------------+
| NOTE                                                                                                                                                                                     |
+------------------------------------------------------------------------------------------------------------------------------------------------------------------------------------------+
| DATE_ADD(DATE STUFF, INTERVAL, XX STUFF) can be replaced with  'DATE STUFF + INTERVAL XX STUFF'. Eg., 'DATE_ADD(NOW() INTERVAL 1 DAY)' is the same as 'NOW() + INTERVAL 1 DAY'. Test it. |
+------------------------------------------------------------------------------------------------------------------------------------------------------------------------------------------+
1 row in set (0.00 sec)

mysql> DATE_ADD(NOW() INTERVAL 1 DAY)
    -> ;
ERROR 1064 (42000): You have an error in your SQL syntax; check the manual that corresponds to your MySQL server version for the right syntax to use near 'DATE_ADD(NOW() INTERVAL 1 DAY)' at line 1
mysql> select DATE_ADD(NOW() INTERVAL 1 DAY)
    -> ;
ERROR 1064 (42000): You have an error in your SQL syntax; check the manual that corresponds to your MySQL server version for the right syntax to use near 'INTERVAL 1 DAY)' at line 1
mysql> select date_add(now(), interval 1 day);
+---------------------------------+
| date_add(now(), interval 1 day) |
+---------------------------------+
| 2022-01-01 03:17:41             |
+---------------------------------+
1 row in set (0.00 sec)

mysql> select now() + interval 1 day);
ERROR 1064 (42000): You have an error in your SQL syntax; check the manual that corresponds to your MySQL server version for the right syntax to use near ')' at line 1
mysql> select now() + interval 1 day;
+------------------------+
| now() + interval 1 day |
+------------------------+
| 2022-01-01 03:17:59    |
+------------------------+
1 row in set (0.00 sec)

mysql> select date_add(now(), interval 1 day);
+---------------------------------+
| date_add(now(), interval 1 day) |
+---------------------------------+
| 2022-01-01 03:18:05             |
+---------------------------------+
1 row in set (0.00 sec)

mysql> select date_add(now(), interval 0 day);
+---------------------------------+
| date_add(now(), interval 0 day) |
+---------------------------------+
| 2021-12-31 03:18:30             |
+---------------------------------+
1 row in set (0.00 sec)

mysql> slect * from people;
ERROR 1064 (42000): You have an error in your SQL syntax; check the manual that corresponds to your MySQL server version for the right syntax to use near 'slect * from people' at line 1
mysql> select * from people;
+----------+------------+-----------+---------------------+
| name     | birthdate  | birthtime | birthdt             |
+----------+------------+-----------+---------------------+
| Bob      | 2021-12-30 | 10:05:55  | 2021-12-30 10:05:55 |
| Mike     | 2021-12-30 | 00:00:00  | 2021-12-30 00:00:00 |
| Jack     | 2022-01-01 | 23:59:59  | 2022-01-01 23:59:59 |
| New born | 2021-12-31 | 02:02:08  | 2021-12-31 02:02:08 |
+----------+------------+-----------+---------------------+
4 rows in set (0.00 sec)

mysql> select date_add(now(), interval 1 day);
+---------------------------------+
| date_add(now(), interval 1 day) |
+---------------------------------+
| 2022-01-01 03:28:16             |
+---------------------------------+
1 row in set (0.00 sec)

mysql> select now() + interval 1 day;
+------------------------+
| now() + interval 1 day |
+------------------------+
| 2022-01-01 03:28:35    |
+------------------------+
1 row in set (0.00 sec)

mysql> select now() + interval 1 day - interval 1 minute;
+--------------------------------------------+
| now() + interval 1 day - interval 1 minute |
+--------------------------------------------+
| 2022-01-01 03:28:12                        |
+--------------------------------------------+
1 row in set (0.00 sec)

mysql> 
mysql> exit
mysql> select now() + interval 1 day;
+------------------------+
| now() + interval 1 day |
+------------------------+
| 2022-01-01 05:20:23    |
+------------------------+
1 row in set (0.00 sec)

mysql> select now(),now() + interval 1 day - interval 1 day;
+---------------------+-----------------------------------------+
| now()               | now() + interval 1 day - interval 1 day |
+---------------------+-----------------------------------------+
| 2021-12-31 05:20:58 | 2021-12-31 05:20:58                     |
+---------------------+-----------------------------------------+
1 row in set (0.00 sec)

mysql> select now(),now() + interval 1 day - interval 1 minute;
+---------------------+--------------------------------------------+
| now()               | now() + interval 1 day - interval 1 minute |
+---------------------+--------------------------------------------+
| 2021-12-31 05:21:12 | 2022-01-01 05:20:12                        |
+---------------------+--------------------------------------------+
1 row in set (0.00 sec)

mysql> seelct 'section TIMESTAMPS' AS SECTION;
ERROR 1064 (42000): You have an error in your SQL syntax; check the manual that corresponds to your MySQL server version for the right syntax to use near 'seelct 'section TIMESTAMPS' AS SECTION' at line 1
mysql> selEct 'section TIMESTAMPS' AS SECTION;
+--------------------+
| SECTION            |
+--------------------+
| section TIMESTAMPS |
+--------------------+
1 row in set (0.00 sec)

mysql> SELECT 'The main dif b/n DATETIME AND TIMESTAMP data types is the latter has a range of 1970-01-01 00:00:01 UTC to 2038-01-19 03:14:07 UTC.';
+-------------------------------------------------------------------------------------------------------------------------------------+
| The main dif b/n DATETIME AND TIMESTAMP data types is the latter has a range of 1970-01-01 00:00:01 UTC to 2038-01-19 03:14:07 UTC. |
+-------------------------------------------------------------------------------------------------------------------------------------+
| The main dif b/n DATETIME AND TIMESTAMP data types is the latter has a range of 1970-01-01 00:00:01 UTC to 2038-01-19 03:14:07 UTC. |
+-------------------------------------------------------------------------------------------------------------------------------------+
1 row in set (0.00 sec)

mysql> SELECT 'The main dif b/n DATETIME AND TIMESTAMP data types is the latter has a range of 1970-01-01 00:00:01 UTC to 2038-01-19 03:14:07 UTC. DATETIME has a range 1000-01-01 00:00:00 to 9999-12:31 23:59:59' as note;
+-----------------------------------------------------------------------------------------------------------------------------------------------------------------------------------------------------+
| note                                                                                                                                                                                                |
+-----------------------------------------------------------------------------------------------------------------------------------------------------------------------------------------------------+
| The main dif b/n DATETIME AND TIMESTAMP data types is the latter has a range of 1970-01-01 00:00:01 UTC to 2038-01-19 03:14:07 UTC. DATETIME has a range 1000-01-01 00:00:00 to 9999-12:31 23:59:59 |
+-----------------------------------------------------------------------------------------------------------------------------------------------------------------------------------------------------+
1 row in set (0.00 sec)

mysql> seelct "TIMESTAMP won't work for birthdates before 1970?! Why are we using it then? Because it takes less space compared to DATETIME." as note;
ERROR 1064 (42000): You have an error in your SQL syntax; check the manual that corresponds to your MySQL server version for the right syntax to use near 'seelct "TIMESTAMP won't work for birthdates before 1970?! Why are we using it th' at line 1
mysql> select "TIMESTAMP won't work for birthdates before 1970?! Why are we using it then? Because it takes less space compared to DATETIME." as note;
+-------------------------------------------------------------------------------------------------------------------------------+
| note                                                                                                                          |
+-------------------------------------------------------------------------------------------------------------------------------+
| TIMESTAMP won't work for birthdates before 1970?! Why are we using it then? Because it takes less space compared to DATETIME. |
+-------------------------------------------------------------------------------------------------------------------------------+
1 row in set (0.00 sec)

mysql> show tables;
ERROR 1046 (3D000): No database selected
mysql> show dtabases;
ERROR 1064 (42000): You have an error in your SQL syntax; check the manual that corresponds to your MySQL server version for the right syntax to use near 'dtabases' at line 1
mysql> show databases;
+--------------------+
| Database           |
+--------------------+
| information_schema |
| bakery_app         |
| books_db           |
| cats_app           |
| dogs_app           |
| mysql              |
| performance_schema |
| shirts_db          |
| sys                |
+--------------------+
9 rows in set (0.01 sec)

mysql> use dogs_app;
Reading table information for completion of table and column names
You can turn off this feature to get a quicker startup with -A

Database changed
mysql> CREATE TABLE comments( content VARCHAR(100), created_at TIMESTAMP DEFAULT NOW());
Query OK, 0 rows affected (0.09 sec)

mysql> DESC comments;
+------------+--------------+------+-----+-------------------+-------+
| Field      | Type         | Null | Key | Default           | Extra |
+------------+--------------+------+-----+-------------------+-------+
| content    | varchar(100) | YES  |     | NULL              |       |
| created_at | timestamp    | NO   |     | CURRENT_TIMESTAMP |       |
+------------+--------------+------+-----+-------------------+-------+
2 rows in set (0.00 sec)

mysql> INSERT INTO comments (content, created_at) VALUES ('I found this offensive');
ERROR 1136 (21S01): Column count doesn't match value count at row 1
mysql> INSERT INTO comments (content) VALUES ('I found this offensive');
Query OK, 1 row affected (0.01 sec)

mysql> select * from comments;
+------------------------+---------------------+
| content                | created_at          |
+------------------------+---------------------+
| I found this offensive | 2021-12-31 05:36:36 |
+------------------------+---------------------+
1 row in set (0.00 sec)

mysql> INSERT INTO comments (content) VALUES ('Lol. That wasa hilarious!');
Query OK, 1 row affected (0.01 sec)

mysql> select * from comments;
+---------------------------+---------------------+
| content                   | created_at          |
+---------------------------+---------------------+
| I found this offensive    | 2021-12-31 05:36:36 |
| Lol. That wasa hilarious! | 2021-12-31 05:37:23 |
+---------------------------+---------------------+
2 rows in set (0.00 sec)

mysql> INSERT INTO comments (content) VALUES ('wow. Amazing! #funny');
Query OK, 1 row affected (0.01 sec)

mysql> select * from comments;
+---------------------------+---------------------+
| content                   | created_at          |
+---------------------------+---------------------+
| I found this offensive    | 2021-12-31 05:36:36 |
| Lol. That wasa hilarious! | 2021-12-31 05:37:23 |
| wow. Amazing! #funny      | 2021-12-31 05:38:33 |
+---------------------------+---------------------+
3 rows in set (0.00 sec)

mysql> select * from comments desc;
ERROR 1064 (42000): You have an error in your SQL syntax; check the manual that corresponds to your MySQL server version for the right syntax to use near 'desc' at line 1
mysql> select * from comments ORDER BY created_at  desc;
+---------------------------+---------------------+
| content                   | created_at          |
+---------------------------+---------------------+
| wow. Amazing! #funny      | 2021-12-31 05:38:33 |
| Lol. That wasa hilarious! | 2021-12-31 05:37:23 |
| I found this offensive    | 2021-12-31 05:36:36 |
+---------------------------+---------------------+
3 rows in set (0.00 sec)

mysql> select 'the way ORDER BY created_at desc worked is based on the number of days or any unit of time relative to 1970-01-01 00-00-01. So, the latest comment the farthest in time unit from that fixed date.' as note;
+----------------------------------------------------------------------------------------------------------------------------------------------------------------------------------------------------+
| note                                                                                                                                                                                               |
+----------------------------------------------------------------------------------------------------------------------------------------------------------------------------------------------------+
| the way ORDER BY created_at desc worked is based on the number of days or any unit of time relative to 1970-01-01 00-00-01. So, the latest comment the farthest in time unit from that fixed date. |
+----------------------------------------------------------------------------------------------------------------------------------------------------------------------------------------------------+
1 row in set (0.00 sec)

mysql> CREATE TABLE comments2(content VARCHAR(100), created_at TIMESTAMP DEFAULT NOW()) ON UPDATE CURRENT_TIMESTAMP();
ERROR 1064 (42000): You have an error in your SQL syntax; check the manual that corresponds to your MySQL server version for the right syntax to use near 'ON UPDATE CURRENT_TIMESTAMP()' at line 1
mysql> CREATE TABLE comments2 (content VARCHAR(100), created_at TIMESTAMP DEFAULT NOW()) ON UPDATE CURRENT_TIMESTAMP;
ERROR 1064 (42000): You have an error in your SQL syntax; check the manual that corresponds to your MySQL server version for the right syntax to use near 'ON UPDATE CURRENT_TIMESTAMP' at line 1
mysql> CREATE TABLE comments2 (content VARCHAR(100), created_at TIMESTAMP DEFAULT NOW() ON UPDATE CURRENT_TIMESTAMP);
Query OK, 0 rows affected (0.11 sec)

mysql> 
mysql> 
mysql> 
mysql> 
mysql> 
mysql> 
mysql> DESC COMMENTS2
    -> ;
ERROR 1146 (42S02): Table 'dogs_app.COMMENTS2' doesn't exist
mysql> DESC comments2;
+------------+--------------+------+-----+-------------------+-----------------------------+
| Field      | Type         | Null | Key | Default           | Extra                       |
+------------+--------------+------+-----+-------------------+-----------------------------+
| content    | varchar(100) | YES  |     | NULL              |                             |
| created_at | timestamp    | NO   |     | CURRENT_TIMESTAMP | on update CURRENT_TIMESTAMP |
+------------+--------------+------+-----+-------------------+-----------------------------+
2 rows in set (0.00 sec)

mysql> INSERT INTO comments2 (content) VALUES ('LMAO');
Query OK, 1 row affected (0.01 sec)

mysql> SELECT * from comments2;
+---------+---------------------+
| content | created_at          |
+---------+---------------------+
| LMAO    | 2021-12-31 05:46:01 |
+---------+---------------------+
1 row in set (0.00 sec)

mysql> INSERT INTO comments2 (content) VALUES ('Hi everyone, good day.');
Query OK, 1 row affected (0.01 sec)

mysql> SELECT * from comments2;
+------------------------+---------------------+
| content                | created_at          |
+------------------------+---------------------+
| LMAO                   | 2021-12-31 05:46:01 |
| Hi everyone, good day. | 2021-12-31 05:46:47 |
+------------------------+---------------------+
2 rows in set (0.00 sec)

mysql> UPDATE comments2 SET content="Laughing my ass off." WHERE content='LMAO'; 
Query OK, 1 row affected (0.02 sec)
Rows matched: 1  Changed: 1  Warnings: 0

mysql> SELECT * from comments2;
+------------------------+---------------------+
| content                | created_at          |
+------------------------+---------------------+
| Laughing my ass off.   | 2021-12-31 05:49:21 |
| Hi everyone, good day. | 2021-12-31 05:46:47 |
+------------------------+---------------------+
2 rows in set (0.00 sec)

mysql> SELECT * from comments2 ORDER BY changed_at desc;
ERROR 1054 (42S22): Unknown column 'changed_at' in 'order clause'
mysql> SELECT * from comments2 ORDER BY changed_at;
ERROR 1054 (42S22): Unknown column 'changed_at' in 'order clause'
mysql> SELECT * from comments2 ORDER BY created_at;
+------------------------+---------------------+
| content                | created_at          |
+------------------------+---------------------+
| Hi everyone, good day. | 2021-12-31 05:46:47 |
| Laughing my ass off.   | 2021-12-31 05:49:21 |
+------------------------+---------------------+
2 rows in set (0.00 sec)
mysql> use bppks_db;
ERROR 1049 (42000): Unknown database 'bppks_db'
mysql> use books_db;
Reading table information for completion of table and column names
You can turn off this feature to get a quicker startup with -A

Database changed
mysql> select * from books;
+---------+-----------------------------------------------------+--------------+----------------+---------------+----------------+-------+
| book_id | title                                               | author_fname | author_lname   | released_year | stock_quantity | pages |
+---------+-----------------------------------------------------+--------------+----------------+---------------+----------------+-------+
|       1 | The Namesake                                        | Jhumpa       | Lahiri         |          2003 | 32             |   291 |
|       2 | Norse Mythology                                     | Neil         | Gaiman         |          2016 | 43             |   304 |
|       3 | American Gods                                       | Neil         | Gaiman         |          2001 | 12             |   465 |
|       4 | Interpreter of Maladies                             | Jhumpa       | Lahiri         |          1996 | 97             |   198 |
|       5 | A Hologram for the King: A Novel                    | Dave         | Eggers         |          2012 | 154            |   352 |
|       6 | The Circle                                          | Dave         | Eggers         |          2013 | 26             |   504 |
|       7 | The Amazing Adventures of Kavalier & Clay           | Michael      | Chabon         |          2000 | 68             |   634 |
|       8 | Just Kids                                           | Patti        | Smith          |          2010 | 55             |   304 |
|       9 | A Heartbreaking Work of Staggering Genius           | Dave         | Eggers         |          2001 | 104            |   437 |
|      10 | Coraline                                            | Neil         | Gaiman         |          2003 | 100            |   208 |
|      11 | What We Talk About When We Talk About Love: Stories | Raymond      | Carver         |          1981 | 23             |   176 |
|      12 | Where I'm Calling From: Selected Stories            | Raymond      | Carver         |          1989 | 12             |   526 |
|      13 | White Noise                                         | Don          | DeLillo        |          1985 | 49             |   320 |
|      14 | Cannery Row                                         | John         | Steinbeck      |          1945 | 95             |   181 |
|      15 | Oblivion: Stories                                   | David        | Foster Wallace |          2004 | 172            |   329 |
|      16 | Consider the Lobster                                | David        | Foster Wallace |          2005 | 92             |   343 |
|      17 | 10% Happier                                         | Dan          | Harris         |          2014 | 29             |   256 |
|      18 | fake_book                                           | Freida       | Harris         |          2001 | 287            |   428 |
|      19 | Lincoln In The Bardo                                | George       | Saunders       |          2017 | 1000           |   367 |
+---------+-----------------------------------------------------+--------------+----------------+---------------+----------------+-------+
19 rows in set (0.00 sec)

mysql> select author_lname CASE WHEN pages between 150 and 300 THEN concat_ws(' ',author_lname, 'wrote a middium length book) WHEN pages>300 THEN concat_ws(' ',author_lname, 'wrote a long book.') ELSE concat_ws(' ', author_lname, 'wrote a short novel.') END AS 'author last name vs book lenght) from books;
ERROR 1064 (42000): You have an error in your SQL syntax; check the manual that corresponds to your MySQL server version for the right syntax to use near 'CASE WHEN pages between 150 and 300 THEN concat_ws(' ',author_lname, 'wrote a mi' at line 1
mysql> select author_lname CASE WHEN pages between 150 and 300 THEN concat_ws(' ',author_lname, 'wrote a middium length book.') WHEN pages>300 THEN concat_ws(' ',author_lname, 'wrote a long book.') ELSE concat_ws(' ', author_lname, 'wrote a short novel.') END AS 'author last name vs book lenght) from books;
    '> select author_lname CASE WHEN pages between 150 and 300 THEN concat_ws(' ',author_lname, 'wrote a middium length book.') WHEN pages>300 THEN concat_ws(' ',author_lname, 'wrote a long book.') ELSE concat_ws(' ', author_lname, 'wrote a short novel.') END AS 'author last name vs book length' from books;
    '> ^C
mysql> source q1.sql
+----------------+-------+----------------------------------------+
| author_lname   | pages | author last name vs book length        |
+----------------+-------+----------------------------------------+
| Lahiri         |   291 | Lahiri wrote a middium length book.    |
| Gaiman         |   304 | Gaiman wrote a long book.              |
| Gaiman         |   465 | Gaiman wrote a long book.              |
| Lahiri         |   198 | Lahiri wrote a middium length book.    |
| Eggers         |   352 | Eggers wrote a long book.              |
| Eggers         |   504 | Eggers wrote a long book.              |
| Chabon         |   634 | Chabon wrote a long book.              |
| Smith          |   304 | Smith wrote a long book.               |
| Eggers         |   437 | Eggers wrote a long book.              |
| Gaiman         |   208 | Gaiman wrote a middium length book.    |
| Carver         |   176 | Carver wrote a middium length book.    |
| Carver         |   526 | Carver wrote a long book.              |
| DeLillo        |   320 | DeLillo wrote a long book.             |
| Steinbeck      |   181 | Steinbeck wrote a middium length book. |
| Foster Wallace |   329 | Foster Wallace wrote a long book.      |
| Foster Wallace |   343 | Foster Wallace wrote a long book.      |
| Harris         |   256 | Harris wrote a middium length book.    |
| Harris         |   428 | Harris wrote a long book.              |
| Saunders       |   367 | Saunders wrote a long book.            |
+----------------+-------+----------------------------------------+
19 rows in set (0.00 sec)

mysql> source q1.sql
+----------------+-------+-----------------------------------+
| author_lname   | pages | author last name vs book length   |
+----------------+-------+-----------------------------------+
| Lahiri         |   291 | Lahiri wrote a short novel.       |
| Gaiman         |   304 | Gaiman wrote a long book.         |
| Gaiman         |   465 | Gaiman wrote a long book.         |
| Lahiri         |   198 | Lahiri wrote a short novel.       |
| Eggers         |   352 | Eggers wrote a long book.         |
| Eggers         |   504 | Eggers wrote a long book.         |
| Chabon         |   634 | Chabon wrote a long book.         |
| Smith          |   304 | Smith wrote a long book.          |
| Eggers         |   437 | Eggers wrote a long book.         |
| Gaiman         |   208 | Gaiman wrote a short novel.       |
| Carver         |   176 | Carver wrote a short novel.       |
| Carver         |   526 | Carver wrote a long book.         |
| DeLillo        |   320 | DeLillo wrote a long book.        |
| Steinbeck      |   181 | Steinbeck wrote a short novel.    |
| Foster Wallace |   329 | Foster Wallace wrote a long book. |
| Foster Wallace |   343 | Foster Wallace wrote a long book. |
| Harris         |   256 | Harris wrote a short novel.       |
| Harris         |   428 | Harris wrote a long book.         |
| Saunders       |   367 | Saunders wrote a long book.       |
+----------------+-------+-----------------------------------+
19 rows in set (0.00 sec)

mysql> source q1.sql
+----------------+-------+----------------------------------------+
| author_lname   | pages | author last name vs book length        |
+----------------+-------+----------------------------------------+
| Lahiri         |   291 | Lahiri wrote a middium length book.    |
| Gaiman         |   304 | Gaiman wrote a long book.              |
| Gaiman         |   465 | Gaiman wrote a long book.              |
| Lahiri         |   198 | Lahiri wrote a middium length book.    |
| Eggers         |   352 | Eggers wrote a long book.              |
| Eggers         |   504 | Eggers wrote a long book.              |
| Chabon         |   634 | Chabon wrote a long book.              |
| Smith          |   304 | Smith wrote a long book.               |
| Eggers         |   437 | Eggers wrote a long book.              |
| Gaiman         |   208 | Gaiman wrote a middium length book.    |
| Carver         |   176 | Carver wrote a short novel.            |
| Carver         |   526 | Carver wrote a long book.              |
| DeLillo        |   320 | DeLillo wrote a long book.             |
| Steinbeck      |   181 | Steinbeck wrote a middium length book. |
| Foster Wallace |   329 | Foster Wallace wrote a long book.      |
| Foster Wallace |   343 | Foster Wallace wrote a long book.      |
| Harris         |   256 | Harris wrote a middium length book.    |
| Harris         |   428 | Harris wrote a long book.              |
| Saunders       |   367 | Saunders wrote a long book.            |
+----------------+-------+----------------------------------------+
19 rows in set (0.00 sec)

mysql> select 15>14 and 99-5 <-94;
+---------------------+
| 15>14 and 99-5 <-94 |
+---------------------+
|                   0 |
+---------------------+
1 row in set (0.00 sec)

mysql> select 15>14 OR 99-5 <-94;
+--------------------+
| 15>14 OR 99-5 <-94 |
+--------------------+
|                  1 |
+--------------------+
1 row in set (0.00 sec)

mysql> select 15>14 AND 99-5 =-94;
+---------------------+
| 15>14 AND 99-5 =-94 |
+---------------------+
|                   0 |
+---------------------+
1 row in set (0.00 sec)

mysql> select 15>14 AND 99-5 =94;
+--------------------+
| 15>14 AND 99-5 =94 |
+--------------------+
|                  1 |
+--------------------+
1 row in set (0.00 sec)

mysql> SEELCT CONCAT( 1 + 1 '=' 2);
ERROR 1064 (42000): You have an error in your SQL syntax; check the manual that corresponds to your MySQL server version for the right syntax to use near 'SEELCT CONCAT( 1 + 1 '=' 2)' at line 1
mysql> SEELCT CONCAT( SUM(1, 1), '=', 2);
ERROR 1064 (42000): You have an error in your SQL syntax; check the manual that corresponds to your MySQL server version for the right syntax to use near 'SEELCT CONCAT( SUM(1, 1), '=', 2)' at line 1
mysql> SELECT CONCAT( SUM(1, 1), '=', 2);
ERROR 1064 (42000): You have an error in your SQL syntax; check the manual that corresponds to your MySQL server version for the right syntax to use near ' 1), '=', 2)' at line 1
mysql> SELECT CONCAT(1+ 1, '=', 2);
+----------------------+
| CONCAT(1+ 1, '=', 2) |
+----------------------+
| 2=2                  |
+----------------------+
1 row in set (0.00 sec)

mysql> SELECT CONCAT(1+ 1, '=');
+-------------------+
| CONCAT(1+ 1, '=') |
+-------------------+
| 2=                |
+-------------------+
1 row in set (0.00 sec)

mysql> SELECT CONCAT('1 + 1 = ',1 + 1);
+--------------------------+
| CONCAT('1 + 1 = ',1 + 1) |
+--------------------------+
| 1 + 1 = 2                |
+--------------------------+
1 row in set (0.00 sec)

mysql> SELECT 1 IN (5,3);
+------------+
| 1 IN (5,3) |
+------------+
|          0 |
+------------+
1 row in set (0.00 sec)

mysql> SELECT 1 IN (5,3) OR 9 BETWEEN 8 AND 10;
+----------------------------------+
| 1 IN (5,3) OR 9 BETWEEN 8 AND 10 |
+----------------------------------+
|                                1 |
+----------------------------------+
1 row in set (0.00 sec)

mysql> SELECT title, released_year from books where released_year >1980;
+-----------------------------------------------------+---------------+
| title                                               | released_year |
+-----------------------------------------------------+---------------+
| The Namesake                                        |          2003 |
| Norse Mythology                                     |          2016 |
| American Gods                                       |          2001 |
| Interpreter of Maladies                             |          1996 |
| A Hologram for the King: A Novel                    |          2012 |
| The Circle                                          |          2013 |
| The Amazing Adventures of Kavalier & Clay           |          2000 |
| Just Kids                                           |          2010 |
| A Heartbreaking Work of Staggering Genius           |          2001 |
| Coraline                                            |          2003 |
| What We Talk About When We Talk About Love: Stories |          1981 |
| Where I'm Calling From: Selected Stories            |          1989 |
| White Noise                                         |          1985 |
| Oblivion: Stories                                   |          2004 |
| Consider the Lobster                                |          2005 |
| 10% Happier                                         |          2014 |
| fake_book                                           |          2001 |
| Lincoln In The Bardo                                |          2017 |
+-----------------------------------------------------+---------------+
18 rows in set (0.00 sec)

mysql> SELECT title, author_lname from books where author_lname in ('Eggers','Chabon');
+-------------------------------------------+--------------+
| title                                     | author_lname |
+-------------------------------------------+--------------+
| A Hologram for the King: A Novel          | Eggers       |
| The Circle                                | Eggers       |
| The Amazing Adventures of Kavalier & Clay | Chabon       |
| A Heartbreaking Work of Staggering Genius | Eggers       |
+-------------------------------------------+--------------+
4 rows in set (0.00 sec)

mysql> SELECT title, author_lname from books where author_lname='Lahiri' AND released_year>2000;
+--------------+--------------+
| title        | author_lname |
+--------------+--------------+
| The Namesake | Lahiri       |
+--------------+--------------+
1 row in set (0.00 sec)

mysql> SELECT title, released_year, author_lname from books where author_lname='Lahiri' AND released_year>2000;
+--------------+---------------+--------------+
| title        | released_year | author_lname |
+--------------+---------------+--------------+
| The Namesake |          2003 | Lahiri       |
+--------------+---------------+--------------+
1 row in set (0.00 sec)

mysql> select " let's try the above using CASE"; AS Try;
+---------------------------------+
| let's try the above using CASE  |
+---------------------------------+
|  let's try the above using CASE |
+---------------------------------+
1 row in set (0.00 sec)

ERROR 1064 (42000): You have an error in your SQL syntax; check the manual that corresponds to your MySQL server version for the right syntax to use near 'AS Try' at line 1
mysql> select " let's try the above using CASE" AS Try;
+---------------------------------+
| Try                             |
+---------------------------------+
|  let's try the above using CASE |
+---------------------------------+
1 row in set (0.00 sec)

mysql> SELECT title, released_year, author_lname from books CASE WHEN  author_lname='Lahiri' AND released_year>2000 THEN CONCAT_WS(' ', author_lname wrote, title, 'before', released_year) END AS HISTORY FROM books;
ERROR 1064 (42000): You have an error in your SQL syntax; check the manual that corresponds to your MySQL server version for the right syntax to use near 'CASE WHEN  author_lname='Lahiri' AND released_year>2000 THEN CONCAT_WS(' ', auth' at line 1
mysql> SELECT title, released_year, author_lname CASE WHEN  author_lname='Lahiri' AND released_year>2000 THEN CONCAT_WS(' ', author_lname wrote, title, 'before', released_year) END AS HISTORY FROM books;
ERROR 1064 (42000): You have an error in your SQL syntax; check the manual that corresponds to your MySQL server version for the right syntax to use near 'CASE WHEN  author_lname='Lahiri' AND released_year>2000 THEN CONCAT_WS(' ', auth' at line 1
mysql> SELECT title, released_year, author_lname CASE WHEN  author_lname='Lahiri' AND released_year>2000 THEN CONCAT_WS(' ', author_lname, 'wrote', title, 'before', released_year) END AS HISTORY FROM books;
ERROR 1064 (42000): You have an error in your SQL syntax; check the manual that corresponds to your MySQL server version for the right syntax to use near 'CASE WHEN  author_lname='Lahiri' AND released_year>2000 THEN CONCAT_WS(' ', auth' at line 1
mysql> SELECT title, released_year, author_lname, CASE WHEN  author_lname='Lahiri' AND released_year<2000 THEN CONCAT_WS(' ', author_lname, 'wrote', title, 'before', released_year) ELSE CONCAT_WS(' ', author_lname, 'did not write a book before', released_year) END AS HISTORY FROM books;
+-----------------------------------------------------+---------------+----------------+--------------------------------------------------+
| title                                               | released_year | author_lname   | HISTORY                                          |
+-----------------------------------------------------+---------------+----------------+--------------------------------------------------+
| The Namesake                                        |          2003 | Lahiri         | Lahiri did not write a book before 2003          |
| Norse Mythology                                     |          2016 | Gaiman         | Gaiman did not write a book before 2016          |
| American Gods                                       |          2001 | Gaiman         | Gaiman did not write a book before 2001          |
| Interpreter of Maladies                             |          1996 | Lahiri         | Lahiri wrote Interpreter of Maladies before 1996 |
| A Hologram for the King: A Novel                    |          2012 | Eggers         | Eggers did not write a book before 2012          |
| The Circle                                          |          2013 | Eggers         | Eggers did not write a book before 2013          |
| The Amazing Adventures of Kavalier & Clay           |          2000 | Chabon         | Chabon did not write a book before 2000          |
| Just Kids                                           |          2010 | Smith          | Smith did not write a book before 2010           |
| A Heartbreaking Work of Staggering Genius           |          2001 | Eggers         | Eggers did not write a book before 2001          |
| Coraline                                            |          2003 | Gaiman         | Gaiman did not write a book before 2003          |
| What We Talk About When We Talk About Love: Stories |          1981 | Carver         | Carver did not write a book before 1981          |
| Where I'm Calling From: Selected Stories            |          1989 | Carver         | Carver did not write a book before 1989          |
| White Noise                                         |          1985 | DeLillo        | DeLillo did not write a book before 1985         |
| Cannery Row                                         |          1945 | Steinbeck      | Steinbeck did not write a book before 1945       |
| Oblivion: Stories                                   |          2004 | Foster Wallace | Foster Wallace did not write a book before 2004  |
| Consider the Lobster                                |          2005 | Foster Wallace | Foster Wallace did not write a book before 2005  |
| 10% Happier                                         |          2014 | Harris         | Harris did not write a book before 2014          |
| fake_book                                           |          2001 | Harris         | Harris did not write a book before 2001          |
| Lincoln In The Bardo                                |          2017 | Saunders       | Saunders did not write a book before 2017        |
+-----------------------------------------------------+---------------+----------------+--------------------------------------------------+
19 rows in set (0.00 sec)

mysql> SELECT title, released_year, author_lname, CASE WHEN  author_lname='Lahiri' AND released_year<2000 THEN CONCAT_WS(' ', author_lname, 'wrote', title, 'before', released_year)  END AS HISTORY FROM books;
+-----------------------------------------------------+---------------+----------------+--------------------------------------------------+
| title                                               | released_year | author_lname   | HISTORY                                          |
+-----------------------------------------------------+---------------+----------------+--------------------------------------------------+
| The Namesake                                        |          2003 | Lahiri         | NULL                                             |
| Norse Mythology                                     |          2016 | Gaiman         | NULL                                             |
| American Gods                                       |          2001 | Gaiman         | NULL                                             |
| Interpreter of Maladies                             |          1996 | Lahiri         | Lahiri wrote Interpreter of Maladies before 1996 |
| A Hologram for the King: A Novel                    |          2012 | Eggers         | NULL                                             |
| The Circle                                          |          2013 | Eggers         | NULL                                             |
| The Amazing Adventures of Kavalier & Clay           |          2000 | Chabon         | NULL                                             |
| Just Kids                                           |          2010 | Smith          | NULL                                             |
| A Heartbreaking Work of Staggering Genius           |          2001 | Eggers         | NULL                                             |
| Coraline                                            |          2003 | Gaiman         | NULL                                             |
| What We Talk About When We Talk About Love: Stories |          1981 | Carver         | NULL                                             |
| Where I'm Calling From: Selected Stories            |          1989 | Carver         | NULL                                             |
| White Noise                                         |          1985 | DeLillo        | NULL                                             |
| Cannery Row                                         |          1945 | Steinbeck      | NULL                                             |
| Oblivion: Stories                                   |          2004 | Foster Wallace | NULL                                             |
| Consider the Lobster                                |          2005 | Foster Wallace | NULL                                             |
| 10% Happier                                         |          2014 | Harris         | NULL                                             |
| fake_book                                           |          2001 | Harris         | NULL                                             |
| Lincoln In The Bardo                                |          2017 | Saunders       | NULL                                             |
+-----------------------------------------------------+---------------+----------------+--------------------------------------------------+
19 rows in set (0.00 sec)

mysql> SELECT title, released_year, author_lname, CASE WHEN  author_lname='Lahiri' AND released_year<2000 THEN CONCAT_WS(' ', author_lname, 'wrote', title, 'before', released_year)  END AS HISTORY WHERE HISTORY NOT NULL FROM books;
ERROR 1064 (42000): You have an error in your SQL syntax; check the manual that corresponds to your MySQL server version for the right syntax to use near 'WHERE HISTORY NOT NULL FROM books' at line 1
mysql> SELECT title, released_year, author_lname, CASE WHEN  author_lname='Lahiri' AND released_year<2000 THEN CONCAT_WS(' ', author_lname, 'wrote', title, 'before', released_year) ELSE CONCAT_WS(' ', author_lname, 'did not write a book before 2000') END AS HISTORY FROM books;
+-----------------------------------------------------+---------------+----------------+--------------------------------------------------+
| title                                               | released_year | author_lname   | HISTORY                                          |
+-----------------------------------------------------+---------------+----------------+--------------------------------------------------+
| The Namesake                                        |          2003 | Lahiri         | Lahiri did not write a book before 2000          |
| Norse Mythology                                     |          2016 | Gaiman         | Gaiman did not write a book before 2000          |
| American Gods                                       |          2001 | Gaiman         | Gaiman did not write a book before 2000          |
| Interpreter of Maladies                             |          1996 | Lahiri         | Lahiri wrote Interpreter of Maladies before 1996 |
| A Hologram for the King: A Novel                    |          2012 | Eggers         | Eggers did not write a book before 2000          |
| The Circle                                          |          2013 | Eggers         | Eggers did not write a book before 2000          |
| The Amazing Adventures of Kavalier & Clay           |          2000 | Chabon         | Chabon did not write a book before 2000          |
| Just Kids                                           |          2010 | Smith          | Smith did not write a book before 2000           |
| A Heartbreaking Work of Staggering Genius           |          2001 | Eggers         | Eggers did not write a book before 2000          |
| Coraline                                            |          2003 | Gaiman         | Gaiman did not write a book before 2000          |
| What We Talk About When We Talk About Love: Stories |          1981 | Carver         | Carver did not write a book before 2000          |
| Where I'm Calling From: Selected Stories            |          1989 | Carver         | Carver did not write a book before 2000          |
| White Noise                                         |          1985 | DeLillo        | DeLillo did not write a book before 2000         |
| Cannery Row                                         |          1945 | Steinbeck      | Steinbeck did not write a book before 2000       |
| Oblivion: Stories                                   |          2004 | Foster Wallace | Foster Wallace did not write a book before 2000  |
| Consider the Lobster                                |          2005 | Foster Wallace | Foster Wallace did not write a book before 2000  |
| 10% Happier                                         |          2014 | Harris         | Harris did not write a book before 2000          |
| fake_book                                           |          2001 | Harris         | Harris did not write a book before 2000          |
| Lincoln In The Bardo                                |          2017 | Saunders       | Saunders did not write a book before 2000        |
+-----------------------------------------------------+---------------+----------------+--------------------------------------------------+
19 rows in set (0.00 sec)

mysql> SELECT title, released_year, author_lname, CASE WHEN  author_lname='Lahiri' AND released_year<2000 THEN CONCAT_WS(' ', author_lname, 'wrote', title, 'before 2000') ELSE CONCAT_WS(' ', author_lname, 'did not write a book before 2000') END AS HISTORY FROM books;
+-----------------------------------------------------+---------------+----------------+--------------------------------------------------+
| title                                               | released_year | author_lname   | HISTORY                                          |
+-----------------------------------------------------+---------------+----------------+--------------------------------------------------+
| The Namesake                                        |          2003 | Lahiri         | Lahiri did not write a book before 2000          |
| Norse Mythology                                     |          2016 | Gaiman         | Gaiman did not write a book before 2000          |
| American Gods                                       |          2001 | Gaiman         | Gaiman did not write a book before 2000          |
| Interpreter of Maladies                             |          1996 | Lahiri         | Lahiri wrote Interpreter of Maladies before 2000 |
| A Hologram for the King: A Novel                    |          2012 | Eggers         | Eggers did not write a book before 2000          |
| The Circle                                          |          2013 | Eggers         | Eggers did not write a book before 2000          |
| The Amazing Adventures of Kavalier & Clay           |          2000 | Chabon         | Chabon did not write a book before 2000          |
| Just Kids                                           |          2010 | Smith          | Smith did not write a book before 2000           |
| A Heartbreaking Work of Staggering Genius           |          2001 | Eggers         | Eggers did not write a book before 2000          |
| Coraline                                            |          2003 | Gaiman         | Gaiman did not write a book before 2000          |
| What We Talk About When We Talk About Love: Stories |          1981 | Carver         | Carver did not write a book before 2000          |
| Where I'm Calling From: Selected Stories            |          1989 | Carver         | Carver did not write a book before 2000          |
| White Noise                                         |          1985 | DeLillo        | DeLillo did not write a book before 2000         |
| Cannery Row                                         |          1945 | Steinbeck      | Steinbeck did not write a book before 2000       |
| Oblivion: Stories                                   |          2004 | Foster Wallace | Foster Wallace did not write a book before 2000  |
| Consider the Lobster                                |          2005 | Foster Wallace | Foster Wallace did not write a book before 2000  |
| 10% Happier                                         |          2014 | Harris         | Harris did not write a book before 2000          |
| fake_book                                           |          2001 | Harris         | Harris did not write a book before 2000          |
| Lincoln In The Bardo                                |          2017 | Saunders       | Saunders did not write a book before 2000        |
+-----------------------------------------------------+---------------+----------------+--------------------------------------------------+
19 rows in set (0.00 sec)

mysql> SELECT title, released_year, author_lname, CASE WHEN released_year<2000 THEN CONCAT_WS(' ', author_lname, 'wrote', title, 'before 2000') ELSE CONCAT_WS(' ', author_lname, 'did not write a book before 2000') END AS HISTORY FROM books;
+-----------------------------------------------------+---------------+----------------+------------------------------------------------------------------------------+
| title                                               | released_year | author_lname   | HISTORY                                                                      |
+-----------------------------------------------------+---------------+----------------+------------------------------------------------------------------------------+
| The Namesake                                        |          2003 | Lahiri         | Lahiri did not write a book before 2000                                      |
| Norse Mythology                                     |          2016 | Gaiman         | Gaiman did not write a book before 2000                                      |
| American Gods                                       |          2001 | Gaiman         | Gaiman did not write a book before 2000                                      |
| Interpreter of Maladies                             |          1996 | Lahiri         | Lahiri wrote Interpreter of Maladies before 2000                             |
| A Hologram for the King: A Novel                    |          2012 | Eggers         | Eggers did not write a book before 2000                                      |
| The Circle                                          |          2013 | Eggers         | Eggers did not write a book before 2000                                      |
| The Amazing Adventures of Kavalier & Clay           |          2000 | Chabon         | Chabon did not write a book before 2000                                      |
| Just Kids                                           |          2010 | Smith          | Smith did not write a book before 2000                                       |
| A Heartbreaking Work of Staggering Genius           |          2001 | Eggers         | Eggers did not write a book before 2000                                      |
| Coraline                                            |          2003 | Gaiman         | Gaiman did not write a book before 2000                                      |
| What We Talk About When We Talk About Love: Stories |          1981 | Carver         | Carver wrote What We Talk About When We Talk About Love: Stories before 2000 |
| Where I'm Calling From: Selected Stories            |          1989 | Carver         | Carver wrote Where I'm Calling From: Selected Stories before 2000            |
| White Noise                                         |          1985 | DeLillo        | DeLillo wrote White Noise before 2000                                        |
| Cannery Row                                         |          1945 | Steinbeck      | Steinbeck wrote Cannery Row before 2000                                      |
| Oblivion: Stories                                   |          2004 | Foster Wallace | Foster Wallace did not write a book before 2000                              |
| Consider the Lobster                                |          2005 | Foster Wallace | Foster Wallace did not write a book before 2000                              |
| 10% Happier                                         |          2014 | Harris         | Harris did not write a book before 2000                                      |
| fake_book                                           |          2001 | Harris         | Harris did not write a book before 2000                                      |
| Lincoln In The Bardo                                |          2017 | Saunders       | Saunders did not write a book before 2000                                    |
+-----------------------------------------------------+---------------+----------------+------------------------------------------------------------------------------+
19 rows in set (0.00 sec)

mysql> SEELCT * FROM books where substr(author_lname,1) in ('C%','S%'); 
ERROR 1064 (42000): You have an error in your SQL syntax; check the manual that corresponds to your MySQL server version for the right syntax to use near 'SEELCT * FROM books where substr(author_lname,1) in ('C%','S%')' at line 1
mysql> SELECT * FROM books where substr(author_lname,1) in ('C%','S%');
Empty set (0.00 sec)

mysql> SELECT * FROM books where substr(author_lname,1) in ('%C','%S');
Empty set (0.00 sec)

mysql> SELECT author_lname, substr(author_lname,1) from books;
+----------------+------------------------+
| author_lname   | substr(author_lname,1) |
+----------------+------------------------+
| Lahiri         | Lahiri                 |
| Gaiman         | Gaiman                 |
| Gaiman         | Gaiman                 |
| Lahiri         | Lahiri                 |
| Eggers         | Eggers                 |
| Eggers         | Eggers                 |
| Chabon         | Chabon                 |
| Smith          | Smith                  |
| Eggers         | Eggers                 |
| Gaiman         | Gaiman                 |
| Carver         | Carver                 |
| Carver         | Carver                 |
| DeLillo        | DeLillo                |
| Steinbeck      | Steinbeck              |
| Foster Wallace | Foster Wallace         |
| Foster Wallace | Foster Wallace         |
| Harris         | Harris                 |
| Harris         | Harris                 |
| Saunders       | Saunders               |
+----------------+------------------------+
19 rows in set (0.00 sec)

mysql> SELECT author_lname, substr(author_lname,1,1) from books;
+----------------+--------------------------+
| author_lname   | substr(author_lname,1,1) |
+----------------+--------------------------+
| Lahiri         | L                        |
| Gaiman         | G                        |
| Gaiman         | G                        |
| Lahiri         | L                        |
| Eggers         | E                        |
| Eggers         | E                        |
| Chabon         | C                        |
| Smith          | S                        |
| Eggers         | E                        |
| Gaiman         | G                        |
| Carver         | C                        |
| Carver         | C                        |
| DeLillo        | D                        |
| Steinbeck      | S                        |
| Foster Wallace | F                        |
| Foster Wallace | F                        |
| Harris         | H                        |
| Harris         | H                        |
| Saunders       | S                        |
+----------------+--------------------------+
19 rows in set (0.00 sec)

mysql> SELECT * FROM books where substr(author_lname,1,1) in ('%C','%S');
Empty set (0.00 sec)

mysql> SELECT * FROM books where substr(author_lname,1,1) like in ('%C','%S');
ERROR 1064 (42000): You have an error in your SQL syntax; check the manual that corresponds to your MySQL server version for the right syntax to use near 'in ('%C','%S')' at line 1
mysql> SELECT * FROM books where  author_lname like in ('%C','%S');
ERROR 1064 (42000): You have an error in your SQL syntax; check the manual that corresponds to your MySQL server version for the right syntax to use near 'in ('%C','%S')' at line 1
mysql> SELECT * FROM books where  author_lname like '%C';
Empty set (0.01 sec)

mysql> SELECT * FROM books where  author_lname like 'C%';
+---------+-----------------------------------------------------+--------------+--------------+---------------+----------------+-------+
| book_id | title                                               | author_fname | author_lname | released_year | stock_quantity | pages |
+---------+-----------------------------------------------------+--------------+--------------+---------------+----------------+-------+
|       7 | The Amazing Adventures of Kavalier & Clay           | Michael      | Chabon       |          2000 | 68             |   634 |
|      11 | What We Talk About When We Talk About Love: Stories | Raymond      | Carver       |          1981 | 23             |   176 |
|      12 | Where I'm Calling From: Selected Stories            | Raymond      | Carver       |          1989 | 12             |   526 |
+---------+-----------------------------------------------------+--------------+--------------+---------------+----------------+-------+
3 rows in set (0.00 sec)

mysql> SELECT * FROM books where substr(author_lname,1,1) like in ('C%','S%');
ERROR 1064 (42000): You have an error in your SQL syntax; check the manual that corresponds to your MySQL server version for the right syntax to use near 'in ('C%','S%')' at line 1
mysql> SELECT * FROM books where substr(author_lname,1,1) like  ('C%','S%');
ERROR 1241 (21000): Operand should contain 1 column(s)
mysql> SELECT * FROM books where  author_lname like 'C%';
+---------+-----------------------------------------------------+--------------+--------------+---------------+----------------+-------+
| book_id | title                                               | author_fname | author_lname | released_year | stock_quantity | pages |
+---------+-----------------------------------------------------+--------------+--------------+---------------+----------------+-------+
|       7 | The Amazing Adventures of Kavalier & Clay           | Michael      | Chabon       |          2000 | 68             |   634 |
|      11 | What We Talk About When We Talk About Love: Stories | Raymond      | Carver       |          1981 | 23             |   176 |
|      12 | Where I'm Calling From: Selected Stories            | Raymond      | Carver       |          1989 | 12             |   526 |
+---------+-----------------------------------------------------+--------------+--------------+---------------+----------------+-------+
3 rows in set (0.00 sec)

mysql> SELECT * FROM books where  author_lname like 'C%' OR author_lname like 'S%';
+---------+-----------------------------------------------------+--------------+--------------+---------------+----------------+-------+
| book_id | title                                               | author_fname | author_lname | released_year | stock_quantity | pages |
+---------+-----------------------------------------------------+--------------+--------------+---------------+----------------+-------+
|       7 | The Amazing Adventures of Kavalier & Clay           | Michael      | Chabon       |          2000 | 68             |   634 |
|       8 | Just Kids                                           | Patti        | Smith        |          2010 | 55             |   304 |
|      11 | What We Talk About When We Talk About Love: Stories | Raymond      | Carver       |          1981 | 23             |   176 |
|      12 | Where I'm Calling From: Selected Stories            | Raymond      | Carver       |          1989 | 12             |   526 |
|      14 | Cannery Row                                         | John         | Steinbeck    |          1945 | 95             |   181 |
|      19 | Lincoln In The Bardo                                | George       | Saunders     |          2017 | 1000           |   367 |
+---------+-----------------------------------------------------+--------------+--------------+---------------+----------------+-------+
6 rows in set (0.00 sec)

mysql>  SELECT title, author_lname,
    ->             CASE
    ->                 WHEN title like '%stories%' OR title like '%story%' THEN 'Short stories'
    ->                 WHEN title like '%Just kids%' OR title like '%Heartbreaking%' THEN 'Memoir'
    ->                 ELSE 'Novel'
    ->             END AS TYPE
    ->             from books;
+-----------------------------------------------------+----------------+---------------+
| title                                               | author_lname   | TYPE          |
+-----------------------------------------------------+----------------+---------------+
| The Namesake                                        | Lahiri         | Novel         |
| Norse Mythology                                     | Gaiman         | Novel         |
| American Gods                                       | Gaiman         | Novel         |
| Interpreter of Maladies                             | Lahiri         | Novel         |
| A Hologram for the King: A Novel                    | Eggers         | Novel         |
| The Circle                                          | Eggers         | Novel         |
| The Amazing Adventures of Kavalier & Clay           | Chabon         | Novel         |
| Just Kids                                           | Smith          | Memoir        |
| A Heartbreaking Work of Staggering Genius           | Eggers         | Memoir        |
| Coraline                                            | Gaiman         | Novel         |
| What We Talk About When We Talk About Love: Stories | Carver         | Short stories |
| Where I'm Calling From: Selected Stories            | Carver         | Short stories |
| White Noise                                         | DeLillo        | Novel         |
| Cannery Row                                         | Steinbeck      | Novel         |
| Oblivion: Stories                                   | Foster Wallace | Short stories |
| Consider the Lobster                                | Foster Wallace | Novel         |
| 10% Happier                                         | Harris         | Novel         |
| fake_book                                           | Harris         | Novel         |
| Lincoln In The Bardo                                | Saunders       | Novel         |
+-----------------------------------------------------+----------------+---------------+
19 rows in set (0.00 sec)

mysql>     SELECT author_lname, COUNT(*) AS 'COUNT' GROUP BY author_lname;
ERROR 1064 (42000): You have an error in your SQL syntax; check the manual that corresponds to your MySQL server version for the right syntax to use near 'GROUP BY author_lname' at line 1
mysql>     SELECT author_lname, COUNT(*) AS 'COUNT' GROUP BY author_lname from books;
ERROR 1064 (42000): You have an error in your SQL syntax; check the manual that corresponds to your MySQL server version for the right syntax to use near 'GROUP BY author_lname from books' at line 1
mysql>     SELECT author_lname, COUNT(*) AS 'COUNT' from books GROUP BY author_lname;
+----------------+-------+
| author_lname   | COUNT |
+----------------+-------+
| Carver         |     2 |
| Chabon         |     1 |
| DeLillo        |     1 |
| Eggers         |     3 |
| Foster Wallace |     2 |
| Gaiman         |     3 |
| Harris         |     2 |
| Lahiri         |     2 |
| Saunders       |     1 |
| Smith          |     1 |
| Steinbeck      |     1 |
+----------------+-------+
11 rows in set (0.00 sec)

mysql>     SELECT author_lname, concat(COUNT(*),' books') AS 'COUNT' from books GROUP BY author_lname;
+----------------+---------+
| author_lname   | COUNT   |
+----------------+---------+
| Carver         | 2 books |
| Chabon         | 1 books |
| DeLillo        | 1 books |
| Eggers         | 3 books |
| Foster Wallace | 2 books |
| Gaiman         | 3 books |
| Harris         | 2 books |
| Lahiri         | 2 books |
| Saunders       | 1 books |
| Smith          | 1 books |
| Steinbeck      | 1 books |
+----------------+---------+
11 rows in set (0.00 sec)

mysql> 
mysql> 
mysql> SELECT author_lname, 
    ->     CASE
    ->         WHEN COUNT(*) < 2 THEN concat(COUNT(*),' book')
    ->         ELSE concat(COUNT(*),' books')
    ->     END AS 'COUNT' 
    ->     FROM books GROUP BY author_lname;    
+----------------+---------+
| author_lname   | COUNT   |
+----------------+---------+
| Carver         | 2 books |
| Chabon         | 1 book  |
| DeLillo        | 1 book  |
| Eggers         | 3 books |
| Foster Wallace | 2 books |
| Gaiman         | 3 books |
| Harris         | 2 books |
| Lahiri         | 2 books |
| Saunders       | 1 book  |
| Smith          | 1 book  |
| Steinbeck      | 1 book  |
+----------------+---------+
11 rows in set (0.00 sec)

mysql> SELECT 'We are just getting started with MYSQL!' AS 'The next sections are what I am here for.';
+-------------------------------------------+
| The next sections are what I am here for. |
+-------------------------------------------+
| We are just getting started with MYSQL!   |
+-------------------------------------------+
1 row in set (0.00 sec)

mysql> 