Script started on 2022-01-11 04:33:01+0000
manpath: can't set the locale; make sure $LC_* and $LANG are correct
]0;root@goorm: /workspace/z/nodejs-apps[01;32mroot@goorm[00m:[01;34m/workspace/z/nodejs-apps[00m# [H[2J]0;root@goorm: /workspace/z/nodejs-apps[01;32mroot@goorm[00m:[01;34m/workspace/z/nodejs-apps[00m# cd /workspace/mysql; clear                          script ../my_bash_logs/bash_log1.txt 
Script started, file is ../my_bash_logs/bash_log1.txt
manpath: can't set the locale; make sure $LC_* and $LANG are correct
]0;root@goorm: /workspace/z/nodejs-apps[01;32mroot@goorm[00m:[01;34m/workspace/z/nodejs-apps[00m# [H[2J]0;root@goorm: /workspace/z/nodejs-apps[01;32mroot@goorm[00m:[01;34m/workspace/z/nodejs-apps[00m# cat /etc/default/locale vim /etc/default/locale [4h [4lnano /etc/default/locale [1Pvim /etc/default/locale cat /etc/default/locale [Kcat /etc/default/locale vim /etc/default/locale [4h [4lnano /etc/default/locale [1Pcat /etc/default/locale dpkg-reconfigure localeslocale-gen "en_US.UTF-8"cat /etc/default/locale script ../my_bash_logs/bash_log2.txt[16Pcd ../z/nodejs-apps//workspace/mysql; clear[6P../z/nodejs-apps//workspace/mysql; clearscript ../my_bash_logs/bash_log1.txt [14Phistory | grep 'script'[11Pnode app.js history | grep 'script'script ../my_bash_logs/bash_log1.txt [1P[4h [4l2[1P[1P[1P[1P[1P[1P[1P[1P[1P[1P[1P[1P[1P[1P[1P[1P[1P[1P[1P[1P[1P[1P[1P[1P[1P[1P[1P[1P[1P[1P[1P[1P[1P[1P[1Pt [1P [Kls
app.js  [0m[01;34mnode_modules[0m  package-lock.json  package.json
]0;root@goorm: /workspace/z/nodejs-apps[01;32mroot@goorm[00m:[01;34m/workspace/z/nodejs-apps[00m# l ls
app.js  [0m[01;34mnode_modules[0m  package-lock.json  package.json
]0;root@goorm: /workspace/z/nodejs-apps[01;32mroot@goorm[00m:[01;34m/workspace/z/nodejs-apps[00m# [H[2J]0;root@goorm: /workspace/z/nodejs-apps[01;32mroot@goorm[00m:[01;34m/workspace/z/nodejs-apps[00m# cd    [K]0;root@goorm: /workspace/z/nodejs-apps[01;32mroot@goorm[00m:[01;34m/workspace/z/nodejs-apps[00m# history 
    1  cd /workspace/mysql; clear
    2  mysql-ctl cli
    3  ls
    4  touch query.sql
    5  cd ../my_repo/
    6  ls
    7  mv ../mysql/query.sql .
    8  ls
    9  mysql-ctl cli
   10  show database
   11  mysql-ctl cli
   12  cd /workspace/mysql; clear
   13  cd /workspace/mysql; clear
   14  cd /workspace/mysql; clear
   15  cd /workspace/mysql; clear
   16  cd ../my_repo/
   17  tail -f /var/log/mysql/mysql.log
   18  sed "s/\\\040/ /g" < .mysql_history
   19  sed "s/\\\040/ /g" < ~/.mysql_history
   20  cd ../my_repo/
   21  ls
   22  mysql-ctl  cli
   23  cd /workspace/mysql; clear
   24  cat ~/.mysql_history
   25  history
   26  cd ../z
   27  git status
   28  ./commit.sh 
   29  cd ../z/
   30  mysql-ctl cli
   31  cd /workspace/mysql; clear
   32  cd ../z
   33  ls
   34  mv query.sql q.sql
   35  ls
   36  cd /workspace/mysql; clear
   37  history 
   38  cd /workspace/mysql; clear
   39  cd ../z
   40  ./commit.sh 
   41  sed "s/\\\040/ /g" < .mysql_history
   42  sed "s/\\\040/ /g" < ~/.mysql_history
   43  git status
   44  cd ../z
   45  git status
   46  git checkout -- my_sessions_log.txt
   47  git checkout -- my_session_log.txt
   48  sed "s/\\\040/ /g" < ~/.mysql_history
   49  cd ../z
   50  tee my_sessions_log.txt
   51  mysql-ctl cli
   52  cd /workspace/mysql; clear
   53  cd /workspace/mysql; clear
   54  cd /workspace/mysql; clear
   55  cd /workspace/mysql; clear
   56  cd /workspace/mysql; clear
   57  cd /workspace/mysql; clear
   58  cd /workspace/mysql; clear
   59  cd ../z/
   60  mysql-ctl cli
   61  cd /workspace/mysql; clear
   62  cd ../z
   63  mysql-ctl cli
   64  cd ../z
   65  tail my_sessions_log.txt 
   66  cd /workspace/mysql; clear
   67  cd ../z/
   68  tail my_sessions_log.txt 
   69  ./commit.sh 
   70  date
   71  date --utc 
   72  date
   73  cal
   74  calendar
   75  calendar > random_calendar.txt
   76  which python
   77  python --version
   78  rm random_calendar.txt 
   79  cd ../z
   80  mysql-ctl cli
   81  ./commit.sh 
   82  exit
   83  cd /workspace/mysql; clear
   84  cd ../z/
   85  mysql-ctl  cli
   86  cd /workspace/mysql; clear
   87  exit
   88  cd /workspace/mysql; clear
   89  tail ../z/my_sessions_log.txt 
   90  cd /workspace/mysql; clear
   91  cd /workspace/mysql; clear
   92  cd /workspace/z/;clear
   93  mysql-ctl cli
   94  cd /workspace/mysql; clear
   95  cd ../z
   96  ./commit.sh 
   97  cd /workspace/mysql; clear
   98  cd /workspace/mysql; clear
   99  cd /workspace/mysql; clear
  100  cd /workspace/mysql; clear
  101  cd /workspace/mysql; clear
  102  cd /workspace/mysql; clear
  103  CD ../Z
  104  cd ../z
  105  mysql-ctl cli
  106  cd ../z
  107  ./commit.sh 
  108  cd /workspace/mysql; clear
  109  cd ../z
  110  ls -ll
  111  mysql-ctl cli
  112  cd /workspace/mysql; clear
  113  cd /workspace/mysql; clear
  114  cd /workspace/mysql; clear
  115  cd /workspace/mysql; clear
  116  cd ../z/
  117  mysql-ctl cli
  118  cd /workspace/mysql; clear
  119  cd /workspace/mysql; clear
  120  cd /workspace/mysql; clear
  121  cd /workspace/mysql; clear
  122  ../z/commit.sh 
  123  cd ../z/
  124  mysql-ctl cli
  125  cd /workspace/mysql; clear
  126  cd /workspace/mysql; clear
  127  cd /workspace/mysql; clear
  128  cd /workspace/mysql; clear
  129  cd ../z
  130  mysql-ctl cli
  131  cd /workspace/mysql; clear
  132  cd ../z
  133  tail -100 my_sessions_log1.txt 
  134  cd ../z
  135  mysql-ctl cli
  136  cd /workspace/mysql; clear
  137  cd /workspace/mysql; clear
  138  cd /workspace/mysql; clear
  139  cd /workspace/mysql; clear
  140  cd /workspace/mysql; clear
  141  tail  ../z/my_sessions_log1.txt 
  142  tail -100  ../z/my_sessions_log1.txt 
  143  tail -200  ../z/my_sessions_log1.txt 
  144  cd ../z
  145  ./commit.sh 
  146  cd ../z
  147  ./commit.sh 
  148  mysql-ctl cli
  149  cd /workspace/mysql; clear
  150  cd /workspace/mysql; clear
  151  cd /workspace/mysql; clear
  152  cd /workspace/mysql; clear
  153  cd /workspace/mysql; clear
  154  cd ../z
  155  tail -200 my_sessions_log1.txt
  156  tail  my_sessions_log1.txt
  157  cd /workspace/mysql; clear
  158  CD ../Z
  159  cd ../
  160  cd z
  161  tail -200 my_sessions_log1.txt 
  162  tail -100 my_sessions_log1.txt 
  163  wc -l my_sessions_log1.txt 
  164  tail -100 my_sessions_log1.txt 
  165  tail -150 my_sessions_log1.txt 
  166  wc -l my_sessions_log1.txt 
  167  tail -500 my_sessions_log1.txt | head -100
  168  wc -l my_sessions_log1.txt 
  169  tail -500 my_sessions_log1.txt | head -100
  170  tail -00 my_sessions_log1.txt 
  171  tail -100 my_sessions_log1.txt 
  172  wc -l my_sessions_log1.txt 
  173  ./commit.sh 
  174  cd ../z
  175  mysql-ctl cli
  176  cd /workspace/mysql; clear
  177  cd /workspace/mysql; clear
  178  cd /workspace/mysql; clear
  179  cd /workspace/mysql; clear
  180  cd /workspace/mysql; clear
  181  cd ../z
  182  mysql-ctl cli
  183  cd /workspace/mysql; clear
  184  cd ../z
  185  tree
  186  ls .git
  187  tail -100 my_sessions_log2.txt 
  188  wc -l  my_sessions_log2.txt 
  189  cd /workspace/mysql; clear
  190  cd /workspace/mysql; clear
  191  cd /workspace/mysql; clear
  192  cd /workspace/mysql; clear
  193  cd /workspace/mysql; clear
  194  cd /workspace/mysql; clear
  195  cd ../z
  196  wc-l my_sessions_log2.txt 
  197  wc -l my_sessions_log2.txt 
  198  cat  my_sessions_log2.txt 
  199  tail -50  my_sessions_log2.txt 
  200  cd ../z
  201  mysql-ctl cli
  202  cd /workspace/mysql; clear
  203  cd ../z
  204  mkdir Instagram 
  205  mv ig_clone.sql Instagram/
  206  cat my_sessions_log2.txt 
  207  cd ../z
  208  mysql-ctl 
  209  mysql-ctl  cli
  210  cd /workspace/mysql; clear
  211  cd /workspace/mysql; clear
  212  cd /workspace/mysql; clear
  213  cd /workspace/mysql; clear
  214  cd /workspace/mysql; clear
  215  cd ../z
  216  ls
  217  mysql-ctl cli
  218  ./commit.sh 
  219  cd /workspace/mysql; clear
  220  cd ../z
  221  mysql-ctl cli
  222  cd /workspace/mysql; clear
  223  tee my_sessions_log2.txt
  224  ls -ltr
  225  rm my_sessions_log2.txt 
  226  cd ../z
  227  mysql-ctl cli
  228  cd /workspace/mysql; clear
  229  cd ../z/Instagram/
  230  ls
  231  cd ../z
  232  mysql-ctl cli
  233  cd /workspace/mysql; clear
  234  cd ../z
  235  mysql-ctl cli
  236  cd /workspace/mysql; clear
  237  cd ../z
  238  mysql-ctl cli
  239  cd /workspace/mysql; clear
  240  cd ../z
  241  mysql-ctl cli
  242  ./commit.sh 
  243  cd /workspace/mysql; clear
  244  cd ../z
  245  mysql-ctl cli
  246  node --v
  247  node --version
  248  ./commit.sh 
  249  ls
  250  mkdir nodejs-apps
  251  cd nodejs-apps/
  252  echo 'hi'
  253  cat app.js 
  254  echo "console.log('Hello, World')" > app.js
  255  cat app.js 
  256  node app.js 
  257  echo "console.log('Hello, World\!')" > app.js
  258  node app.js 
  259  v=$(node -v) && if [ -z "$v" ]; do echo "console.log('Hello, World from node version-$v\!')" > app.js
  260  v=$(node -v) && if [ -z "$v" ]; do echo "console.log('Hello, World from node version-$v\!')" > app.js;done
  261  v=$(node -v) && if [ -z "$v" ] do echo "console.log('Hello, World from node version-$v\!')" > app.js;done
  262  v=$(node -v) && if [ -z "$v" ]; do printf "console.log('Hello, World from node version-$v\!')" > app.js;done
  263  if [ -z "$v" ];do echo "not empty" done;
  264  if [ -z "$v" ]; echo "not empty" done; ;
  265  if [ -z "$v" ]; echo "not empty" done
  266  if [ -z "$v" ]; echo "not empty" 
  267  if [ -z "$v" ] echo "not empty" 
  268  if [ -z "$v" ] then  echo "not empty" ; fi
  269  if [ -z "$v" ] then  echo "not empty" fi
  270  if [ -z "$v" ] then echo "\$v is empty" else   echo "\$v is NOT empty" fi; ;
  271  ls
  272  node app.js 
  273  echo 'javascript came before nodejs. It used to serve as a decorater on the cleint side. nodejs works on the backend interacting with databases. This is my understanding so far'
  274  ls
  275  cd ../
  276  ls
  277  mkdir my_bash_logs
  278  cd my_bash_logs/
  279  ls
  280  cd ../nodejs-apps/
  281  script ../my_bash_logs/bash_log0.txt
  282  node --version
  283  echo "console.log('Hello, World\!')" >> app.js 
  284  echo "\nconsole.log('Hello, World\!')" >> app.js 
  285  echo "\n">>app.js && echo "console.log('Hello, World\!')" >> app.js 
  286  echo " ">>app.js && echo "console.log('Hello, World\!')" >> app.js 
  287  node app.js 
  288  echo "node is javascript but can be used in the backend to communicate with databases etc"
  289  ls
  290  which npm
  291  npm init -y
  292  ls -l
  293  npm install faker
  294  npm install -g npm
  295  node app.js 
  296  grep 'main' package.json 
  297  grep 'main' node_modules/faker/package.json 
  298  grep 'name' package.json 
  299  grep 'name' node_modules/faker/package.json 
  300  which tree
  301  apt install tree
  302  tree ../
  303  tree .
  304  root@goorm:/workspace/z/nodejs-apps# node app.js
  305  internal/modules/cjs/loader.js:329
  306  Error: Cannot find module '/workspace/z/nodejs-apps/node_modules/faker/index.js'. Please verify that the package.json has a valid "main" entry
  307  }
  308  root@goorm:/workspace/z/nodejs-apps# node app.js
  309  internal/modules/cjs/loader.js:329
  310  Error: Cannot find module '/workspace/z/nodejs-'Hello, World from node version-$v\!')" > app.js
  260  v=$(node -v) && if [ -z "$v" ]; do echo "console.log('Hello, World from node version-$v\!')" > app.js;done
  261  v=$(node -v) && if [ -z "$v" ] do echo "console.log('Hello, World from node version-$v\!')" > app.js;done
  262  v=$(node -v) && if [ -z "$v" ]; do printf "console.log('Hello, World from node version-$v\!')" > app.js;done
  263  if [ -z "$v" ];do echo "not empty" done;
  264  if [ -z "$v" ]; echo "not empty" done; ;
  265  if [ -z "$v" ]; echo "not empty" done
  266  if [ -z "$v" ]; echo "not empty" 
  267  if [ -z "$v" ] echo "not empty" 
  268  if [ -z "$v" ] then  echo "not empty" ; fi
  269  if [ -z "$v" ] then  echo "not empty" fi
  270  if [ -z "$v" ] then echo "\$v is empty" else   echo "\$v is NOT empty" fi; ;
  271  ls
  272  node app.js 
  273  echo 'javascript came before nodejs. It used to serve as a decorater on the cleint side. nodejs works on the backend interacting with databases. This is my understanding so far'
  274  ls
  275  cd ../
  276  ls
  277  mkdir my_bash_logs
  278  cd my_bash_logs/
  279  ls
  280  cd ../nodejs-apps/
  281  script ../my_bash_logs/bash_log0.txt
  282  node --version
  283  echo "console.log('Hello, World\!')" >> app.js 
  284  echo "\nconsole.log('Hello, World\!')" >> app.js 
  285  echo "\n">>app.js && echo "console.log('Hello, World\!')" >> app.js 
  286  echo " ">>app.js && echo "console.log('Hello, World\!')" >> app.js 
  287  node app.js 
  288  echo "node is javascript but can be used in the backend to communicate with databases etc"
  289  ls
  290  which npm
  291  npm init -y
  292  ls -l
  293  npm install faker
  294  npm install -g npm
  295  node app.js 
  296  grep 'main' package.json 
  297  grep 'main' node_modules/faker/package.json 
  298  grep 'name' package.json 
  299  grep 'name' node_modules/faker/package.json 
  300  which tree
  301  apt install tree
  302  tree ../
  303  tree .
  304  root@goorm:/workspace/z/nodejs-apps# node app.js
  305  internal/modules/cjs/loader.js:329
  306  Error: Cannot find module '/workspace/z/nodejs-apps/node_modules/faker/index.js'. Please verify that the package.json has a valid "main" entry
  307  }
  308  root@goorm:/workspace/z/nodejs-apps# node app.js
  309  internal/modules/cjs/loader.js:329
  310  Error: Cannot find module '/workspace/z/nodejs-apps/node_modules/faker/index.js'. Please verify that the package.json has a valid "main" entry
  311  history | grep 'install'
  312  grep 'install' ../my_bash_logs/bash_log0.txt 
  313  grep 'npm init -y' ../my_bash_logs/bash_log0.txt 
  314  grep 'faker' ../my_bash_logs/bash_log0.txt 
  315  cd /workspace/mysql; clear
  316  vim -n /workspace/z/my_bash_logs/bash_log0.txt && exit
  317  cd ../z/nodejs-apps/
  318  cd ../my_bash_logs/
  319  ls -l
  320  vim bash_log0.txt 
  321  ls -l
  322  history | grep 'install faker'
  323  cd ../nodejs-apps/
  324  ls
  325  rm -r package*
  326  ls
  327  node app.js 
  328  npm uninstall faker
  329  ls
  330  cd node_modules/
  331  ls
  332  ls -a
  333  rm .package-lock.json 
  334  ls -a
  335  cd ../
  336  ls
  337  rm -r package*
  338  ls
  339  cd node_modules/
  340  cd ../
  341  rm -r node_modules/
  342  ls
  343  npm install faker
  344  ls
  345  node app.js 
  346  npm install faker --save
  347  node app.js 
  348  ls
  349  rm -r package*
  350  node app.js 
  351  node -v
  352  npm inti -y
  353  npm init -y
  354  node app.js 
  355  curl -o- https://raw.githubusercontent.com/nvm-sh/nvm/v0.39.0/install.sh | bash
  356  export NVM_DIR="$HOME/.nvm"
  357  [ -s "$NVM_DIR/nvm.sh" ] && \. "$NVM_DIR/nvm.sh"
  358  [ -s "$NVM_DIR/bash_completion" ] && \. "$NVM_DIR/bash_completion"
  359  nvm install 14.18
  360  node -v 
  361  node app.js 
  362  npm cache clean --force  
  363  node app.js 
  364  ls -q
  365  ls -a
  366  node app.js 
  367  npm list
  368  ls
  369  rm -rf node_modules
  370  npm cache clean
  371  npm cache verify
  37
  470  ls
  471  node
  472  node app.js 
  473  pwd
  474  ls
  475  grep main *.json
  476  grep 'dependencies'  *.json
  477  cat package.json 
  478  ls
  479  rm -rf node_modules/
  480  rm package*
  481  ls
  482  nmp init -y
  483  npm init -y
  484  cd ../
  485  npm install faker
  486  rm -rf node_modules/
  487  cd z/nodejs-apps/
  488  ls
  489  cd 
  490  cd /workspace/
  491  ls
  492  rm package-lock.json 
  493  cd z/
  494  ls
  495  cd nodejs-apps/
  496  ls
  497  npm install --save faker
  498  node
  499  ls
  500  pwd
  501  node app.js 
  502  npm install sax
  503  node
  504  rm -rf node_modules/
  505  rm package-lock.json 
  506  node app.js 
  507  cat package.json 
  508  node app.js 
  509  history | grep 'script'
  510  script ../my_bash_logs/bash_log1.txt 
  511  cd /workspace/mysql; clear
  512  cd /workspace/mysql; clear
  513  cd /workspace/mysql; clear
  514  cd /workspace/mysql; clear
  515  cd /workspace/mysql; clear
  516  cd ../z/nodejs-apps/
  517  script ../my_bash_logs/bash_log2.txt
  518  cat /etc/default/locale 
  519  locale-gen "en_US.UTF-8"
  520  dpkg-reconfigure locales
  521  cat /etc/default/locale 
  522  nano /etc/default/locale 
  523  vim /etc/default/locale 
  524  cat /etc/default/locale 
  525  ls
  526  history 
]0;root@goorm: /workspace/z/nodejs-apps[01;32mroot@goorm[00m:[01;34m/workspace/z/nodejs-apps[00m# [H[2J]0;root@goorm: /workspace/z/nodejs-apps[01;32mroot@goorm[00m:[01;34m/workspace/z/nodejs-apps[00m# which script
/usr/bin/script
]0;root@goorm: /workspace/z/nodejs-apps[01;32mroot@goorm[00m:[01;34m/workspace/z/nodejs-apps[00m# which script[4Phistory ls[Kcat /etc/default/locale vim /etc/default/locale [4h [4lnano /etc/default/locale [1Pcat /etc/default/locale dpkg-reconfigure localeslocale-gen "en_US.UTF-8"cat /etc/default/locale script ../my_bash_logs/bash_log2.txt[12Pcat /etc/default/locale 
#  File generated by update-locale
LANG=C.UTF-8
LC_ALL="en_US.UTF-8"
]0;root@goorm: /workspace/z/nodejs-apps[01;32mroot@goorm[00m:[01;34m/workspace/z/nodejs-apps[00m# cat /etc/default/locale [1P[1P[1P[4h [4lv[4h [4li[4h [4lm
[?1000h[?2004h7[?47h[?1h=[?2004h[1;16r[?12h[?12l[29m[m[H[2J[?25l[16;1H"/etc/default/locale" 3L, 69C[2;1H½[6n[2;1H  [1;1H[>c]10;?]11;?[1;1H[34m#  File generated by update-locale[m
LANG=C.UTF-8
LC_ALL=[31m"en_US.UTF-8"[m
[1m[34m~                                                                                                                                                                        [5;1H~                                                                                                                                                                        [6;1H~                                                                                                                                                                        [7;1H~                                                                                                                                                                        [8;1H~                                                                                                                                                                        [9;1H~                                                                                                                                                                        [10;1H~                                                                                                                                                                        [11;1H~                                                                                                                                                                        [12;1H~                                                                                                                                                                        [13;1H~                                                                                                                                                                        [14;1H~                                                                                                                                                                        [15;1H~                                                                                                                                                                        [m[16;152H3,20[10CAll[3;20H[?25hP+q436f\P+q6b75\P+q6b64\P+q6b72\P+q6b6c\P+q2332\P+q2334\P+q2569\P+q2a37\P+q6b31\[?1000l[?1002h[?12$pP+q6b32\P+q6b33\P+q6b34\P+q6b35\P+q6b36\[?25l[16;142H^[[3;20H[16;144HP[3;20H[16;145H0[3;20H[16;146H+[3;20H[16;147Hr[3;20H[16;148H2[3;20H[16;149H3[3;20H[16;150H3[3;20H[16;151H2[3;20H[16;142H          [3;20HP+q6b37\P+q6b38\P+q6b39\P+q6b3b\P+q4631\[?25hP+q4632\P+q2531\P+q2638\P+q6b62\P+q6b49\P+q6b44\[?25l[16;142H^[[3;20H[16;144HP[3;20H[16;145H0[3;20H[16;146H+[3;20H[16;147Hr[3;20H[16;142H      [3;20HP+q6b68\P+q4037\P+q6b50\P+q6b4e\[?25hP+q4b31\P+q4b33\P+q4b34\P+q4b35\P+q6b42\[?25l[16;142H^[[3;20H[16;142H  [3;20H[?25h[?25l[16;142H~@k[3;20H[16;142H   [2;12H[16;152H2,12[2;12H[?25h[?25l[16;142H~@k[2;12H[16;142H   [2;11H[16;155H1[2;11H[?25h[?25l[16;142H~@k[2;11H[16;142H   [2;10H[16;155H0[2;10H[?25h[?25l[16;142H~@k[2;10H[16;142H   [2;9H[16;154H9 [2;9H[?25h[?25l[16;142H~@k[2;9H[16;142H   [2;8H[16;154H8[2;8H[?25h[?25l[16;142H~@k[2;8H[16;142H   [2;7H[16;154H7[2;7H[?25h[?25l[16;142H~@k[2;7H[16;142H   [2;6H[16;154H6[2;6H[?25h[?25l[16;142H~@k[2;6H[16;142H   [2;5H[16;154H5[2;5H[?25h[?25l[16;142Hi[2;5H[16;142H [2;5H[16;1H[1m-- INSERT --[m[16;13H[K[16;152H2,5[11CAll[2;5H[?25h[?25l[16;154H4[2;4H[?25h[?25l[16;154H3[2;3H[?25h[?25l[16;154H2[2;2H[?25h[?25l[16;154H1[2;1H[?25h[?25lANG=C.UTF-8[2;12H[K[2;1H[?25h[?25lNG=C.UTF-8[2;11H[K[2;1H[?25h[?25lG=C.UTF-8[2;10H[K[2;1H[?25h[?25l=C.UTF-8[2;9H[K[2;1H[?25h[?25lC.UTF-8[2;8H[K[2;1H[?25h[?25l.UTF-8[2;7H[K[2;1H[?25h[?25lUTF-8[2;6H[K[2;1H[?25h[?25lTF-8[2;5H[K[2;1H[?25h[?25lF-8[2;4H[K[2;1H[?25h[?25l-8[2;3H[K[2;1H[?25h[?25l8[2;2H[K[2;1H[?25h[?25l[2;1H[K[2;1H[?25h[?25l[16;152H3[3;1H[?25h[?25lC_ALL=[31m"en_US.UTF-8"[m[3;20H[K[3;1H[?25h[?25l_ALL=[31m"en_US.UTF-8"[m[3;19H[K[3;1H[?25h[?25lALL=[31m"en_US.UTF-8"[m[3;18H[K[3;1H[?25h[?25lLL=[31m"en_US.UTF-8"[m[3;17H[K[3;1H[?25h[?25lL=[31m"en_US.UTF-8"[m[3;16H[K[3;1H[?25h[?25l=[31m"en_US.UTF-8"[m[3;15H[K[3;1H[?25h[?25l[31m"en_US.UTF-8"[m[3;14H[K[3;1H[?25h[?25len_US.UTF-8"[3;13H[K[3;1H[?25h[?25ln_US.UTF-8"[3;12H[K[3;1H[?25h[?25l_US.UTF-8"[3;11H[K[3;1H[?25h[?25lUS.UTF-8"[3;10H[K[3;1H[?25h[?25lS.UTF-8"[3;9H[K[3;1H[?25h[?25l.UTF-8"[3;8H[K[3;1H[?25h[?25lUTF-8"[3;7H[K[3;1H[?25h[?25lTF-8"[3;6H[K[3;1H[?25h[?25lF-8"[3;5H[K[3;1H[?25h[?25l-8"[3;4H[K[3;1H[?25h[?25l8"[3;3H[K[3;1H[?25h[?25l"[3;2H[K[3;1H[?25h[?25l[3;1H[K[3;1H[?25h[?25l[1m[34m~                                                                                                                                                                        [m[16;152H2[2;1H[?25h[?25l[1m[34m~                                                                                                                                                                        [m[16;152H1,35[1;35H[?25h[16;1H[K[1;34H[?25l[16;142H^[[1;34H[16;142H  [1;35H[16;152H1,34[10CAll[1;34H[?25h[?25l[16;142H:[1;34H[16;142H[K[16;1H:[?2004h[?25hwq![?25l[?1002l[?2004l"/etc/default/locale" 1L, 35C written
[?2004l[?1l>[?25h[2J[?47l8]0;root@goorm: /workspace/z/nodejs-apps[01;32mroot@goorm[00m:[01;34m/workspace/z/nodejs-apps[00m# [H[2J]0;root@goorm: /workspace/z/nodejs-apps[01;32mroot@goorm[00m:[01;34m/workspace/z/nodejs-apps[00m# script ../my_bash_logs/bash_log1.txt 
Script started, file is ../my_bash_logs/bash_log1.txt
manpath: can't set the locale; make sure $LC_* and $LANG are correct
]0;root@goorm: /workspace/z/nodejs-apps[01;32mroot@goorm[00m:[01;34m/workspace/z/nodejs-apps[00m# [K]0;root@goorm: /workspace/z/nodejs-apps[01;32mroot@goorm[00m:[01;34m/workspace/z/nodejs-apps[00m# script ../z/my_bash_logs/bash_log1.txt [Kscript ../z/my_bash_logs/bash_log1.txt [K[H[2J]0;root@goorm: /workspace/z/nodejs-apps[01;32mroot@goorm[00m:[01;34m/workspace/z/nodejs-apps[00m# ls  [K]0;root@goorm: /workspace/z/nodejs-apps[01;32mroot@goorm[00m:[01;34m/workspace/z/nodejs-apps[00m# [K]0;root@goorm: /workspace/z/nodejs-apps[01;32mroot@goorm[00m:[01;34m/workspace/z/nodejs-apps[00m# touch shce    schema      schema.sql
]0;root@goorm: /workspace/z/nodejs-apps[01;32mroot@goorm[00m:[01;34m/workspace/z/nodejs-apps[00m# MY  msy   mysql-ctl cli
 * Stopping MySQL database server mysqld
   ...done.

MySQL 5.7 database added.  Please make note of these credentials:

       Root User: root
   Database Name: mysql

 * Starting MySQL database server mysqld
No directory, logging in with HOME=/
   ...done.
Welcome to the MySQL monitor.  Commands end with ; or \g.
Your MySQL connection id is 4
Server version: 5.7.36-0ubuntu0.18.04.1 (Ubuntu)

Copyright (c) 2000, 2021, Oracle and/or its affiliates.

Oracle is a registered trademark of Oracle Corporation and/or its
affiliates. Other names may be trademarks of their respective
owners.

Type 'help;' or '\h' for help. Type '\c' to clear the current input statement.

mysql> use join_us;
Database changed
mysql> source shcem[K[K[K[K[Kschema.sql[K[K[K[K[K[K[K[K[K[K[K[K[K[K[K[Ktouch[K[K[K[K[Ktee my_sessions_log4.txt[4h.[4lm[4h.[4lm[4h/[4lm
Logging to file '../my_sessions_log4.txt'
mysql> source schema.sql[K[K[K[K[K[K[K[K[K[K[K[K[K[K[K[Kuse join_us;
Database changed
mysql> source schema.sql;
mysql> desc users;
ERROR 1146 (42S02): Table 'join_us.users' doesn't exist
mysql> show tables;
Empty set (0.06 sec)

mysql> -- Ok . didn't sae [Kve schema.sql. Try now.
mysql> -- Ok. didn't save schema.sql. Try now.[39Dshow tables;[K[12Ddesc users;[K[11Dsource schema.sql;
ERROR 1064 (42000): You have an error in your SQL syntax; check the manual that corresponds to your MySQL server version for the right syntax to use near 'TIMESTAMP DEFAULT NOW()    
)' at line 3
mysql> source schema.sql;
Query OK, 0 rows affected (0.07 sec)

mysql> source schema.sql;[18D-- Ok. didn't save schema.sql. Try now.[39Dshow tables;[K[12Ddesc users;[K[11Dshow tables;
+-------------------+
| Tables_in_join_us |
+-------------------+
| users             |
+-------------------+
1 row in set (0.00 sec)

mysql> show tables;[11Dource schema.sql;[18D-- Ok. didn't save schema.sql. Try now.[39Dshow tables;[K[12Ddesc users;[K
+------------+--------------+------+-----+-------------------+-------+
| Field      | Type         | Null | Key | Default           | Extra |
+------------+--------------+------+-----+-------------------+-------+
| email      | varchar(255) | NO   | PRI | NULL              |       |
| created_at | timestamp    | NO   |     | CURRENT_TIMESTAMP |       |
+------------+--------------+------+-----+-------------------+-------+
2 rows in set (0.00 sec)

mysql> inser[K[K[K[K[KINSERT INTO users ()e)m)a)i);))[Kl)) VALUES (""K"A"T"I"E""[K"[K"[K"[Ka"t"i"e"3"7"@"y"a"h"o"o"."c"o"m"", '''[K[K""G"e"o"r"e""[K"[K"[K"[Ke"o"r"g"e"@"g"m"a"i"l"."c"o"m"[4hC[4lG[4hu[4lG[4hr[4lG[4hu[4lG[4hi[4lG[4ho[4lG[4hs[4lG[PG[PG[PG[PG[PG[PG[4ho[4lG[4hu[4lG[PG[PG[PGGeorge[4h8[4l@[4h8[4l@@gmail.com";);
ERROR 1136 (21S01): Column count doesn't match value count at row 1
mysql> INSERT INTO users (email) VALUES ("Katie37@yahoo.com", "George88@gmail.com");[4h)[4l,, [4h([4l"
Query OK, 2 rows affected (0.07 sec)
Records: 2  Duplicates: 0  Warnings: 0

mysql> select * from users;
+--------------------+---------------------+
| email              | created_at          |
+--------------------+---------------------+
| George88@gmail.com | 2022-01-11 05:03:08 |
| Jakson59@yahoo.com | 2022-01-11 05:15:12 |
| Katie37@yahoo.com  | 2022-01-11 05:03:08 |
+--------------------+---------------------+
3 rows in set (0.00 sec)

mysql> select * from users;
+---------------------+---------------------+
| email               | created_at          |
+---------------------+---------------------+
| George88@gmail.com  | 2022-01-11 05:03:08 |
| Jakson59@yahoo.com  | 2022-01-11 05:15:12 |
| jeanny666@gmail.com | 2022-01-11 05:24:49 |
| jeanny777@gmail.com | 2022-01-11 05:25:17 |
| Katie37@yahoo.com   | 2022-01-11 05:03:08 |
+---------------------+---------------------+
5 rows in set (0.00 sec)

mysql> select * from users; ;o;r;d;e;r;;[K;[K;[K;[K;[Ko;r;d;e;r; ;b;y; ;c;r;e;a;t;e;d;_;a;t; ;l;i;m;i;m;t; ;;[K;[K;[K;[K;[K;[K;[Kd;e;s;c; ;l;i;m;i;t; ;1;
+--------------------------+---------------------+
| email                    | created_at          |
+--------------------------+---------------------+
| Triston_Hammes@gmail.com | 2022-01-11 05:27:40 |
+--------------------------+---------------------+
1 row in set (0.00 sec)

mysql> select * from users order by created_at desc limit 1;
+--------------------------+---------------------+
| email                    | created_at          |
+--------------------------+---------------------+
| Triston_Hammes@gmail.com | 2022-01-11 05:27:40 |
+--------------------------+---------------------+
1 row in set (0.00 sec)

mysql> select * from users order by created_at desc limit 1;[P [P [P [P 
+------------------------+---------------------+
| email                  | created_at          |
+------------------------+---------------------+
| Anais_Kris@hotmail.com | 2021-09-25 12:53:11 |
+------------------------+---------------------+
1 row in set (0.00 sec)

mysql> [H[2Jmysql> 
mysql> 
mysql> select * from users order by created_at  limit 1;;[K;[K;[K;[K;[K;[K;[K;[K;[K;[K;[K;[K;[K;[K;[K;[K;[K;[K;[K;[K;[K;[K;[K;[K;[K;[K;[K;[K;[K[4hc[4l*[4ho[4l*[4hu[4l*[4hn[4l*[4ht[4l*[4h([4l**[4h)[4l 
+----------+
| count(*) |
+----------+
|       11 |
+----------+
1 row in set (0.00 sec)

mysql> after[K[K[K[K[K-- after bulk insertion of 500 users
mysql> -- after bulk insertion of 500 users[36Dselect count(*) from users;[K
+----------+
| count(*) |
+----------+
|      511 |
+----------+
1 row in set (0.00 sec)

mysql> -- Boom!
mysql> -- Gonna g[Kdrop table now n[Kand create again with just 500 usesr[K[K[K[K[Kusers
mysql> DROP TA[KABLE users;
Query OK, 0 rows affected (0.06 sec)

mysql> source schema.sql
Query OK, 0 rows affected (0.08 sec)

mysql> desc users;
+------------+--------------+------+-----+-------------------+-------+
| Field      | Type         | Null | Key | Default           | Extra |
+------------+--------------+------+-----+-------------------+-------+
| email      | varchar(255) | NO   | PRI | NULL              |       |
| created_at | timestamp    | NO   |     | CURRENT_TIMESTAMP |       |
+------------+--------------+------+-----+-------------------+-------+
2 rows in set (0.00 sec)

mysql> select from users;
ERROR 1064 (42000): You have an error in your SQL syntax; check the manual that corresponds to your MySQL server version for the right syntax to use near 'from users' at line 1
mysql> select from users;[4h*[4lf[4h [4lf
Empty set (0.08 sec)

mysql> select * from users;[13D[2Pf[10C[18D[7Pdesc[7C[11Dsource schema.sql[17DDROP TABLE users;[17D-- Gonna drop table now and create again with just 500 users[57DBoom![K[8Dselect count(*) from users;
+----------+
| count(*) |
+----------+
|        0 |
+----------+
1 row in set (0.00 sec)

mysql> -- after bulk insert
mysql> -- after bulk insert[20Dselect count(*) from users;
+----------+
| count(*) |
+----------+
|      500 |
+----------+
1 row in set (0.00 sec)

mysql> select count(*) from users;[27D-- after bulk insert[K[20Dselect count(*) from users;[20D[7P*[12C ;l;i;m;i;t; ;5;
+------------------------------+---------------------+
| email                        | created_at          |
+------------------------------+---------------------+
| Abdullah.Sporer@hotmail.com  | 2021-09-21 17:45:30 |
| Adrien.Kautzer64@gmail.com   | 2021-02-01 01:22:40 |
| Afton.Torp@hotmail.com       | 2021-05-27 16:02:39 |
| Afton_Smitham63@gmail.com    | 2021-05-26 23:05:28 |
| Aglae.Konopelski84@gmail.com | 2021-09-04 11:27:13 |
+------------------------------+---------------------+
5 rows in set (0.00 sec)

mysql> seelc[K[K[K[K[KSELECT CRA[K[K[Kcrea[K[K[K[K created at[K[K_at from users ORDER BY 1[P [P [P [P [4hF[4l [4hR[4l [4hO[4l [4hM[4l  users ORDER BY 1 DESC LIMIT 1;
+---------------------+
| created_at          |
+---------------------+
| 2022-01-10 08:07:56 |
+---------------------+
1 row in set (0.00 sec)

mysql> SELECT created_at FROM users ORDER BY 1 DESC LIMIT 1;[4hD[4lc[4hA[4lc[4hT[4lc[4hE[4lc[4h([4lccreated_at[4h,[4l [4h'[4l [4h'[4l [4h)[4l [4h%[4l'[4hB[4l'[4h [4l'[4hD[4l'[P'[4h%[4l'[4hD[4l'[4h [4l'[4h%[4l'[4hY[4l'[P'[4hy[4l'
ERROR 1064 (42000): You have an error in your SQL syntax; check the manual that corresponds to your MySQL server version for the right syntax to use near ''%B %D %y') FROM users ORDER BY 1 DESC LIMIT 1' at line 1
mysql> SELECT DATE(created_at,'%B %D %y') FROM users ORDER BY 1 DESC LIMIT 1;'[P)[P)[P)[P)[P)[P)[P)[P)[P)[P)[P)
+------------------+
| DATE(created_at) |
+------------------+
| 2022-01-10       |
+------------------+
1 row in set (0.06 sec)

mysql> SELECT DATE(created_at) FROM users ORDER BY 1 DESC LIMIT 1;ted_atE[P([P([P([P([4hd[4l([4ha[4l([4ht[4l([4he[4l([4h_[4l([4hf[4l([4ho[4l([4hr[4l([4hm[4l([4ha[4l([4ht[4l((created_at[4h,[4l)[4h [4l)[4h'[4l)[4h'[4l)[4h%[4l'[4hD[4l'[P'[4hB[4l'[4h [4l'[4h%[4l'[4hD[4l'[4h [4l'[4h%[4l'[4hY[4l'
+-------------------------------------+
| date_format(created_at, '%B %D %Y') |
+-------------------------------------+
| B 9th 2021                          |
+-------------------------------------+
1 row in set (0.00 sec)

mysql> SELECT date_format(created_at, '%B %D %Y') FROM users ORDER BY 1 DESC LIMIT 1;[P [4hB[4l [P [4hb[4l 
+-------------------------------------+
| date_format(created_at, '%b %D %Y') |
+-------------------------------------+
| Sep 9th 2021                        |
+-------------------------------------+
1 row in set (0.00 sec)

mysql> SELECT date_format(created_at, '%b %D %Y') FROM users ORDER BY 1 DESC LIMIT 1;[4hc[4ld[4ho[4ld[4hn[4ld[4hc[4ld[4ha[4ld[4ht[4ld[4h([4ld[4h [4ld[4h'[4ld[4hT[4ld[4hh[4ld[4he[4ld[4h [4ld[4he[4ld[4ha[4ld[4hr[4ld[4hl[4ld[4hi[4ld[4he[4ld[4hs[4ld[4ht[4ld[4h [4ldd[4hd[4la[4ha[4ld[4ht[4ld[4he[4ld[4h [4ld[4ha[4ld[4h [4ld[4hu[4ld[4hs[4ld[4he[4ld[4hr[4ld[4h [4ld[4hs[4ld[4hi[4ld[4hg[4ld[4hn[4ld[4he[4ldd[4hd[4la[4h [4ld[4hu[4l[69C1 ;[A[55C[4hp[4l[68C[K ;1;[A[55C[4h [4ld[66CT1 1;[A[55C[4ht[4l[66CI T 1;[A[55C[4ho[4l[65CMTIT 1;[A[55C[4h [4l[64CII[4hM[4lI[A[59C[P[65CMM[PI[A[59C[P[66CIIT 1;[K[A[55C[P[67CTT 1;[K[A[55C[Pd[67C  1;[K[A[55C[P[68C 11;[K[A[55C[P[70C;;[K[A[55C[Pd[70C  [K[A[54C[Pa[Pd[Pd[Pd[Pd[Pd[4hj[4ld[4ho[4ld[4hi[4ld[4hn[4ld[4he[4ldd[4hd[4la[4h [4ld[4hu[4l[69C1 ;[A[55C[4hs[4l[68C[K ;1;[A[55C[4h [4ld[66CT1 1;[A[55C[4hw[4l[66CI T 1;[A[55C[4ha[4l[65CMTIT 1;[A[55C[4hs[4l[64CII[4hM[4lI[A[59C[4h [4l[63CLM[4hI[4lM[A[60C[4h:[4l[62C[K I[4hL[4lI[A[61C[4h'[4ld[60CCL[4h [4lL[A[62C[4h,[4l[60CS [4hC[4l [A[63C[4h [4l[61CEC[4hS[4lC[A[62C',date_format(created_at, '%b %D %Y')[4h)[4l[23CDS[4hE[4lS[A[100C [4h [4l[21C[K E[4hD[4lE[A[101C[4ha[4l [20C1D[4h [4lD[A[102C[4hs[4l[20C[K  [4h1[4l [A[103C [4h [4lF[17CY1[4h [4l1[A[104C[4hj[4l[18CB [4hY[4l [A[105C[4ho[4l[17C[K Y[4hB[4lY[A[106C[4hi[4l [15CRB[4h [4lB[A[107C[4hn[4l[15CE [4hR[4l [A[108C[P[16CRR[P [A[108C[P [16C  [PB[A[107C[P[17C BB[PY[A[106C[P[19CYY[P [A[105C[4hd[4l[18CB [4hY[4l [A[105C[4ha[4l[17C[K Y[4hB[4lY[A[106C[4ht[4l [15CRB[4h [4lB[A[107C[4he[4l[15CE [4hR[4l [A[108C [4h [4l[13CDR[4hE[4lR[A[109C[4hi[4l[13CRE[4hD[4lE[A[110C[4hn[4l[12COD[4hR[4lD[A[111C[4hf[4l[11C[K R[4hO[4lR[A[112C[4ho[4l [9CsO[4h [4lO[A[113C[4hr[4l[9Cr [4hs[4l [A[114C [4h [4l[7Ces[4hr[4ls[A[115C[P[8Crr[Ps[A[115C[P[10Css[P [A[114C[10Cs 
ERROR 1064 (42000): You have an error in your SQL syntax; check the manual that corresponds to your MySQL server version for the right syntax to use near 'info FROM users ORDER BY 1 DESC LIMIT 1' at line 1
mysql> SELECT concat( 'The earliest date a user joined us was : ',date_format(created_at, '%b %D %Y')) as date info FROM users  ORDER BY 1 DESC LIMIT 1;[A[125C[4h'[4l[9Cr [4hs[4l [A[114C [4h'[4l[18Ces[4hr[4ls[A[105C[18Cer
+-------------------------------------------------------+
| date info                                             |
+-------------------------------------------------------+
| The earliest date a user joined us was : Sep 9th 2021 |
+-------------------------------------------------------+
1 row in set (0.00 sec)

mysql> SELECT concat( 'The earliest date a user joined us was : ',date_format(created_at, '%b %D %Y')) as 'date info' FROM use rs ORDER BY 1 DESC LIMIT 1;[A[125Cus was : ',date_format(created_at, '%b %D %Y')[4h,[4l[23Csr[4he[4lr[A[100C[4h [4l[22Cue[4hs[4le[A[101C[4hh[4l[21C[K s[4hu[4ls[A[102C[4hi[4l)[19CMu[4h [4lu[A[103C[4hs[4l[19CO [4hM[4l [A[104C[4h [4l[18CRM[4hO[4lM[A[105C[P[19COO[PM[A[105C[P[20CMM[P [A[104C[P)[20C  [Pu[A[103C[P[21C uu[Ps[A[102C[4h'[4l[21C[K s[4hu[4ls[A[102C[4hh[4l)[19CMu[4h [4lu[A[103C[4hi[4l[19CO [4hM[4l [A[104C[P[20CMM[P [A[104C[4he[4l[19CO [4hM[4l [A[104C[4hr[4l[18CRM[4hO[4lM[A[105C[4h/[4l[17CFO[4hR[4lO[A[106C[4hh[4l[16C[K R[4hF[4lR[A[107C[4hi[4l)[14C'F[4h [4lF[A[108C[4hs[4l[14Co [4h'[4l [A[109C[4h [4l[13Cf'[4ho[4l'[A[110C[4he[4l[12Cno[4hf[4lo[A[111C[4hm[4l[11Cif[4hn[4lf[A[112C[4ha[4l[10C[K n[4hi[4ln[A[113C[4hi[4[18CB [4hY[4l [A[105C[4ha[4l[17C[K Y[4hB[4lY[A[106C[4ht[4l [15CRB[4h [4lB[A[107C[4he[4l[15CE [4hR[4l [A[108C [4h [4l[13CDR[4hE[4lR[A[109C[4hi[4l[13CRE[4hD[4lE[A[110C[4hn[4l[12COD[4hR[4lD[A[111C[4hf[4l[11C[K R[4hO[4lR[A[112C[4ho[4l [9CsO[4h [4lO[A[113C[4hr[4l[9Cr [4hs[4l [A[114C [4h [4l[7Ces[4hr[4ls[A[115C[P[8Crr[Ps[A[115C[P[10Css[P [A[114C[10Cs 
ERROR 1064 (42000): You have an error in your SQL syntax; check the manual that corresponds to your MySQL server version for the right syntax to use near 'info FROM users ORDER BY 1 DESC LIMIT 1' at line 1
mysql> SELECT concat( 'The earliest date a user joined us was : ',date_format(created_at, '%b %D %Y')) as date info FROM users  ORDER BY 1 DESC LIMIT 1;[A[125C[4h'[4l[9Cr [4hs[4l [A[114C [4h'[4l[18Ces[4hr[4ls[A[105C[18Cer
+-------------------------------------------------------+
| date info                                             |
+-------------------------------------------------------+
| The earliest date a user joined us was : Sep 9th 2021 |
+-------------------------------------------------------+
1 row in set (0.00 sec)

mysql> SELECT concat( 'The earliest date a user joined us was : ',date_format(created_at, '%b %D %Y')) as 'date info' FROM use rs ORDER BY 1 DESC LIMIT 1;[A[125Cus was : ',date_format(created_at, '%b %D %Y')[4h,[4l[23Csr[4he[4lr[A[100C[4h [4l[22Cue[4hs[4le[A[101C[4hh[4l[21C[K s[4hu[4ls[A[102C[4hi[4l)[19CMu[4h [4lu[A[103C[4hs[4l[19CO [4hM[4l [A[104C[4h [4l[18CRM[4hO[4lM[A[105C[P[19COO[PM[A[105C[P[20CMM[P [A[104C[P)[20C  [Pu[A[103C[P[21C uu[Ps[A[102C[4h'[4l[21C[K s[4hu[4ls[A[102C[4hh[4l)[19CMu[4h [4lu[A[103C[4hi[4l[19CO [4hM[4l [A[104C[P[20CMM[P [A[104C[4he[4l[19CO [4hM[4l [A[104C[4hr[4l[18CRM[4hO[4lM[A[105C[4h/[4l[17CFO[4hR[4lO[A[106C[4hh[4l[16C[K R[4hF[4lR[A[107C[4hi[4l)[14C'F[4h [4lF[A[108C[4hs[4l[14Co [4h'[4l [A[109C[4h [4l[13Cf'[4ho[4l'[A[110C[4he[4l[12Cno[4hf[4lo[A[111C[4hm[4l[11Cif[4hn[4lf[A[112C[4ha[4l[10C[K n[4hi[4ln[A[113C[4hi[4l)[8Cei[4h [4li[A[114C[4hl[4l[8Ct [4he[4l [A[115C[4h [4l[7Cae[4ht[4le[A[116C[4hi[4l[6Cdt[4ha[4lt[A[117C[4hs[4l[5C'a[4hd[4la[A[118C[P[6Cdd[Pa[A[118C[P[7Caa[Pt[A[117C[4ha[4l[6Cdt[4ha[4lt[A[117C[4hd[4l[5C'a[4hd[4la[A[118C[4hd[4l) as[K d[4h'[4ld[A[119Cr) as'[4h [4l'[A[120Ce) a [125C[4hs[4l [A[121Cs)[K s[4ha[4ls[A[122Cs)a[4h [4la[A[123C[K  [4h)[4l [4hi[4l)[4hs[4l)[4h'[4l)[4h,[4l)[4h [4l)[4he[4l)[4hm[4l)[4ha[4l)[4hi[4l)[4hl[4l)) as 'date [4ha[4li[4hn[4li[4hd[4li[4h [4li[4he[4li[4hm[4li[4ha[4lii[4hi[4ln[4h [4li[Pi[4hl[4li[4h [4li
+----------------------------------------------------------------------------------------------------------+
| date and email info                                                                                      |
+----------------------------------------------------------------------------------------------------------+
| The earliest date a user joined us was : Sep 9th 2021her/his email address isOrlando_Zboncak53@gmail.com |
+----------------------------------------------------------------------------------------------------------+
1 row in set (0.00 sec)

mysql> SELECT concat( 'The earliest date a user joined us was : ',date_format(created_at, '%b %D %Y'), 'her/his email address  is', email) as 'date and email info' FROM users ORDER BY 1 DESC LIMIT 1;[4h [4l'', email[4h,[4l)[4h [4l)[4h'[4l)[4h.[4l)[4h'[4l)
+--------------------------------------------------------------